--------- beginning of system
01-01 00:00:02.579   248   248 I android.hardware.wifi@1.0-service: Wifi HAL started
01-01 00:00:02.593   412   412 I chatty  : uid=1000 system_server expire 8 lines
01-01 00:00:03.090   412   427 I chatty  : uid=1000(system) Binder:412_2 expire 1 line
01-01 00:00:03.099   412   412 V UserDataPreparer: Found /data/misc_ce/0 with serial number 0
01-01 00:00:03.100   412   412 D SystemServerTiming: MakePackageManagerServiceReady took to complete: 506ms
01-01 00:00:03.100   412   412 I SystemServer: MakeDisplayManagerServiceReady
01-01 00:00:03.100   412   412 D SystemServerTiming: MakeDisplayManagerServiceReady took to complete: 0ms
01-01 00:00:03.121   412   412 I ActivityManager: System now ready
01-01 00:00:03.151   412   412 I SystemServer: Making services ready
01-01 00:00:03.151   412   412 I SystemServer: StartActivityManagerReadyPhase
01-01 00:00:03.151   412   412 I SystemServiceManager: Starting phase 550
01-01 00:00:03.172   412   412 W ActivityManager: Unable to start service Intent { act=com.android.ITelecomService cmp=com.android.server.telecom/.components.TelecomService } U=0: not found
01-01 00:00:03.173   412   412 D BluetoothManagerService: Bluetooth boot completed
01-01 00:00:03.173   412   412 D BluetoothManagerService: Auto-enabling Bluetooth.
01-01 00:00:03.178   412   436 D BluetoothManagerService: MESSAGE_ENABLE(0): mBluetooth = null
01-01 00:00:03.297   412   436 W ActivityManager: Slow operation: 113ms so far, now at startProcess: returned from zygote!
01-01 00:00:03.297   412   436 W ActivityManager: Slow operation: 113ms so far, now at startProcess: done updating battery stats
01-01 00:00:03.297   412   436 W ActivityManager: Slow operation: 113ms so far, now at startProcess: building log message
01-01 00:00:03.298   412   436 I ActivityManager: Start proc 575:com.android.bluetooth/1002 for service com.android.bluetooth/.btservice.AdapterService
01-01 00:00:03.298   412   436 W ActivityManager: Slow operation: 113ms so far, now at startProcess: starting to update pids map
01-01 00:00:03.298   412   436 W ActivityManager: Slow operation: 113ms so far, now at startProcess: done updating pids map
01-01 00:00:03.298   412   436 W ActivityManager: Slow operation: 114ms so far, now at startProcess: done starting proc!
01-01 00:00:03.675   412   412 W ActivityManager: Slow operation: 51ms so far, now at startProcess: returned from zygote!
01-01 00:00:03.675   412   412 W ActivityManager: Slow operation: 52ms so far, now at startProcess: done updating battery stats
01-01 00:00:03.675   412   412 W ActivityManager: Slow operation: 52ms so far, now at startProcess: building log message
01-01 00:00:03.675   412   412 I ActivityManager: Start proc 593:com.android.inputmethod.latin/u0a31 for service com.android.inputmethod.latin/.LatinIME
01-01 00:00:03.675   412   412 W ActivityManager: Slow operation: 52ms so far, now at startProcess: starting to update pids map
01-01 00:00:03.675   412   412 W ActivityManager: Slow operation: 52ms so far, now at startProcess: done updating pids map
01-01 00:00:03.675   412   412 W ActivityManager: Slow operation: 76ms so far, now at startProcess: done starting proc!
01-01 00:00:03.684   412   412 W SystemServiceManager: Service com.android.server.InputMethodManagerService$Lifecycle took 493 ms in onBootPhase
01-01 00:00:03.684   412   487 D StorageManagerService: Thinking about init, mSystemReady=true, mDaemonConnected=true
01-01 00:00:03.684   412   487 D StorageManagerService: Setting up emulation state, initlocked=false
01-01 00:00:03.685   412   487 D CryptdConnector: SND -> {2 cryptfs unlock_user_key 0 0 ! !}
01-01 00:00:03.698   220   229 D vold    : e4crypt_unlock_user_key 0 serial=0 token_present=0
01-01 00:00:03.702   412   489 D CryptdConnector: RCV <- {200 2 Command succeeded}
01-01 00:00:03.702   412   487 D StorageManagerService: Thinking about reset, mSystemReady=true, mDaemonConnected=true
01-01 00:00:03.703   412   487 D VoldConnector: SND -> {3 volume reset}
01-01 00:00:03.706   412   488 D VoldConnector: RCV <- {651 emulated 7}
01-01 00:00:03.706   412   488 D VoldConnector: RCV <- {659 emulated}
01-01 00:00:03.706   412   488 D VoldConnector: RCV <- {650 emulated 2 "" ""}
01-01 00:00:03.707   412   430 I ActivityManager: Force stopping com.android.providers.media appid=10008 user=-1: vold reset
01-01 00:00:03.707   412   488 D VoldConnector: RCV <- {651 emulated 0}
01-01 00:00:03.709   412   488 D VoldConnector: RCV <- {200 3 Command succeeded}
01-01 00:00:03.710   412   487 D VoldConnector: SND -> {4 volume user_added 0 0}
01-01 00:00:03.715   412   435 V StorageManagerService: Found primary storage at VolumeInfo{emulated}:
01-01 00:00:03.715   412   435 V StorageManagerService:     type=EMULATED diskId=null partGuid=null mountFlags=0 mountUserId=-1 
01-01 00:00:03.715   412   435 V StorageManagerService:     state=UNMOUNTED 
01-01 00:00:03.715   412   435 V StorageManagerService:     fsType=null fsUuid=null fsLabel=null 
01-01 00:00:03.715   412   435 V StorageManagerService:     path=null internalPath=null 
01-01 00:00:03.716   412   488 D VoldConnector: RCV <- {200 4 Command succeeded}
01-01 00:00:03.719   412   487 D VoldConnector: SND -> {5 volume mount emulated 3 -1}
01-01 00:00:03.720   412   488 D VoldConnector: RCV <- {651 emulated 1}
01-01 00:00:03.721   412   488 D VoldConnector: RCV <- {656 emulated /data/media}
01-01 00:00:03.721   412   488 D VoldConnector: RCV <- {655 emulated /storage/emulated}
01-01 00:00:03.731   412   412 D UsbAlsaManager: Adding ALSA device AlsaDevice: [card: 0, device: 0, type: 1]
01-01 00:00:03.732   412   412 D UsbAlsaManager: Adding ALSA device AlsaDevice: [card: 1, device: 0, type: 1]
01-01 00:00:03.732   412   412 D UsbAlsaManager: Adding ALSA device AlsaDevice: [card: 0, device: 0, type: 2]
01-01 00:00:03.732   412   412 D UsbAlsaManager: Adding ALSA device AlsaDevice: [card: 1, device: 0, type: 2]
01-01 00:00:03.736   412   507 D BluetoothManagerService: Creating new ProfileServiceConnections object for profile: 1
01-01 00:00:03.779   412   435 D UsbDeviceManager: push notification:USB charging this device
01-01 00:00:03.784   412   412 W SystemServiceManager: Service com.android.server.usb.UsbService$Lifecycle took 68 ms in onBootPhase
01-01 00:00:03.784   412   412 D SystemServerTiming: StartActivityManagerReadyPhase took to complete: 633ms
01-01 00:00:03.784   412   412 I SystemServer: StartObservingNativeCrashes
01-01 00:00:03.785   412   484 E UsbPortManager: port status enquiry failed
01-01 00:00:03.797   412   412 D SystemServerTiming: StartObservingNativeCrashes took to complete: 12ms
01-01 00:00:03.798   412   428 D SystemServerInitThreadPool: Started executing WebViewFactoryPreparation
01-01 00:00:03.798   412   428 I SystemServer: WebViewFactoryPreparation
01-01 00:00:03.799   412   412 I SystemServer: StartSystemUI
01-01 00:00:03.800   412   412 W ActivityManager: Unable to start service Intent { flg=0x100 cmp=com.android.systemui/.SystemUIService } U=0: not found
01-01 00:00:03.868   220   228 V vold    : Waiting for FUSE to spin up...
01-01 00:00:03.921   220   228 V vold    : Waiting for FUSE to spin up...
01-01 00:00:03.969   412   412 W ActivityManager: Slow operation: 167ms so far, now at startProcess: returned from zygote!
01-01 00:00:03.969   412   412 W ActivityManager: Slow operation: 167ms so far, now at startProcess: done updating battery stats
01-01 00:00:03.971   220   228 V vold    : Waiting for FUSE to spin up...
01-01 00:00:03.976   412   412 W ActivityManager: Slow operation: 174ms so far, now at startProcess: building log message
01-01 00:00:03.976   412   412 I ActivityManager: Start proc 604:com.android.iot.systemui/u0a9 for service com.android.iot.systemui/.keyguard.KeyguardService
01-01 00:00:03.976   412   412 W ActivityManager: Slow operation: 174ms so far, now at startProcess: starting to update pids map
01-01 00:00:03.976   412   412 W ActivityManager: Slow operation: 174ms so far, now at startProcess: done updating pids map
01-01 00:00:03.977   412   412 W ActivityManager: Slow operation: 175ms so far, now at startProcess: done starting proc!
01-01 00:00:03.977   412   412 D SystemServerTiming: StartSystemUI took to complete: 177ms
01-01 00:00:03.977   412   412 I SystemServer: MakeNetworkScoreReady
01-01 00:00:03.978   412   412 D SystemServerTiming: MakeNetworkScoreReady took to complete: 1ms
01-01 00:00:03.978   412   412 I SystemServer: MakeNetworkManagementServiceReady
01-01 00:00:03.979   412   412 D NetworkManagement: enabling bandwidth control
01-01 00:00:04.021   220   228 V vold    : Waiting for FUSE to spin up...
01-01 00:00:04.273   220   228 I chatty  : uid=0(root) /system/bin/vold identical 5 lines
01-01 00:00:04.324   220   228 V vold    : Waiting for FUSE to spin up...
01-01 00:00:04.375   412   488 D VoldConnector: RCV <- {651 emulated 2}
01-01 00:00:04.376   412   488 D VoldConnector: RCV <- {200 5 Command succeeded}
01-01 00:00:04.377   412   487 E VoldConnector: NDC Command {5 volume mount emulated 3 -1} took too long (657ms)
01-01 00:00:04.443   412   428 W ActivityManager: Slow operation: 464ms so far, now at startProcess: returned from zygote!
01-01 00:00:04.443   412   428 W ActivityManager: Slow operation: 464ms so far, now at startProcess: done updating battery stats
01-01 00:00:04.443   412   428 W ActivityManager: Slow operation: 464ms so far, now at startProcess: building log message
01-01 00:00:04.443   412   428 I ActivityManager: Start proc 621:WebViewLoader-armeabi-v7a/1037 [android.webkit.WebViewLibraryLoader$RelroFileCreator] for 
01-01 00:00:04.444   412   428 W ActivityManager: Slow operation: 464ms so far, now at startProcess: starting to update pids map
01-01 00:00:04.444   412   428 W ActivityManager: Slow operation: 464ms so far, now at startProcess: done updating pids map
01-01 00:00:04.444   412   428 W ActivityManager: Slow operation: 464ms so far, now at startProcess: done starting proc!
01-01 00:00:04.458   412   428 D SystemServerTimingAsync: WebViewFactoryPreparation took to complete: 659ms
01-01 00:00:04.458   412   428 D SystemServerInitThreadPool: Finished executing WebViewFactoryPreparation
01-01 00:00:04.624   269   269 I wificond: create scanner for interface with index: 4
01-01 00:00:04.624   269   269 I wificond: subscribe scan result for interface with index: 4
01-01 00:00:04.639   269   269 E wificond: No Offload Service available
01-01 00:00:04.639   269   269 I wificond: Offload HAL not supported 
01-01 00:00:04.733   412   412 D SystemServerTiming: MakeNetworkManagementServiceReady took to complete: 755ms
01-01 00:00:04.733   412   412 I SystemServer: MakeNetworkStatsServiceReady
01-01 00:00:04.894   412   492 D NetworkPolicy: setRestrictBackgroundUL(): false
01-01 00:00:05.131   412   412 D SystemServerTiming: MakeNetworkStatsServiceReady took to complete: 398ms
01-01 00:00:05.132   412   412 I SystemServer: MakeConnectivityServiceReady
01-01 00:00:05.279   412   412 D SystemServerTiming: MakeConnectivityServiceReady took to complete: 148ms
01-01 00:00:05.279   412   412 I SystemServer: MakeNetworkPolicyServiceReady
01-01 00:00:05.828   412   412 D SystemServerTiming: MakeNetworkPolicyServiceReady took to complete: 549ms
01-01 00:00:05.836   412   412 I SystemServer: StartWatchdog
01-01 00:00:05.840   412   412 D SystemServerTiming: StartWatchdog took to complete: 3ms
01-01 00:00:05.845   412   412 I SystemServer: PhaseThirdPartyAppsCanStart
01-01 00:00:05.845   412   412 I SystemServiceManager: Starting phase 600
01-01 00:00:06.003   412   412 W SystemServiceManager: Service com.android.server.notification.NotificationManagerService took 101 ms in onBootPhase
01-01 00:00:06.006   412   412 V WallpaperManagerService: bindWallpaperComponentLocked: componentName=ComponentInfo{com.android.iot.systemui/com.android.iot.systemui.wallpaper.IoTWallpaper}
01-01 00:00:06.132   412   412 W SystemServiceManager: Service com.android.server.wallpaper.WallpaperManagerService$Lifecycle took 129 ms in onBootPhase
01-01 00:00:06.184   412   436 E BluetoothManagerService: MESSAGE_TIMEOUT_BIND
01-01 00:00:06.496   412   412 W SystemServiceManager: Service com.android.server.emergency.EmergencyAffordanceService took 281 ms in onBootPhase
01-01 00:00:06.528   412   412 D SystemServerTiming: PhaseThirdPartyAppsCanStart took to complete: 682ms
01-01 00:00:06.528   412   412 I SystemServer: MakeLocationServiceReady
01-01 00:00:06.635   412   433 E BatteryExternalStatsWorker: no controller energy info supplied for telephony
01-01 00:00:06.888   412   412 W LocationProviderProxy-network: Odd, no component found for service com.android.location.service.v3.NetworkLocationProvider
01-01 00:00:06.918   412   412 W GeocoderProxy: Odd, no component found for service com.android.location.service.GeocodeProvider
01-01 00:00:06.920   412   412 D LocationManagerService: FLP HAL not supported
01-01 00:00:06.960   412   412 W GeofenceProxy: Odd, no component found for service com.android.location.service.GeofenceProvider
01-01 00:00:06.969   412   412 D LocationManagerService: Hardware Activity-Recognition not supported.
01-01 00:00:06.971   412   412 W ActivityRecognitionProxy: Odd, no component found for service com.android.location.service.ActivityRecognitionProvider
01-01 00:00:06.980   593   723 E ActivityThread: Failed to find provider info for user_dictionary
01-01 00:00:06.988   412   412 D SystemServerTiming: MakeLocationServiceReady took to complete: 460ms
01-01 00:00:06.989   412   412 I SystemServer: MakeCountryDetectionServiceReady
01-01 00:00:06.990   412   412 D SystemServerTiming: MakeCountryDetectionServiceReady took to complete: 0ms
01-01 00:00:06.992   412   412 I SystemServer: MakeNetworkTimeUpdateReady
01-01 00:00:07.060   412   412 D ConnectivityService: requestNetwork for uid/pid:1000/412 NetworkRequest [ TRACK_DEFAULT id=7, [ Capabilities: INTERNET&NOT_RESTRICTED&TRUSTED&NOT_VPN] ]
01-01 00:00:07.061   412   412 D SystemServerTiming: MakeNetworkTimeUpdateReady took to complete: 68ms
01-01 00:00:07.061   412   412 I SystemServer: MakeCommonTimeManagementServiceReady
01-01 00:00:07.062   412   412 D SystemServerTiming: MakeCommonTimeManagementServiceReady took to complete: 1ms
01-01 00:00:07.062   412   412 I SystemServer: MakeInputManagerServiceReady
01-01 00:00:07.081   412   412 D SystemServerTiming: MakeInputManagerServiceReady took to complete: 19ms
01-01 00:00:07.081   412   412 I SystemServer: MakeTelephonyRegistryReady
01-01 00:00:07.082   412   412 D SystemServerTiming: MakeTelephonyRegistryReady took to complete: 1ms
01-01 00:00:07.082   412   412 I SystemServer: MakeMediaRouterServiceReady
01-01 00:00:07.091   412   412 D SystemServerTiming: MakeMediaRouterServiceReady took to complete: 9ms
01-01 00:00:07.092   412   412 I SystemServer: MakeMmsServiceReady
01-01 00:00:07.092   412   412 I MmsServiceBroker: Delay connecting to MmsService until an API is called
01-01 00:00:07.092   412   412 D SystemServerTiming: MakeMmsServiceReady took to complete: 1ms
01-01 00:00:07.093   412   412 I SystemServer: MakeNetworkScoreServiceReady
01-01 00:00:07.093   412   412 D SystemServerTiming: MakeNetworkScoreServiceReady took to complete: 0ms
01-01 00:00:07.093   412   412 I SystemServer: IncidentDaemonReady
01-01 00:00:07.130   412   412 D SystemServerTiming: IncidentDaemonReady took to complete: 36ms
01-01 00:00:07.131   412   412 I SystemServiceManager: Calling onStartUser u0
01-01 00:00:07.160   412   412 W VoiceInteractionManagerService: no available voice recognition services found for user 0
01-01 00:00:07.209   412   412 I ActivityManager: START u0 {act=android.intent.action.MAIN cat=[android.intent.category.HOME] flg=0x10000100 cmp=com.google.android.things.internal.devicemanagement/com.google.android.things.internal.FallbackHome} from uid 0
01-01 00:00:07.262   412   412 I ActivityManager: Loaded persisted task ids for user 0
01-01 00:00:07.399   412   412 D SystemServerTiming: ActivityManagerStartApps took to complete: 269ms
01-01 00:00:07.399   412   412 D SystemServerTiming: PhaseActivityManagerReady took to complete: 4298ms
01-01 00:00:07.430   412   412 D SystemServerInitThreadPool: Shutdown successful
01-01 00:00:07.430   412   412 D SystemServerTiming: StartIoTSystemService took to complete: 5625ms
01-01 00:00:07.441   412   412 I SystemServer: Enabled StrictMode for system server main thread.
01-01 00:00:07.497   412   429 W LocationProviderProxy-network: Odd, no component found for service com.android.location.service.v3.NetworkLocationProvider
01-01 00:00:07.498   412   412 D ConditionProviders.SCP: onConnected
01-01 00:00:07.501   412   412 D ZenLog  : set_zen_mode: off,readXml
01-01 00:00:07.530   412   429 W GeocoderProxy: Odd, no component found for service com.android.location.service.GeocodeProvider
01-01 00:00:07.546   412   429 W GeofenceProxy: Odd, no component found for service com.android.location.service.GeofenceProvider
01-01 00:00:07.551   412   412 D ConditionProviders: Subscribing to condition://android/event?userId=-10000&calendar=&reply=1 with ComponentInfo{android/com.android.server.notification.EventConditionProvider}
01-01 00:00:07.551   412   412 D ZenLog  : subscribe: condition://android/event?userId=-10000&calendar=&reply=1,ok
01-01 00:00:07.551   412   412 D ConditionProviders: Subscribing to condition://android/schedule?days=1.2.3.4.5&start=22.0&end=7.0&exitAtAlarm=false with ComponentInfo{android/com.android.server.notification.ScheduleConditionProvider}
01-01 00:00:07.551   412   412 D ZenLog  : subscribe: condition://android/schedule?days=1.2.3.4.5&start=22.0&end=7.0&exitAtAlarm=false,ok
01-01 00:00:07.552   412   412 D ConditionProviders: Subscribing to condition://android/schedule?days=6.7&start=23.30&end=10.0&exitAtAlarm=false with ComponentInfo{android/com.android.server.notification.ScheduleConditionProvider}
01-01 00:00:07.552   412   412 D ZenLog  : subscribe: condition://android/schedule?days=6.7&start=23.30&end=10.0&exitAtAlarm=false,ok
01-01 00:00:07.558   412   429 W ActivityRecognitionProxy: Odd, no component found for service com.android.location.service.ActivityRecognitionProvider
01-01 00:00:07.672   412   412 D ZenLog  : set_zen_mode: off,cleanUpZenRules
01-01 00:00:07.722   412   412 W ContextImpl: Calling a method in the system process without a qualified user: android.app.ContextImpl.startService:1476 com.android.server.content.SyncManager$13.run:722 android.os.Handler.handleCallback:790 android.os.Handler.dispatchMessage:99 android.os.Looper.loop:164 
01-01 00:00:07.780   412   412 D BluetoothManagerService: BluetoothServiceConnection: com.android.bluetooth.btservice.AdapterService
01-01 00:00:07.781   412   436 D BluetoothManagerService: MESSAGE_BLUETOOTH_SERVICE_CONNECTED: 1
01-01 00:00:07.832   412   436 D BluetoothManagerService: Broadcasting onBluetoothServiceUp() to 3 receivers.
01-01 00:00:07.930   412   436 D BluetoothManagerService: MESSAGE_BLUETOOTH_STATE_CHANGE: OFF > BLE_TURNING_ON
01-01 00:00:07.930   412   436 D BluetoothManagerService: Sending BLE State Change: OFF > BLE_TURNING_ON
01-01 00:00:08.460   412   412 V WiredAccessoryManager: init()
01-01 00:00:08.471   593   723 E ActivityThread: Failed to find provider info for user_dictionary
01-01 00:00:08.934   412   412 D ConditionProviders.SCP: onSubscribe condition://android/schedule?days=1.2.3.4.5&start=22.0&end=7.0&exitAtAlarm=false
01-01 00:00:08.952   412   412 D ConditionProviders.SCP: setRegistered true
01-01 00:00:08.954   412   412 D ConditionProviders.SCP: notifyCondition condition://android/schedule?days=1.2.3.4.5&start=22.0&end=7.0&exitAtAlarm=false STATE_TRUE reason=meetsSchedule
01-01 00:00:09.002   412   505 E ActivityThread: Failed to find provider info for com.android.calendar
01-01 00:00:09.041   412   505 E ActivityThread: Failed to find provider info for com.android.calendar
01-01 00:00:09.373   412   412 D ConditionProviders.SCP: Scheduling evaluate for Thu Jan 01 07:00:00 GMT+00:00 2009 (1230793200000), in +6h59m51s54ms, now=Thu Jan 01 00:00:08 GMT+00:00 2009 (1230768008946)
01-01 00:00:09.374   412   412 D ConditionProviders.SCP: onSubscribe condition://android/schedule?days=6.7&start=23.30&end=10.0&exitAtAlarm=false
01-01 00:00:09.375   412   412 D ConditionProviders.SCP: notifyCondition condition://android/schedule?days=6.7&start=23.30&end=10.0&exitAtAlarm=false STATE_FALSE reason=!meetsSchedule
01-01 00:00:09.377   412   412 D ConditionProviders.SCP: notifyCondition condition://android/schedule?days=1.2.3.4.5&start=22.0&end=7.0&exitAtAlarm=false STATE_TRUE reason=meetsSchedule
01-01 00:00:09.378   412   412 D ConditionProviders.SCP: Scheduling evaluate for Thu Jan 01 07:00:00 GMT+00:00 2009 (1230793200000), in +6h59m50s625ms, now=Thu Jan 01 00:00:09 GMT+00:00 2009 (1230768009375)
01-01 00:00:09.395   412   429 I SyncManager: Got SyncJobService instance.
01-01 00:00:10.359   412   437 I WindowManager: ******* TELLING SURFACE FLINGER WE ARE BOOTED!
01-01 00:00:10.373   412   437 I SystemServiceManager: Starting phase 1000
01-01 00:00:10.435   412   437 D ActivityManager: Finishing user boot 0
01-01 00:00:10.443   412   437 I ActivityManager: User 0 state changed from BOOTING to RUNNING_LOCKED
01-01 00:00:10.490   412   437 D StorageManagerService: Setting property: sys.user.0.ce_available=true
01-01 00:00:10.599   412   437 I ActivityManager: User 0 state changed from RUNNING_LOCKED to RUNNING_UNLOCKING
01-01 00:00:10.611   412   437 D CryptdConnector: SND -> {3 cryptfs prepare_user_storage ! 0 0 2}
01-01 00:00:10.626   220   229 D vold    : e4crypt_prepare_user_storage for volume null, user 0, serial 0, flags 2
01-01 00:00:10.627   220   229 D vold    : Preparing: /data/system_ce/0
01-01 00:00:10.627   220   229 D vold    : Preparing: /data/misc_ce/0
01-01 00:00:10.627   220   229 D vold    : Preparing: /data/media/0
01-01 00:00:10.631   220   229 D vold    : Preparing: /data/data
01-01 00:00:10.641   412   489 D CryptdConnector: RCV <- {200 3 Command succeeded}
01-01 00:00:10.663   412   437 V UserDataPreparer: Found /data/user/0 with serial number 0
01-01 00:00:10.664   412   437 V UserDataPreparer: Found /data/system_ce/0 with serial number 0
01-01 00:00:10.669   412   437 V PackageManager: reconcileAppsData for null u0 0x2 migrateAppData=false
01-01 00:00:10.993   412   437 V PackageManager: reconcileAppsData finished 59 packages
01-01 00:00:10.998   412   430 I SystemServiceManager: Calling onUnlockUser u0
01-01 00:00:11.001   412   412 D BluetoothManagerService: Bluetooth Adapter address changed to 22:22:16:EA:8D:4B
01-01 00:00:11.002   412   412 D BluetoothManagerService: Stored Bluetoothaddress: 22:22:16:EA:8D:4B
01-01 00:00:11.046   412   430 D BluetoothManagerService: User 0 unlocked
01-01 00:00:11.047   412   430 D StorageManagerService: onUnlockUser 0
01-01 00:00:11.047   412   436 D BluetoothManagerService: MESSAGE_USER_UNLOCKED
01-01 00:00:11.047   412   430 D VoldConnector: SND -> {6 volume user_started 0}
01-01 00:00:11.048   220   228 D vold    : Linking /storage/emulated/0 to /mnt/user/0/primary
01-01 00:00:11.049   412   488 D VoldConnector: RCV <- {200 6 Command succeeded}
01-01 00:00:11.065   412   487 D StorageManagerService: Volume emulated broadcasting mounted to UserHandle{0}
01-01 00:00:11.087   412   412 W ActivityManager: Slow operation: 75ms so far, now at startProcess: returned from zygote!
01-01 00:00:11.090   412   412 W ActivityManager: Slow operation: 79ms so far, now at startProcess: done updating battery stats
01-01 00:00:11.091   412   412 W ActivityManager: Slow operation: 80ms so far, now at startProcess: building log message
01-01 00:00:11.091   412   412 I ActivityManager: Start proc 790:com.android.deskclock/u0a26 for broadcast com.android.deskclock/.AlarmInitReceiver
01-01 00:00:11.091   412   412 W ActivityManager: Slow operation: 80ms so far, now at startProcess: starting to update pids map
01-01 00:00:11.091   412   412 W ActivityManager: Slow operation: 80ms so far, now at startProcess: done updating pids map
01-01 00:00:11.091   412   412 W ActivityManager: Slow operation: 81ms so far, now at startProcess: done starting proc!
01-01 00:00:11.140   412   499 D ConnectivityService: Got NetworkFactory Messenger for WIFI
01-01 00:00:11.150   412   499 D ConnectivityService: Got NetworkFactory Messenger for WIFI_UT
01-01 00:00:11.225   412   436 D BluetoothManagerService: MESSAGE_BLUETOOTH_STATE_CHANGE: BLE_TURNING_ON > BLE_ON
01-01 00:00:11.225   412   436 D BluetoothManagerService: Bluetooth is in LE only mode
01-01 00:00:11.225   412   436 D BluetoothManagerService: Binding Bluetooth GATT service
01-01 00:00:11.232   412   436 D BluetoothManagerService: Sending BLE State Change: BLE_TURNING_ON > BLE_ON
01-01 00:00:11.259   412   430 W SystemServiceManager: Service com.android.server.TextServicesManagerService$Lifecycle took 192 ms in onUnlockUser 
01-01 00:00:11.294   412   430 W VoiceInteractionManagerService: no available voice recognition services found for user 0
01-01 00:00:11.295   412   430 I ActivityManager: Loading recents for user 0 into memory.
01-01 00:00:11.361   412   430 I ActivityManager: User 0 state changed from RUNNING_UNLOCKING to RUNNING_UNLOCKED
01-01 00:00:11.362   412   430 I ActivityManager: Sending BOOT_COMPLETE user #0
01-01 00:00:11.437   412   427 I ActivityManager: START u0 {act=android.intent.action.MAIN cat=[android.intent.category.HOME] flg=0x10000100 cmp=com.android.iotlauncher.ota/com.android.iotlauncher.DefaultIoTLauncher} from uid 0
01-01 00:00:11.526   412   412 D BluetoothManagerService: BluetoothServiceConnection: com.android.bluetooth.gatt.GattService
01-01 00:00:11.527   412   436 D BluetoothManagerService: MESSAGE_BLUETOOTH_SERVICE_CONNECTED: 2
01-01 00:00:11.528   412   436 D BluetoothManagerService: BluetoothGatt Service is Up
01-01 00:00:11.533   412   436 D BluetoothManagerService: Persisting Bluetooth Setting: 1
01-01 00:00:11.534   412   436 D BluetoothManagerService: MESSAGE_BLUETOOTH_STATE_CHANGE: BLE_ON > TURNING_ON
01-01 00:00:11.534   412   436 D BluetoothManagerService: Sending BLE State Change: BLE_ON > TURNING_ON
01-01 00:00:11.623   412   427 I ActivityManager: Start proc 824:com.android.iotlauncher.ota/u0a36 for activity com.android.iotlauncher.ota/com.android.iotlauncher.DefaultIoTLauncher
01-01 00:00:11.658   412   412 D BluetoothManagerService: Bluetooth Adapter name changed to Android Things device
01-01 00:00:11.659   412   412 D BluetoothManagerService: Stored Bluetooth name: Android Things device
01-01 00:00:12.013   412   429 W ActivityManager: Slow operation: 69ms so far, now at startProcess: returned from zygote!
01-01 00:00:12.013   412   429 W ActivityManager: Slow operation: 69ms so far, now at startProcess: done updating battery stats
01-01 00:00:12.019   412   429 W ActivityManager: Slow operation: 69ms so far, now at startProcess: building log message
01-01 00:00:12.019   412   429 I ActivityManager: Start proc 850:com.android.keychain/1000 for service com.android.keychain/.KeyChainService
01-01 00:00:12.019   412   429 W ActivityManager: Slow operation: 75ms so far, now at startProcess: starting to update pids map
01-01 00:00:12.019   412   429 W ActivityManager: Slow operation: 75ms so far, now at startProcess: done updating pids map
01-01 00:00:12.019   412   429 W ActivityManager: Slow operation: 75ms so far, now at startProcess: done starting proc!
01-01 00:00:12.283   412   571 I ActivityManager: Start proc 880:android.process.acore/u0a1 for content provider com.android.providers.contacts/.CallLogProvider
01-01 00:00:12.352   412   462 W ActivityManager: Slow operation: 66ms so far, now at startProcess: returned from zygote!
01-01 00:00:12.352   412   462 W ActivityManager: Slow operation: 67ms so far, now at startProcess: done updating battery stats
01-01 00:00:12.352   412   462 W ActivityManager: Slow operation: 67ms so far, now at startProcess: building log message
01-01 00:00:12.352   412   462 I ActivityManager: Start proc 894:android.process.media/u0a8 for broadcast com.android.providers.downloads/.DownloadReceiver
01-01 00:00:12.352   412   462 W ActivityManager: Slow operation: 67ms so far, now at startProcess: starting to update pids map
01-01 00:00:12.352   412   462 W ActivityManager: Slow operation: 67ms so far, now at startProcess: done updating pids map
01-01 00:00:12.352   412   462 W ActivityManager: Slow operation: 68ms so far, now at startProcess: done starting proc!
01-01 00:00:12.514   412   429 I ActivityManager: Start proc 913:com.google.android.gms.persistent/u0a10 for service com.google.android.gms/com.google.android.location.network.NetworkLocationService
01-01 00:00:12.694   412   429 I SyncManager: Loaded persisted syncs: 0 periodic syncs, 0 oneshot syncs, 6 total system server jobs, JobStats: FirstLoad: 0/0/0 LastSave: -1/-1/-1
01-01 00:00:12.963   412   462 W ActivityManager: Slow operation: 56ms so far, now at startProcess: returned from zygote!
01-01 00:00:12.963   412   462 W ActivityManager: Slow operation: 57ms so far, now at startProcess: done updating battery stats
01-01 00:00:12.963   412   462 W ActivityManager: Slow operation: 57ms so far, now at startProcess: building log message
01-01 00:00:12.963   412   462 I ActivityManager: Start proc 940:com.google.android.gms.nearby.connection/u0a10 for service com.google.android.gms/.nearby.connection.service.NearbyConnectionsAndroidService
01-01 00:00:12.963   412   462 W ActivityManager: Slow operation: 57ms so far, now at startProcess: starting to update pids map
01-01 00:00:12.963   412   462 W ActivityManager: Slow operation: 57ms so far, now at startProcess: done updating pids map
01-01 00:00:12.963   412   462 W ActivityManager: Slow operation: 57ms so far, now at startProcess: done starting proc!
01-01 00:00:12.974   412   462 D WifiService: setWifiEnabled: true pid=824, uid=10036, package=com.android.iotlauncher.ota
01-01 00:00:13.450   412   436 D BluetoothManagerService: MESSAGE_BLUETOOTH_STATE_CHANGE: TURNING_ON > ON
01-01 00:00:13.450   412   436 D BluetoothManagerService: Broadcasting onBluetoothStateChange(true) to 17 receivers.
01-01 00:00:13.458   412   436 D BluetoothManagerService: Sending BLE State Change: TURNING_ON > ON
01-01 00:00:13.571   412   848 I ActivityManager: Start proc 970:com.google.process.gservices/u0a10 for content provider com.google.android.gsf/.gservices.GservicesProvider
01-01 00:00:13.883   412   412 I ActivityManager: Start proc 998:com.google.android.things.customcheckin/1000 for broadcast com.google.android.things.customcheckin/.BootReceiver
01-01 00:00:13.910   412   997 I BootReceiver: Copying audit failures to DropBox
01-01 00:00:13.911   412   997 I BootReceiver: Checking for fsck errors
01-01 00:00:13.916   412   997 I BootReceiver: fs_stat, partition:vendor_a stat:0x1
01-01 00:00:13.918   412   997 I BootReceiver: fs_stat, partition:userdata stat:0xb
01-01 00:00:13.921   412   997 I BootReceiver: fs_stat, partition:oem_a stat:0x3
01-01 00:00:14.503   412   426 I ActivityManager: Start proc 1023:com.android.managedprovisioning/u0a11 for broadcast com.android.managedprovisioning/.preprovisioning.BootReminder
01-01 00:00:14.998   412   848 I ActivityManager: Start proc 1045:com.android.onetimeinitializer/u0a12 for broadcast com.android.onetimeinitializer/.OneTimeInitializerReceiver
01-01 00:00:15.314   412   462 I ActivityManager: Start proc 1066:com.google.process.gapps/u0a10 for content provider com.google.android.gsf/.settings.GoogleSettingsProvider
01-01 00:00:15.361   412   848 I ActivityManager: Start proc 1074:com.android.packageinstaller/u0a14 for broadcast com.android.packageinstaller/.TemporaryFileManager
01-01 00:00:15.570   412   848 W ActivityManager: Slow operation: 71ms so far, now at attachApplicationLocked: after sendPendingBroadcastsLocked
01-01 00:00:15.944   412   848 W ActivityManager: Slow operation: 124ms so far, now at startProcess: returned from zygote!
01-01 00:00:15.944   412   848 W ActivityManager: Slow operation: 125ms so far, now at startProcess: done updating battery stats
01-01 00:00:15.944   412   848 W ActivityManager: Slow operation: 125ms so far, now at startProcess: building log message
01-01 00:00:15.944   412   848 I ActivityManager: Start proc 1102:com.android.providers.calendar/u0a3 for broadcast com.android.providers.calendar/.CalendarReceiver
01-01 00:00:15.944   412   848 W ActivityManager: Slow operation: 125ms so far, now at startProcess: starting to update pids map
01-01 00:00:15.944   412   848 W ActivityManager: Slow operation: 125ms so far, now at startProcess: done updating pids map
01-01 00:00:15.945   412   848 W ActivityManager: Slow operation: 125ms so far, now at startProcess: done starting proc!
01-01 00:00:17.495   412   571 W ActivityManager: Slow operation: 60ms so far, now at startProcess: returned from zygote!
01-01 00:00:17.495   412   571 W ActivityManager: Slow operation: 60ms so far, now at startProcess: done updating battery stats
01-01 00:00:17.496   412   571 W ActivityManager: Slow operation: 60ms so far, now at startProcess: building log message
01-01 00:00:17.496   412   571 I ActivityManager: Start proc 1145:com.google.android.gms/u0a10 for service com.google.android.gms/.chimera.GmsIntentOperationService
01-01 00:00:17.496   412   571 W ActivityManager: Slow operation: 60ms so far, now at startProcess: starting to update pids map
01-01 00:00:17.496   412   571 W ActivityManager: Slow operation: 61ms so far, now at startProcess: done updating pids map
01-01 00:00:17.496   412   571 W ActivityManager: Slow operation: 61ms so far, now at startProcess: done starting proc!
01-01 00:00:17.680   412   571 W ActivityManager: Slow operation: 155ms so far, now at startProcess: returned from zygote!
01-01 00:00:17.680   412   571 W ActivityManager: Slow operation: 156ms so far, now at startProcess: done updating battery stats
01-01 00:00:17.680   412   571 W ActivityManager: Slow operation: 156ms so far, now at startProcess: building log message
01-01 00:00:17.680   412   571 I ActivityManager: Start proc 1157:com.google.android.iot.batterycontrolservice/1000 for broadcast com.google.android.iot.batterycontrolservice/.ServiceBootReceiver
01-01 00:00:17.680   412   571 W ActivityManager: Slow operation: 156ms so far, now at startProcess: starting to update pids map
01-01 00:00:17.680   412   571 W ActivityManager: Slow operation: 156ms so far, now at startProcess: done updating pids map
01-01 00:00:17.681   412   571 W ActivityManager: Slow operation: 156ms so far, now at startProcess: done starting proc!
01-01 00:00:18.102  1157  1157 W ContextImpl: Calling a method in the system process without a qualified user: android.app.ContextImpl.startService:1476 android.content.ContextWrapper.startService:650 android.content.ContextWrapper.startService:650 com.google.android.iot.batterycontrolservice.ServiceBootReceiver.onReceive:28 android.app.ActivityThread.handleReceiver:3187 
01-01 00:00:18.141   412   426 I ActivityManager: Start proc 1184:com.google.android.things.checkin/1000 for broadcast com.google.android.things.checkin/.BootReceiver
01-01 00:00:18.529   412   426 I ActivityManager: Finished processing BOOT_COMPLETED for u0
01-01 00:00:18.803   412   412 D BluetoothManagerService: Bluetooth Adapter name changed to ImNBMG-b-akAAAAAAAAAg0FRQUFBQUFBQUFBQkFBRUJBQUI0eHhwcExrMVlOMFFnTFNCRVpYWmxiRzl3YldWdWRDQkNiMkZ5WkFBQUFBQUFBQUFBQUFBQUFBQUFBQUFBQUFBQUFBQUFBQUFBQUFBQUFBQUFBQUFBQUFBQUFBQUFBQUFBQUFBQUFBQUFBQUFBQUFB
01-01 00:00:18.804   412   412 D BluetoothManagerService: Stored Bluetooth name: ImNBMG-b-akAAAAAAAAAg0FRQUFBQUFBQUFBQkFBRUJBQUI0eHhwcExrMVlOMFFnTFNCRVpYWmxiRzl3YldWdWRDQkNiMkZ5WkFBQUFBQUFBQUFBQUFBQUFBQUFBQUFBQUFBQUFBQUFBQUFBQUFBQUFBQUFBQUFBQUFBQUFBQUFBQUFBQUFBQUFBQUFBQUFBQUFB
01-01 00:00:24.475   913   913 E ActivityThread: Failed to find provider info for com.google.android.gms.common.phenotype
01-01 00:00:25.148   412   848 W ActivityManager: Slow operation: 103ms so far, now at startProcess: returned from zygote!
01-01 00:00:25.148   412   848 W ActivityManager: Slow operation: 104ms so far, now at startProcess: done updating battery stats
01-01 00:00:25.148   412   848 W ActivityManager: Slow operation: 104ms so far, now at startProcess: building log message
01-01 00:00:25.148   412   848 I ActivityManager: Start proc 1339:com.google.android.gms.ui/u0a10 for service com.google.android.gms/.chimera.UiIntentOperationService
01-01 00:00:25.148   412   848 W ActivityManager: Slow operation: 104ms so far, now at startProcess: starting to update pids map
01-01 00:00:25.149   412   848 W ActivityManager: Slow operation: 104ms so far, now at startProcess: done updating pids map
01-01 00:00:25.149   412   848 W ActivityManager: Slow operation: 104ms so far, now at startProcess: done starting proc!
01-01 00:00:27.016   412   462 D PackageManager: Ephemeral installer not found with new action; try old one
01-01 00:00:27.020   412   462 D PackageManager: Clear ephemeral installer activity
01-01 00:00:27.022   412   462 D PackageManager: Ephemeral installer not found with new action; try old one
01-01 00:00:27.022   412   462 D PackageManager: Clear ephemeral installer activity
01-01 00:00:29.086   412  1144 W ActivityManager: Slow operation: 77ms so far, now at startProcess: returned from zygote!
01-01 00:00:29.086   412  1144 W ActivityManager: Slow operation: 77ms so far, now at startProcess: done updating battery stats
01-01 00:00:29.086   412  1144 W ActivityManager: Slow operation: 77ms so far, now at startProcess: building log message
01-01 00:00:29.087   412  1144 I ActivityManager: Start proc 1410:com.google.android.gms.unstable/u0a10 for service com.google.android.gms/.droidguard.DroidGuardService
01-01 00:00:29.087   412  1144 W ActivityManager: Slow operation: 77ms so far, now at startProcess: starting to update pids map
01-01 00:00:29.087   412  1144 W ActivityManager: Slow operation: 77ms so far, now at startProcess: done updating pids map
01-01 00:00:29.087   412  1144 W ActivityManager: Slow operation: 78ms so far, now at startProcess: done starting proc!
01-01 00:00:30.562   412   436 W ActivityManager: Slow operation: 59ms so far, now at startProcess: returned from zygote!
01-01 00:00:30.562   412   436 W ActivityManager: Slow operation: 60ms so far, now at startProcess: done updating battery stats
01-01 00:00:30.562   412   436 W ActivityManager: Slow operation: 60ms so far, now at startProcess: building log message
01-01 00:00:30.562   412   436 I ActivityManager: Start proc 1445:com.google.android.ext.services/u0a6 for service com.google.android.ext.services/android.ext.services.storage.CacheQuotaServiceImpl
01-01 00:00:30.562   412   436 W ActivityManager: Slow operation: 60ms so far, now at startProcess: starting to update pids map
01-01 00:00:30.562   412   436 W ActivityManager: Slow operation: 60ms so far, now at startProcess: done updating pids map
01-01 00:00:30.562   412   436 W ActivityManager: Slow operation: 61ms so far, now at startProcess: done starting proc!
01-01 00:00:33.119   412   430 I ActivityManager: Waited long enough for: ServiceRecord{1418a9 u0 com.google.android.iot.batterycontrolservice/.IntentReceiverService}
01-01 00:00:33.936   412   426 W BroadcastQueue: Background execution not allowed: receiving Intent { act=com.google.android.checkin.CHECKIN_COMPLETE flg=0x10 (has extras) } to com.google.android.gsf/.settings.GoogleLocationSettings$LocationSettingsChangedListener
01-01 00:00:37.259   412   429 W VoiceInteractionManagerService: no available voice interaction services found for user 0
01-01 00:01:44.380   412   571 W WindowManager: Permission Denial: dismissKeyguard from pid=1493, uid=2000 requires android.permission.CONTROL_KEYGUARD
01-01 00:01:58.542   412   431 W Looper  : Dispatch took 207ms on android.ui, h=Handler (com.android.server.am.ActivityManagerService$UiHandler) {ef09b73} cb=null msg=68
01-01 00:01:58.815   412   442 W ActivityManager: Slow operation: 240ms so far, now at startProcess: returned from zygote!
01-01 00:01:58.815   412   442 W ActivityManager: Slow operation: 240ms so far, now at startProcess: done updating battery stats
01-01 00:01:58.815   412   442 W ActivityManager: Slow operation: 241ms so far, now at startProcess: building log message
01-01 00:01:58.815   412   442 I ActivityManager: Start proc 1520:com.android.defcontainer/u0a4 for service com.android.defcontainer/.DefaultContainerService
01-01 00:01:58.815   412   442 W ActivityManager: Slow operation: 241ms so far, now at startProcess: starting to update pids map
01-01 00:01:58.815   412   442 W ActivityManager: Slow operation: 241ms so far, now at startProcess: done updating pids map
01-01 00:01:58.815   412   442 W ActivityManager: Slow operation: 242ms so far, now at startProcess: done starting proc!
01-01 00:01:59.053   412   431 W Looper  : Dispatch took 149ms on android.ui, h=Handler (com.android.server.am.ActivityManagerService$UiHandler) {ef09b73} cb=null msg=53
01-01 00:02:03.963   412   430 I ActivityManager: Force stopping com.epam.goldeneye appid=10037 user=-1: installPackageLI
01-01 00:02:04.126   412   442 I PackageManager: Package com.epam.goldeneye codePath changed from /data/app/com.epam.goldeneye-uarqd64sAwPZg3rh5J14xg== to /data/app/com.epam.goldeneye-THUXwPb2gMlhR-xPBuLB3Q==; Retaining data and using new
01-01 00:02:04.127   412   442 W PackageManager: Code path for com.epam.goldeneye changing from /data/app/com.epam.goldeneye-uarqd64sAwPZg3rh5J14xg== to /data/app/com.epam.goldeneye-THUXwPb2gMlhR-xPBuLB3Q==
01-01 00:02:04.127   412   442 W PackageManager: Resource path for com.epam.goldeneye changing from /data/app/com.epam.goldeneye-uarqd64sAwPZg3rh5J14xg== to /data/app/com.epam.goldeneye-THUXwPb2gMlhR-xPBuLB3Q==
01-01 00:02:04.355   412   442 D PackageManager: Ephemeral installer not found with new action; try old one
01-01 00:02:04.355   412   442 D PackageManager: Clear ephemeral installer activity
01-01 00:02:04.536   412   442 I ActivityManager: Force stopping com.epam.goldeneye appid=10037 user=0: pkg removed
01-01 00:02:05.840   412   429 W VoiceInteractionManagerService: no available voice recognition services found for user 0
01-01 00:02:06.766   412   570 I ActivityManager: START u0 {act=android.intent.action.MAIN cat=[android.intent.category.LAUNCHER] flg=0x10000000 cmp=com.epam.goldeneye/com.example.android.camera2basic.CameraActivity} from uid 2000
01-01 00:02:07.315   412   571 W ActivityManager: Slow operation: 314ms so far, now at startProcess: returned from zygote!
01-01 00:02:07.316   412   571 W ActivityManager: Slow operation: 314ms so far, now at startProcess: done updating battery stats
01-01 00:02:07.316   412   571 W ActivityManager: Slow operation: 315ms so far, now at startProcess: building log message
01-01 00:02:07.316   412   571 I ActivityManager: Start proc 1571:com.epam.goldeneye/u0a37 for activity com.epam.goldeneye/com.example.android.camera2basic.CameraActivity
01-01 00:02:07.316   412   571 W ActivityManager: Slow operation: 315ms so far, now at startProcess: starting to update pids map
01-01 00:02:07.316   412   571 W ActivityManager: Slow operation: 315ms so far, now at startProcess: done updating pids map
01-01 00:02:07.316   412   571 W ActivityManager: Slow operation: 315ms so far, now at startProcess: done starting proc!
01-01 00:02:11.474   412   573 E TaskPersister: File error accessing recents directory (directory doesn't exist?).
01-01 00:02:16.929   412   430 W ActivityManager: Launch timeout has expired, giving up wake lock!
01-01 00:02:17.867   412   431 W Looper  : Dispatch took 204ms on android.ui, h=Handler (com.android.server.am.ActivityManagerService$UiHandler) {ef09b73} cb=null msg=53
01-01 00:04:48.138   412   571 I ActivityManager: Force stopping com.epam.goldeneye appid=10037 user=-1: set debug app
01-01 00:04:48.143   412   571 I ActivityManager: Killing 1571:com.epam.goldeneye/u0a37 (adj 0): stop com.epam.goldeneye
01-01 00:04:48.164   412   571 W ActivityManager: Force removing ActivityRecord{5c60469 u0 com.epam.goldeneye/com.example.android.camera2basic.CameraActivity t85}: app died, no saved state
01-01 00:04:48.282   412   571 I ActivityManager: START u0 {act=android.intent.action.MAIN cat=[android.intent.category.LAUNCHER] flg=0x10000000 cmp=com.epam.goldeneye/com.example.android.camera2basic.CameraActivity} from uid 2000
01-01 00:04:48.374   412   437 W ActivityManager: setHasOverlayUi called on unknown pid: 1571
01-01 00:04:48.450   412   431 W Looper  : Dispatch took 302ms on android.ui, h=Handler (com.android.server.am.ActivityManagerService$UiHandler) {ef09b73} cb=null msg=53
01-01 00:04:48.752   412   571 W ActivityManager: Slow operation: 72ms so far, now at startProcess: returned from zygote!
01-01 00:04:48.752   412   571 W ActivityManager: Slow operation: 72ms so far, now at startProcess: done updating battery stats
01-01 00:04:48.752   412   571 W ActivityManager: Slow operation: 72ms so far, now at startProcess: building log message
01-01 00:04:48.752   412   571 I ActivityManager: Start proc 1666:com.epam.goldeneye/u0a37 for activity com.epam.goldeneye/com.example.android.camera2basic.CameraActivity
01-01 00:04:48.752   412   571 W ActivityManager: Slow operation: 72ms so far, now at startProcess: starting to update pids map
01-01 00:04:48.752   412   571 W ActivityManager: Slow operation: 72ms so far, now at startProcess: done updating pids map
01-01 00:04:48.752   412   571 W ActivityManager: Slow operation: 72ms so far, now at startProcess: done starting proc!
01-01 00:04:49.149  1666  1666 W ActivityThread: Application com.epam.goldeneye is waiting for the debugger on port 8100...
01-01 00:04:49.254   412   431 W Looper  : Dispatch took 104ms on android.ui, h=Handler (com.android.server.am.ActivityManagerService$UiHandler) {ef09b73} cb=null msg=6
01-01 00:04:50.091   412   571 W WindowManager: Permission Denial: dismissKeyguard from pid=1647, uid=2000 requires android.permission.CONTROL_KEYGUARD
01-01 00:04:50.995   412   431 W Looper  : Dispatch took 120ms on android.ui, h=Handler (android.view.Choreographer$FrameHandler) {1dc37d7} cb=android.view.Choreographer$FrameDisplayEventReceiver@b1178c4 msg=0
01-01 00:04:52.430   412   573 E TaskPersister: File error accessing recents directory (directory doesn't exist?).
01-01 00:04:55.874   412   463 W AppOps  : Finishing op nesting under-run: uid 1000 pkg android code 24 time=0 duration=0 nesting=0
01-01 00:04:58.354   412   430 W ActivityManager: Launch timeout has expired, giving up wake lock!
01-01 00:05:05.678   412   431 W Looper  : Dispatch took 267ms on android.ui, h=Handler (com.android.server.am.ActivityManagerService$UiHandler) {ef09b73} cb=null msg=53
01-01 00:08:58.301   412   571 I WindowManager: WIN DEATH: Window{b94b65 u0 com.epam.goldeneye/com.example.android.camera2basic.CameraActivity}
01-01 00:08:58.336   412   426 I ActivityManager: Process com.epam.goldeneye (pid 1666) has died: fore TOP 
01-01 00:08:58.337   412   426 W ActivityManager: Force removing ActivityRecord{b24739c u0 com.epam.goldeneye/com.example.android.camera2basic.CameraActivity t86}: app died, no saved state
01-01 00:08:58.536   412   437 W ActivityManager: setHasOverlayUi called on unknown pid: 1666
01-01 00:08:58.559   412   431 W Looper  : Dispatch took 211ms on android.ui, h=Handler (com.android.server.am.ActivityManagerService$UiHandler) {ef09b73} cb=null msg=53
--------- beginning of crash
01-01 00:08:59.065  1722  1722 F libc    : Fatal signal 6 (SIGABRT), code -6 in tid 1722 (lldb-server), pid 1722 (lldb-server)
01-01 00:08:59.209  1774  1774 F DEBUG   : *** *** *** *** *** *** *** *** *** *** *** *** *** *** *** ***
01-01 00:08:59.210  1774  1774 F DEBUG   : Build fingerprint: 'Things/iot_imx7d_pico/imx7d_pico:8.1.0/OIM1.180327.047/4795405:userdebug/dev-keys'
01-01 00:08:59.210  1774  1774 F DEBUG   : Revision: '0'
01-01 00:08:59.210  1774  1774 F DEBUG   : ABI: 'arm'
01-01 00:08:59.210  1774  1774 F DEBUG   : pid: 1722, tid: 1722, name: lldb-server  >>> /data/data/com.epam.goldeneye/lldb/bin/lldb-server <<<
01-01 00:08:59.211  1774  1774 F DEBUG   : signal 6 (SIGABRT), code -6 (SI_TKILL), fault addr --------
01-01 00:08:59.211  1774  1774 F DEBUG   :     r0 00000000  r1 000006ba  r2 00000006  r3 00000008
01-01 00:08:59.211  1774  1774 F DEBUG   :     r4 000006ba  r5 000006ba  r6 bea3af7c  r7 0000010c
01-01 00:08:59.211  1774  1774 F DEBUG   :     r8 00000000  r9 00000008  sl bea3b6fc  fp bea3b458
01-01 00:08:59.212  1774  1774 F DEBUG   :     ip bea3af98  sp bea3af68  lr a89e69f7  pc a89e0428  cpsr 200d0030
01-01 00:08:59.230  1774  1774 F DEBUG   : 
01-01 00:08:59.230  1774  1774 F DEBUG   : backtrace:
01-01 00:08:59.230  1774  1774 F DEBUG   :     #00 pc 0001a428  /system/lib/libc.so (abort+63)
01-01 00:08:59.230  1774  1774 F DEBUG   :     #01 pc 000873b3  /data/data/com.epam.goldeneye/lldb/bin/lldb-server
01-01 00:08:59.230  1774  1774 F DEBUG   :     #02 pc 0001898c  /system/lib/libc.so
01-01 00:08:59.230  1774  1774 F DEBUG   :     #03 pc 00049098  /system/lib/libc.so (__accept4+4)
01-01 00:08:59.231  1774  1774 F DEBUG   :     #04 pc 00001209  /system/lib/libnetd_client.so ((anonymous namespace)::netdClientAccept4(int, sockaddr*, int*, int)+24)
01-01 00:08:59.231  1774  1774 F DEBUG   :     #05 pc 000dc86f  /data/data/com.epam.goldeneye/lldb/bin/lldb-server
01-01 00:08:59.231  1774  1774 F DEBUG   :     #06 pc 0001898c  /system/lib/libc.so
01-01 00:08:59.273   412   599 W NativeCrashListener: Couldn't find ProcessRecord for pid 1722
01-01 00:08:59.301   412   434 I BootReceiver: Copying /data/tombstones/tombstone_15 to DropBox (SYSTEM_TOMBSTONE)
01-01 00:09:01.432   412   573 E TaskPersister: File error accessing recents directory (directory doesn't exist?).
