01-01 01:24:18.242   824   824 I AndroidThingsLauncher: TimeZone is now GMT GMT
01-01 01:24:18.287   824   824 I AndroidThingsLauncher: Peripheral I/O ports
01-01 01:24:18.287   824   824 I AndroidThingsLauncher: PWM
01-01 01:24:18.287   824   824 I AndroidThingsLauncher: PWM1, PWM2
01-01 01:24:18.287   824   824 I AndroidThingsLauncher: 
01-01 01:24:18.287   824   824 I AndroidThingsLauncher: UART
01-01 01:24:18.287   824   824 I AndroidThingsLauncher: UART6
01-01 01:24:18.287   824   824 I AndroidThingsLauncher: 
01-01 01:24:18.287   824   824 I AndroidThingsLauncher: I2C
01-01 01:24:18.287   824   824 I AndroidThingsLauncher: I2C1, I2C2
01-01 01:24:18.287   824   824 I AndroidThingsLauncher: 
01-01 01:24:18.287   824   824 I AndroidThingsLauncher: SPI
01-01 01:24:18.287   824   824 I AndroidThingsLauncher: SPI3.0, SPI3.1
01-01 01:24:18.287   824   824 I AndroidThingsLauncher: 
01-01 01:24:18.287   824   824 I AndroidThingsLauncher: GPIO
01-01 01:24:18.287   824   824 I AndroidThingsLauncher: GPIO1_IO10, GPIO2_IO00, GPIO2_IO01, GPIO2_IO02, GPIO2_IO03, GPIO2_IO05, GPIO2_IO07, GPIO5_IO00, GPIO6_IO12, GPIO6_IO13, GPIO6_IO14, GPIO6_IO15
01-01 01:24:18.430   824   830 I zygote  : Do full code cache collection, code=124KB, data=103KB
01-01 01:24:18.433   824   830 I zygote  : After code cache collection, code=121KB, data=82KB
01-01 01:24:21.035   412   573 E TaskPersister: File error accessing recents directory (directory doesn't exist?).
01-01 01:24:27.750  2512  2512 D AndroidRuntime: >>>>>> START com.android.internal.os.RuntimeInit uid 2000 <<<<<<
01-01 01:24:27.887  2512  2512 W app_process: Could not reserve sentinel fault page
01-01 01:24:29.538  2512  2512 I app_process: The ClassLoaderContext is a special shared library.
01-01 01:24:30.523  2512  2512 D AndroidRuntime: Calling main entry com.android.commands.wm.Wm
01-01 01:24:30.572   412   848 W WindowManager: Permission Denial: dismissKeyguard from pid=2512, uid=2000 requires android.permission.CONTROL_KEYGUARD
01-01 01:24:30.576  2512  2512 D AndroidRuntime: Shutting down VM
01-01 01:24:32.849  2526  2526 D AndroidRuntime: >>>>>> START com.android.internal.os.RuntimeInit uid 2000 <<<<<<
01-01 01:24:32.888  2526  2526 W app_process: Could not reserve sentinel fault page
01-01 01:24:33.462  2526  2526 I app_process: The ClassLoaderContext is a special shared library.
01-01 01:24:33.556  2526  2526 D AndroidRuntime: Calling main entry com.android.commands.pm.Pm
01-01 01:24:33.598  2535  2535 E asset   : setgid: Operation not permitted
01-01 01:24:34.195   412   848 W zygote  : Long monitor contention with owner android.io (436) at void com.android.server.pm.PackageInstallerService$2.run()(PackageInstallerService.java:410) waiters=0 in android.content.pm.PackageInstaller$SessionInfo com.android.server.pm.PackageInstallerService.getSessionInfo(int) for 293ms
01-01 01:24:46.512   412  1144 W zygote  : Long monitor contention with owner PackageInstaller (461) at void java.io.File.<init>(java.io.File, java.lang.String)(File.java:-1) waiters=0 in void com.android.server.pm.PackageInstallerSession.write(org.xmlpull.v1.XmlSerializer, java.io.File) for 836ms
01-01 01:24:47.319   412   442 I PackageParser: Parse times for '/data/app/vmdl1920410422.tmp': parse=204ms, update_cache=0 ms
01-01 01:24:47.547   412   442 I PackageManager.DexOptimizer: Running dexopt (dexoptNeeded=1) on: /data/app/com.epam.goldeneye-GybsFCOTFsmRcLcyqsLAPQ==/base.apk pkg=com.epam.goldeneye isa=arm dexoptFlags=boot_complete,debuggable,public target-filter=quicken oatDir=/data/app/com.epam.goldeneye-GybsFCOTFsmRcLcyqsLAPQ==/oat sharedLibraries=PCL[/system/framework/com.google.android.things.jar]
01-01 01:24:47.756  2539  2539 I dex2oat : /system/bin/dex2oat --input-vdex-fd=-1 --output-vdex-fd=18 --compiler-filter=quicken --debuggable --classpath-dir=/data/app/com.epam.goldeneye-GybsFCOTFsmRcLcyqsLAPQ== --class-loader-context=PCL[/system/framework/com.google.android.things.jar]
01-01 01:24:47.773  2539  2539 W dex2oat : Could not reserve sentinel fault page
01-01 01:24:51.261  2539  2539 I dex2oat : dex2oat took 3.511s (4.122s cpu) (threads: 2) arena alloc=1552B (1552B) java alloc=2MB (2826664B) native alloc=4MB (4272520B) free=1971KB (2018936B)
01-01 01:24:51.286   412   430 I ActivityManager: Force stopping com.epam.goldeneye appid=10037 user=-1: installPackageLI
01-01 01:24:51.406   412   442 I PackageManager: Package com.epam.goldeneye codePath changed from /data/app/com.epam.goldeneye-TZydvnqV80UbQ0VqZl5LFw== to /data/app/com.epam.goldeneye-GybsFCOTFsmRcLcyqsLAPQ==; Retaining data and using new
01-01 01:24:51.409   412   442 W PackageManager: Code path for com.epam.goldeneye changing from /data/app/com.epam.goldeneye-TZydvnqV80UbQ0VqZl5LFw== to /data/app/com.epam.goldeneye-GybsFCOTFsmRcLcyqsLAPQ==
01-01 01:24:51.409   412   442 W PackageManager: Resource path for com.epam.goldeneye changing from /data/app/com.epam.goldeneye-TZydvnqV80UbQ0VqZl5LFw== to /data/app/com.epam.goldeneye-GybsFCOTFsmRcLcyqsLAPQ==
01-01 01:24:51.573   412   422 I zygote  : Background concurrent copying GC freed 13618(1022KB) AllocSpace objects, 19(1068KB) LOS objects, 19% free, 5MB/7MB, paused 255us total 162.398ms
01-01 01:24:51.757   412   442 D PackageManager: Ephemeral installer not found with new action; try old one
01-01 01:24:51.757   412   442 D PackageManager: Clear ephemeral installer activity
01-01 01:24:51.938   412   442 I zygote  : Explicit concurrent copying GC freed 19677(893KB) AllocSpace objects, 10(456KB) LOS objects, 19% free, 5MB/6MB, paused 183us total 163.131ms
01-01 01:24:51.970   258   464 E         : Couldn't opendir /data/app/vmdl1920410422.tmp: No such file or directory
01-01 01:24:51.970   258   464 E installd: Failed to delete /data/app/vmdl1920410422.tmp: No such file or directory
01-01 01:24:51.977   412   442 I ActivityManager: Force stopping com.epam.goldeneye appid=10037 user=0: pkg removed
01-01 01:24:52.005  2526  2526 I Pm      : Package com.epam.goldeneye installed in 18440 ms
01-01 01:24:52.149  2526  2526 I app_process: System.exit called, status: 0
01-01 01:24:52.149  2526  2526 I AndroidRuntime: VM exiting with result code 0.
01-01 01:24:52.198   412   486 I InputReader: Reconfiguring input devices.  changes=0x00000010
01-01 01:24:52.199   412   486 I chatty  : uid=1000(system) InputReader identical 1 line
01-01 01:24:52.202   412   486 I InputReader: Reconfiguring input devices.  changes=0x00000010
01-01 01:24:52.778   913  1375 E NetworkScheduler: Unrecognised action provided: android.intent.action.PACKAGE_REMOVED
01-01 01:24:53.015   412   429 W Searchables: No global search activity found
01-01 01:24:53.036   412   429 W Searchables: No global search activity found
01-01 01:24:53.064   913  1375 E NetworkScheduler: Unrecognised action provided: android.intent.action.PACKAGE_REPLACED
01-01 01:24:53.076   412   429 W VoiceInteractionManagerService: no available voice recognition services found for user 0
01-01 01:24:53.344  1145  2558 I ChromeSync: [Sync,SyncIntentOperation] Handling the intent: Intent { act=android.intent.action.PACKAGE_ADDED dat=package:com.epam.goldeneye flg=0x4000010 cmp=com.google.android.gms/.chimera.GmsIntentOperationService (has extras) }.
01-01 01:24:53.373  1145  1170 I zygote  : Waiting for a blocking GC ProfileSaver
01-01 01:24:53.432  1145  2559 I FontsPackageChangeOp: Package com.epam.goldeneye has no metadata
01-01 01:24:53.565  1145  2565 I PeopleContactsSync: triggerPendingContactsCleanup: no accounts
01-01 01:24:53.745  1145  1293 I Icing   : IndexChimeraService.getServiceInterface callingPackage=com.google.android.gms componentName=AppsCorpus serviceId=32
01-01 01:24:53.759  1145  1304 I Icing   : IndexChimeraService.getServiceInterface callingPackage=com.google.android.gms componentName=AppsCorpus serviceId=36
01-01 01:24:53.808  1145  1170 I zygote  : WaitForGcToComplete blocked ProfileSaver on HeapTrim for 435.279ms
01-01 01:24:53.839   412  2053 I ActivityManager: START u0 {act=android.intent.action.MAIN cat=[android.intent.category.LAUNCHER] flg=0x10000000 cmp=com.epam.goldeneye/com.example.android.camera2basic.CameraActivity} from uid 2000
01-01 01:24:54.108   412  2053 W ActivityManager: Slow operation: 71ms so far, now at startProcess: returned from zygote!
01-01 01:24:54.109   412  2053 W ActivityManager: Slow operation: 71ms so far, now at startProcess: done updating battery stats
01-01 01:24:54.109   412  2053 W ActivityManager: Slow operation: 72ms so far, now at startProcess: building log message
01-01 01:24:54.109   412  2053 I ActivityManager: Start proc 2577:com.epam.goldeneye/u0a37 for activity com.epam.goldeneye/com.example.android.camera2basic.CameraActivity
01-01 01:24:54.109   412  2053 W ActivityManager: Slow operation: 72ms so far, now at startProcess: starting to update pids map
01-01 01:24:54.109   412  2053 W ActivityManager: Slow operation: 72ms so far, now at startProcess: done updating pids map
01-01 01:24:54.109   412  2053 W ActivityManager: Slow operation: 72ms so far, now at startProcess: done starting proc!
01-01 01:24:54.348  2577  2577 I zygote  : Late-enabling -Xcheck:jni
01-01 01:24:54.310  2577  2577 W main    : type=1400 audit(0.0:228): avc: denied { create } for name="cgroup.procs" scontext=u:r:zygote:s0 tcontext=u:object_r:cgroup:s0 tclass=file permissive=0
01-01 01:24:54.841   913   927 I zygote  : Background concurrent copying GC freed 24922(1379KB) AllocSpace objects, 0(0B) LOS objects, 24% free, 3MB/5MB, paused 173us total 310.546ms
01-01 01:24:55.213   412   422 I zygote  : Background concurrent copying GC freed 9669(842KB) AllocSpace objects, 9(308KB) LOS objects, 19% free, 5MB/6MB, paused 214us total 381.768ms
01-01 01:24:55.654  1145  1610 I Icing   : Usage reports ok 1, Failed Usage reports 0, indexed 0, rejected 0, imm upload false
01-01 01:24:55.841  1145  1610 I Icing   : Usage reports ok 0, Failed Usage reports 0, indexed 0, rejected 0, imm upload false
01-01 01:24:55.930  2577  2577 D Camera2BasicFragment: onActivityCreated: /storage/emulated/0/Android/data/com.epam.goldeneye/files/pic.jpg
01-01 01:24:56.012  2577  2595 D OpenGLRenderer: HWUI GL Pipeline
01-01 01:24:56.019  1145  1293 I Icing   : IndexChimeraService.getServiceInterface callingPackage=com.google.android.gms componentName=AppsCorpus serviceId=36
01-01 01:24:56.035  1145  1304 I Icing   : IndexChimeraService.getServiceInterface callingPackage=com.google.android.gms componentName=AppsCorpus serviceId=32
01-01 01:24:56.213  1145  1610 I Icing   : Usage reports ok 0, Failed Usage reports 0, indexed 0, rejected 0, imm upload false
01-01 01:24:56.246  2577  2595 I zygote  : android::hardware::configstore::V1_0::ISurfaceFlingerConfigs::hasWideColorDisplay retrieved: 0
01-01 01:24:56.246  2577  2595 I OpenGLRenderer: Initialized EGL, version 1.4
01-01 01:24:56.246  2577  2595 D OpenGLRenderer: Swap behavior 1
01-01 01:24:56.300  2577  2595 I swiftshader: precache at /vendor/etc/sw-vertex-com.epam.goldeneye.dir
01-01 01:24:56.302  2577  2595 I swiftshader: precache at /vendor/etc/sw-pixel-com.epam.goldeneye.dir
01-01 01:24:56.302  2577  2595 I swiftshader: precache at /vendor/etc/sw-setup-com.epam.goldeneye.dir
01-01 01:24:56.200  2577  2577 W RenderThread: type=1400 audit(0.0:229): avc: denied { search } for name="graphics" dev="tmpfs" ino=10928 scontext=u:r:untrusted_app:s0:c512,c768 tcontext=u:object_r:graphics_device:s0 tclass=dir permissive=0
01-01 01:24:56.353  1145  1610 I Icing   : Usage reports ok 0, Failed Usage reports 0, indexed 0, rejected 0, imm upload false
01-01 01:24:56.353  2577  2577 I CameraManagerGlobal: Connecting to camera service
01-01 01:24:56.395  2577  2577 E Camera2BasicFragment: Couldn't find any suitable preview size
01-01 01:24:56.410   256  1769 I CameraService: CameraService::connect call (PID -1 "com.epam.goldeneye", camera ID 0) for HAL version default and Camera API version 2
01-01 01:24:56.435   256  1769 I Camera2ClientBase: Camera 0: Opened. Client: com.epam.goldeneye (PID 2577, UID 10037)
01-01 01:24:56.436   256  1769 I CameraDeviceClient: CameraDeviceClient 0: Opened
01-01 01:24:56.637   256  1769 I FslCameraHAL: openDev:0: Opening camera device
01-01 01:24:56.638   256  1769 I FslCameraHAL: openDev
01-01 01:24:56.639   256  1769 I FslCameraHAL: setTemplate:0: Setting already constructed template type CAMERA3_TEMPLATE_PREVIEW(1)
01-01 01:24:56.639   256  1769 I FslCameraHAL: setTemplate:0: Setting already constructed template type CAMERA3_TEMPLATE_STILL_CAPTURE(2)
01-01 01:24:56.640   256  1769 I FslCameraHAL: setTemplate:0: Setting already constructed template type CAMERA3_TEMPLATE_VIDEO_RECORD(3)
01-01 01:24:56.640   256  1769 I FslCameraHAL: setTemplate:0: Setting already constructed template type CAMERA3_TEMPLATE_VIDEO_SNAPSHOT(4)
01-01 01:24:56.641   256  1769 I FslCameraHAL: setTemplate:0: Setting already constructed template type CAMERA3_TEMPLATE_ZERO_SHUTTER_LAG(5)
01-01 01:24:56.641   256  1769 I FslCameraHAL: setTemplate:0: Setting already constructed template type CAMERA3_TEMPLATE_MANUAL(6)
01-01 01:24:56.678   256  1769 I FslCameraHAL: constructDefaultRequestSettings:0: type=1
01-01 01:24:56.696   256  1769 W CameraDeviceClient: createSurfaceFromGbp: Camera 0 with consumer usage flag: 256: Forcing asynchronous mode for stream
01-01 01:24:56.697   256  1769 W CameraDeviceClient: createSurfaceFromGbp: Camera 0: Overriding format 0x1 to IMPLEMENTATION_DEFINED
01-01 01:24:56.701   256  1769 I FslCameraHAL: config 0, type 0, res 1280x720, fmt 0x22, usage 0x100, maxbufs 0, priv 0x0, rotation 0
01-01 01:24:56.701   256  1769 I FslCameraHAL: config 1, type 0, res 1280x720, fmt 0x21, usage 0x3, maxbufs 0, priv 0x0, rotation 0
01-01 01:24:56.701   256  1769 I FslCameraHAL: Stream create preview stream
01-01 01:24:56.701   256  1769 I FslCameraHAL: preview, s->format is 0x1, mFormat 0x1
01-01 01:24:56.701   256  1769 I FslCameraHAL: stream: this 0xaa739fc0, w:1280, h:720, format:0x1, usage:0x20302, buffers:3
01-01 01:24:56.701   256  1769 I FslCameraHAL: Stream create capture stream
01-01 01:24:56.701   256  1769 I FslCameraHAL: capture, s->format is 0x21, mFormat 0x21
01-01 01:24:56.701   256  1769 I FslCameraHAL: stream: this 0xaa739a80, w:1280, h:720, format:0x21, usage:0x20303, buffers:2
01-01 01:24:56.712   256  1769 D Camera3-Device: Set real time priority for request queue thread (tid 2599)
01-01 01:24:56.843  2577  2589 D vndksupport: Loading /vendor/lib/hw/android.hardware.graphics.mapper@2.0-impl.so from current namespace instead of sphal namespace.
01-01 01:24:56.849  2577  2589 D vndksupport: Loading /vendor/lib/hw/gralloc.imx7d.so from current namespace instead of sphal namespace.
01-01 01:24:57.223  2577  2589 D vndksupport: Loading /vendor/lib/hw/android.hardware.graphics.allocator@2.0-impl.so from current namespace instead of sphal namespace.
01-01 01:24:57.225  2577  2589 D vndksupport: Loading /vendor/lib/hw/gralloc.imx7d.so from current namespace instead of sphal namespace.
01-01 01:24:57.373  2577  2589 I display : IonManager used
01-01 01:24:57.435   256  2599 I FslCameraHAL: configure: w:1280, h:720, format:0x14, fps:15, num:3, isJpeg: 0
01-01 01:24:57.436   256   367 I FslCameraHAL: onDeviceConfigureLocked
01-01 01:24:57.436   256   367 I FslCameraHAL: can't support VIDIOC_S_INPUT
01-01 01:24:57.436   256   367 I FslCameraHAL: onDeviceConfigureLocked
01-01 01:24:57.436   256   367 W FslCameraHAL: onDeviceConfigureLocked, change fps from 15 to 30
01-01 01:24:57.436   256   367 I FslCameraHAL: Width * Height 1280 x 720 format YUYV, fps: 30
01-01 01:24:57.938  1145  1268 I Icing   : Indexing 7096ACE3438CEFB49CCEA23123CB104B944CD74D from com.google.android.gms
01-01 01:24:58.118   256   367 I FslCameraHAL: onDeviceStartLocked
01-01 01:24:58.140   256   367 I FslCameraHAL: onDeviceStartLocked VIDIOC_QBUF phy:0x97700000
01-01 01:24:58.141   256   367 I FslCameraHAL: onDeviceStartLocked VIDIOC_QBUF phy:0x98b00000
01-01 01:24:58.141   256   367 I FslCameraHAL: onDeviceStartLocked VIDIOC_QBUF phy:0x98d00000
01-01 01:24:58.179   256   367 I FslCameraHAL: ae precapture trigger
01-01 01:24:58.213   256   367 I FslCameraHAL: onFrameAcquireLocked omit frame
01-01 01:24:58.236   412   573 E TaskPersister: File error accessing recents directory (directory doesn't exist?).
01-01 01:24:58.246   256   367 I FslCameraHAL: onFrameAcquireLocked omit frame
01-01 01:24:58.303   256   367 I FslCameraHAL: ae precapture trigger
01-01 01:25:01.632   256   367 I chatty  : uid=1047(cameraserver) MessageThread identical 99 lines
01-01 01:25:01.662   256   367 I FslCameraHAL: ae precapture trigger
01-01 01:25:01.695  1145  1268 I Icing   : Indexing done 7096ACE3438CEFB49CCEA23123CB104B944CD74D
01-01 01:25:01.699   256   367 I FslCameraHAL: ae precapture trigger
01-01 01:25:03.300   256   367 I chatty  : uid=1047(cameraserver) MessageThread identical 48 lines
01-01 01:25:03.330   256   367 I FslCameraHAL: ae precapture trigger
01-01 01:25:03.337  2577  2595 D vndksupport: Loading /vendor/lib/hw/gralloc.imx7d.so from current namespace instead of sphal namespace.
01-01 01:25:03.361   256   367 I FslCameraHAL: ae precapture trigger
01-01 01:25:03.462   256   367 I chatty  : uid=1047(cameraserver) MessageThread identical 3 lines
01-01 01:25:03.498   256   367 I FslCameraHAL: ae precapture trigger
01-01 01:25:03.511   412   437 I ActivityManager: Displayed com.epam.goldeneye/com.example.android.camera2basic.CameraActivity: +9s415ms
01-01 01:25:03.530   256   367 I FslCameraHAL: ae precapture trigger
01-01 01:25:03.562   256   367 I chatty  : uid=1047(cameraserver) MessageThread identical 1 line
01-01 01:25:03.605   256   367 I FslCameraHAL: ae precapture trigger
01-01 01:25:03.622  2577  2577 I Choreographer: Skipped 392 frames!  The application may be doing too much work on its main thread.
01-01 01:25:03.630   256   367 I FslCameraHAL: ae precapture trigger
01-01 01:25:03.661   256   367 I chatty  : uid=1047(cameraserver) MessageThread identical 1 line
01-01 01:25:03.697   256   367 I FslCameraHAL: ae precapture trigger
01-01 01:25:03.728  2577  2595 D vndksupport: Loading /vendor/lib/hw/gralloc.imx7d.so from current namespace instead of sphal namespace.
01-01 01:25:03.732   256   367 I FslCameraHAL: ae precapture trigger
01-01 01:25:03.949   412   430 W ActivityManager: Launch timeout has expired, giving up wake lock!
01-01 01:25:04.439   256   367 I chatty  : uid=1047(cameraserver) MessageThread identical 12 lines
01-01 01:25:04.462   256   367 I FslCameraHAL: ae precapture trigger
01-01 01:25:04.473   412   439 W zygote  : Long monitor contention with owner ActivityManager (430) at void com.android.server.power.PowerManagerService.releaseWakeLockInternal(android.os.IBinder, int)(PowerManagerService.java:1122) waiters=0 in void com.android.server.power.PowerManagerService.handleSandman() for 481ms
01-01 01:25:04.533   256   367 I FslCameraHAL: ae precapture trigger
01-01 01:25:04.931   256   367 I chatty  : uid=1047(cameraserver) MessageThread identical 12 lines
01-01 01:25:04.964   256   367 I FslCameraHAL: ae precapture trigger
01-01 01:25:04.990   412   430 W TelecomManager: Telecom Service not found.
01-01 01:25:04.996   256   367 I FslCameraHAL: ae precapture trigger
01-01 01:25:05.032   412   431 W Looper  : Dispatch took 221ms on android.ui, h=Handler (com.android.server.am.ActivityManagerService$UiHandler) {ef09b73} cb=null msg=53
01-01 01:25:23.136   256   367 I chatty  : uid=1047(cameraserver) MessageThread identical 122 lines
01-01 01:25:23.197   256   367 I FslCameraHAL: ae precapture trigger
01-01 01:25:23.213   256  1769 I FslCameraHAL: constructDefaultRequestSettings:0: type=2
01-01 01:25:23.214   256  2599 I FslCameraHAL: configure: w:1280, h:720, format:0x14, fps:15, num:3, isJpeg: 0
01-01 01:25:23.235   256   367 I FslCameraHAL: handleConfigureLocked, same config, res 1280x720, fmt 0x14, fps 15, 15, jpg 0
01-01 01:25:23.235   256   367 I FslCameraHAL: flushDevLocked
01-01 01:25:23.245   255  1645 I audio_hw_primary: start_output_stream... -1340005056, device 2
01-01 01:25:23.245   255  1645 I audio_hw_primary: headphone 0 ,headset 0 ,speaker 2, earpiece 0, 
01-01 01:25:23.257   255  1645 W audio_hw_primary: card 1, port 0 device 0x2
01-01 01:25:23.257   255  1645 W audio_hw_primary: rate 48000, channel 2 period_size 0xc0
01-01 01:25:23.263   255  1645 W StreamHAL: Error from HAL stream in function get_presentation_position: Operation not permitted
01-01 01:25:23.267   255  1645 I chatty  : uid=1041(audioserver) writer identical 6 lines
01-01 01:25:23.267   255  1645 W StreamHAL: Error from HAL stream in function get_presentation_position: Operation not permitted
01-01 01:25:23.278   256  1769 I FslCameraHAL: flushDev:0: Flushing camera device
01-01 01:25:23.278   256  1769 I FslCameraHAL: flushDev
01-01 01:25:23.314   256  2599 I FslCameraHAL: configure: w:1280, h:720, format:0x14, fps:15, num:3, isJpeg: 0
01-01 01:25:23.315   256  1769 I FslCameraHAL: flushDevLocked
01-01 01:25:23.414   256  2599 I FslCameraHAL: configure: w:1280, h:720, format:0x14, fps:15, num:2, isJpeg: 1
01-01 01:25:23.416   256   367 I FslCameraHAL: ae precapture trigger
01-01 01:25:23.435  2577  2594 W CameraCaptureSession: Session 0: abortCaptures - Session is already aborting; doing nothing
01-01 01:25:23.464   256   367 I FslCameraHAL: handleConfigureLocked, same config, res 1280x720, fmt 0x14, fps 15, 15, jpg 0
01-01 01:25:23.464   256   367 I FslCameraHAL: flushDevLocked
01-01 01:25:23.548   256   367 I FslCameraHAL: ae precapture trigger
01-01 01:25:23.558  2577  2594 W CameraCaptureSession: Session 0: abortCaptures - Session is already aborting; doing nothing
01-01 01:25:23.596   256   367 I FslCameraHAL: handleConfigureLocked, same config, res 1280x720, fmt 0x14, fps 15, 15, jpg 1
01-01 01:25:23.597   256   367 I FslCameraHAL: flushDevLocked
01-01 01:25:23.681   256   367 I FslCameraHAL: ae precapture trigger
01-01 01:25:23.702  2577  2594 D Camera2BasicFragment: /storage/emulated/0/Android/data/com.epam.goldeneye/files/pic.jpg
01-01 01:25:23.714   256   367 E FslCameraHAL: Invalid GPS coordinate
01-01 01:25:23.715   256   367 E FslCameraHAL: Invalid GPS coordinate
01-01 01:25:23.715   256   367 I FslCameraHAL: processJpegBuffer srcStream->mWidth:1280, srcStream->mHeight:720, v4l2Width:1280, v4l2Height:720
01-01 01:25:24.017   280   280 I update_engine: [0101/012524:INFO:update_manager-inl.h(52)] AndroidThingsPolicy::UpdateCheckAllowed: START
01-01 01:25:24.022   280   280 I update_engine: [0101/012524:INFO:next_update_check_policy_impl.cc(48)] Periodic check interval not satisfied, blocking until 1/1/2009 5:02:47 GMT
01-01 01:25:24.023   280   280 I update_engine: [0101/012524:INFO:policy_utils.h(58)] decision by NextUpdateCheckTimePolicyImpl::UpdateCheckAllowed
01-01 01:25:24.023   280   280 I update_engine: [0101/012524:INFO:update_manager-inl.h(74)] AndroidThingsPolicy::UpdateCheckAllowed: END
01-01 01:25:24.130   256   367 I FslCameraHAL: processJpegBuffer: dstBuf->mSize(2076672)
01-01 01:25:24.147   256  2599 I FslCameraHAL: configure: w:1280, h:720, format:0x14, fps:15, num:2, isJpeg: 1
01-01 01:25:24.150   256   367 I FslCameraHAL: handleConfigureLocked, same config, res 1280x720, fmt 0x14, fps 15, 15, jpg 1
01-01 01:25:24.151   256   367 I FslCameraHAL: flushDevLocked
01-01 01:25:24.154  2577  2594 W AndroidMediaUtils: Image_getJpegSize: No JPEG header detected, defaulting to size=width=2073600
01-01 01:25:24.214   256   367 I FslCameraHAL: ae precapture trigger
01-01 01:25:24.247  2577  2594 D Camera2BasicFragment: /storage/emulated/0/Android/data/com.epam.goldeneye/files/pic.jpg
01-01 01:25:24.248   256   367 E FslCameraHAL: Invalid GPS coordinate
01-01 01:25:24.248   256   367 E FslCameraHAL: Invalid GPS coordinate
01-01 01:25:24.248   256   367 I FslCameraHAL: processJpegBuffer srcStream->mWidth:1280, srcStream->mHeight:720, v4l2Width:1280, v4l2Height:720
01-01 01:25:24.369  2577  2577 I Choreographer: Skipped 59 frames!  The application may be doing too much work on its main thread.
01-01 01:25:24.676  2577  2588 I zygote  : Background concurrent copying GC freed 8538(335KB) AllocSpace objects, 0(0B) LOS objects, 25% free, 3MB/4MB, paused 172us total 516.787ms
01-01 01:25:24.912   256   367 I FslCameraHAL: processJpegBuffer: dstBuf->mSize(2076672)
01-01 01:25:24.915   256  2599 I FslCameraHAL: configure: w:1280, h:720, format:0x14, fps:15, num:2, isJpeg: 1
01-01 01:25:24.915   256   367 I FslCameraHAL: handleConfigureLocked, same config, res 1280x720, fmt 0x14, fps 15, 15, jpg 1
01-01 01:25:24.915   256   367 I FslCameraHAL: flushDevLocked
01-01 01:25:24.917  2577  2594 W AndroidMediaUtils: Image_getJpegSize: No JPEG header detected, defaulting to size=width=2073600
01-01 01:25:25.015   256   367 I FslCameraHAL: ae precapture trigger
01-01 01:25:25.048   256  2599 I FslCameraHAL: configure: w:1280, h:720, format:0x14, fps:15, num:3, isJpeg: 0
01-01 01:25:25.048   256   367 E FslCameraHAL: Invalid GPS coordinate
01-01 01:25:25.048   256   367 E FslCameraHAL: Invalid GPS coordinate
01-01 01:25:25.048   256   367 I FslCameraHAL: processJpegBuffer srcStream->mWidth:1280, srcStream->mHeight:720, v4l2Width:1280, v4l2Height:720
01-01 01:25:25.051   256  2599 I FslCameraHAL: configure: w:1280, h:720, format:0x14, fps:15, num:3, isJpeg: 0
01-01 01:25:25.133  2577  2577 D skia    : --- SkAndroidCodec::NewFromStream returned null
01-01 01:25:25.134  2577  2577 W ImageView: resolveUri failed on bad bitmap uri: file:///storage/emulated/0/Android/data/com.epam.goldeneye/files/pic.jpg
01-01 01:25:25.157  2577  2577 D skia    : --- SkAndroidCodec::NewFromStream returned null
01-01 01:25:25.158  2577  2577 W ImageView: resolveUri failed on bad bitmap uri: file:///storage/emulated/0/Android/data/com.epam.goldeneye/files/pic.jpg
01-01 01:25:25.159  2577  2577 I Choreographer: Skipped 41 frames!  The application may be doing too much work on its main thread.
01-01 01:25:25.421  2577  2594 D Camera2BasicFragment: /storage/emulated/0/Android/data/com.epam.goldeneye/files/pic.jpg
01-01 01:25:25.752  2577  2588 I zygote  : Background concurrent copying GC freed 347(101KB) AllocSpace objects, 1(2028KB) LOS objects, 25% free, 3MB/4MB, paused 2.475ms total 829.600ms
01-01 01:25:25.875   256   367 I FslCameraHAL: processJpegBuffer: dstBuf->mSize(2076672)
01-01 01:25:25.877  2577  2594 W AndroidMediaUtils: Image_getJpegSize: No JPEG header detected, defaulting to size=width=2073600
01-01 01:25:25.884   256   367 I FslCameraHAL: handleConfigureLocked, same config, res 1280x720, fmt 0x14, fps 15, 15, jpg 0
01-01 01:25:25.884   256   367 I FslCameraHAL: flushDevLocked
01-01 01:25:25.981   256   367 I FslCameraHAL: ae precapture trigger
01-01 01:25:26.029  2577  2588 I zygote  : Background concurrent copying GC freed 1560(110KB) AllocSpace objects, 3(2MB) LOS objects, 24% free, 3MB/4MB, paused 308us total 145.773ms
01-01 01:25:26.033   256   367 I FslCameraHAL: handleConfigureLocked, same config, res 1280x720, fmt 0x14, fps 15, 15, jpg 0
01-01 01:25:26.033   256   367 I FslCameraHAL: flushDevLocked
01-01 01:25:26.052   251   251 D SurfaceFlinger: duplicate layer name: changing Toast to Toast#1
01-01 01:25:26.115   256  2599 I FslCameraHAL: configure: w:1280, h:720, format:0x14, fps:15, num:3, isJpeg: 0
01-01 01:25:26.115   256   367 I FslCameraHAL: ae precapture trigger
01-01 01:25:26.164   256  2599 I FslCameraHAL: configure: w:1280, h:720, format:0x14, fps:15, num:3, isJpeg: 0
01-01 01:25:26.165   256   367 I FslCameraHAL: handleConfigureLocked, same config, res 1280x720, fmt 0x14, fps 15, 15, jpg 0
01-01 01:25:26.165   256   367 I FslCameraHAL: flushDevLocked
01-01 01:25:26.248   256   367 I FslCameraHAL: ae precapture trigger
01-01 01:25:26.297   256  2599 I FslCameraHAL: configure: w:1280, h:720, format:0x14, fps:15, num:3, isJpeg: 0
01-01 01:25:26.297   256   367 I FslCameraHAL: handleConfigureLocked, same config, res 1280x720, fmt 0x14, fps 15, 15, jpg 0
01-01 01:25:26.297   256   367 I FslCameraHAL: flushDevLocked
01-01 01:25:26.381   256   367 I FslCameraHAL: ae precapture trigger
01-01 01:25:26.433   256   367 I FslCameraHAL: handleConfigureLocked, same config, res 1280x720, fmt 0x14, fps 15, 15, jpg 0
01-01 01:25:26.433   256   367 I FslCameraHAL: flushDevLocked
01-01 01:25:26.449   255   386 W audio_hw_primary: do_out_standby... -1340005056
01-01 01:25:26.515   256   367 I FslCameraHAL: ae precapture trigger
01-01 01:25:27.433   256   367 I chatty  : uid=1047(cameraserver) MessageThread identical 27 lines
01-01 01:25:27.465   256   367 I FslCameraHAL: ae precapture trigger
01-01 01:25:27.491  2577  2577 I Choreographer: Skipped 77 frames!  The application may be doing too much work on its main thread.
01-01 01:25:27.497   256   367 I FslCameraHAL: ae precapture trigger
01-01 01:25:27.879   412   412 W WindowManager: removeWindowToken: Attempted to remove non-existing token: android.os.Binder@e205225
01-01 01:25:28.397   256   367 I chatty  : uid=1047(cameraserver) MessageThread identical 27 lines
01-01 01:25:28.432   256   367 I FslCameraHAL: ae precapture trigger
01-01 01:25:28.457   251   750 E BufferQueueProducer: [Toast#0] dequeueBuffer: BufferQueue has been abandoned
01-01 01:25:28.457   251   750 E BufferQueueProducer: [Toast#0] query: BufferQueue has been abandoned
01-01 01:25:28.457   251   750 E BufferQueueProducer: [Toast#0] query: BufferQueue has been abandoned
01-01 01:25:28.468   256   367 I FslCameraHAL: ae precapture trigger
01-01 01:25:28.488   412   571 W WindowManager: Failed looking up window callers=com.android.server.wm.WindowManagerService.windowForClientLocked:5797 com.android.server.wm.WindowManagerService.finishDrawingWindow:2340 com.android.server.wm.Session.finishDrawing:275 
01-01 01:25:28.508   256   367 I FslCameraHAL: ae precapture trigger
01-01 01:25:28.514   251   750 E BufferQueueProducer: [Toast#1] dequeueBuffer: BufferQueue has been abandoned
01-01 01:25:28.515   251   750 E BufferQueueProducer: [Toast#1] query: BufferQueue has been abandoned
01-01 01:25:28.516   412   571 W WindowManager: Failed looking up window callers=com.android.server.wm.WindowManagerService.windowForClientLocked:5797 com.android.server.wm.WindowManagerService.finishDrawingWindow:2340 com.android.server.wm.Session.finishDrawing:275 
01-01 01:25:28.526   412   571 W WindowManager: Failed looking up window callers=com.android.server.wm.WindowManagerService.windowForClientLocked:5797 com.android.server.wm.WindowManagerService.relayoutWindow:1931 com.android.server.wm.Session.relayout:239 
01-01 01:25:28.515   251   750 E BufferQueueProducer: [Toast#1] query: BufferQueue has been abandoned
01-01 01:25:28.532   256   367 I FslCameraHAL: ae precapture trigger
01-01 01:25:28.997   412   571 W WindowManager: Failed looking up window callers=com.android.server.wm.WindowManagerService.windowForClientLocked:5797 com.android.server.wm.WindowManagerService.removeWindow:1715 com.android.server.wm.Session.remove:222 
01-01 01:25:29.015   412   571 W WindowManager: Failed looking up window callers=com.android.server.wm.WindowManagerService.windowForClientLocked:5797 com.android.server.wm.WindowManagerService.finishDrawingWindow:2340 com.android.server.wm.Session.finishDrawing:275 
01-01 01:25:30.362   256   367 I chatty  : uid=1047(cameraserver) MessageThread identical 9 lines
01-01 01:25:30.382   256   367 I FslCameraHAL: ae precapture trigger
01-01 01:25:30.396  2577  2582 I zygote  : Do partial code cache collection, code=29KB, data=30KB
01-01 01:25:30.397  2577  2582 I zygote  : After code cache collection, code=29KB, data=30KB
01-01 01:25:30.397  2577  2582 I zygote  : Increasing code cache capacity to 128KB
01-01 01:25:30.809   256   367 I FslCameraHAL: ae precapture trigger
01-01 01:25:33.175   256   367 I chatty  : uid=1047(cameraserver) MessageThread identical 18 lines
01-01 01:25:33.618   256   367 I FslCameraHAL: ae precapture trigger
01-01 01:25:33.635   255  1645 I audio_hw_primary: start_output_stream... -1340005056, device 2
01-01 01:25:33.635   255  1645 I audio_hw_primary: headphone 0 ,headset 0 ,speaker 2, earpiece 0, 
01-01 01:25:33.639   256   367 I FslCameraHAL: ae precapture trigger
01-01 01:25:33.641   255  1645 W audio_hw_primary: card 1, port 0 device 0x2
01-01 01:25:33.641   255  1645 W audio_hw_primary: rate 48000, channel 2 period_size 0xc0
01-01 01:25:33.643   255  1645 W StreamHAL: Error from HAL stream in function get_presentation_position: Operation not permitted
01-01 01:25:33.743   412  2053 I ActivityManager: START u0 {cmp=com.epam.goldeneye/.facerecognition.FaceRecognitionActivity (has extras)} from uid 10037
01-01 01:25:33.647   255  1645 I chatty  : uid=1041(audioserver) writer identical 6 lines
01-01 01:25:33.647   255  1645 W StreamHAL: Error from HAL stream in function get_presentation_position: Operation not permitted
01-01 01:25:34.113   256   367 I FslCameraHAL: ae precapture trigger
01-01 01:25:34.164   256  1769 I Camera3-Device: disconnect: E
01-01 01:25:34.164   256  1769 I CameraLatencyHistogram: ProcessCaptureRequest latency histogram (417) samples:
01-01 01:25:34.164   256  1769 I CameraLatencyHistogram:        40     80    120    160    200    240    280    320    360    inf (max ms)
01-01 01:25:34.164   256  1769 I CameraLatencyHistogram:      98.08   0.96   0.48   0.00   0.00   0.00   0.24   0.00   0.00   0.24 (%)
01-01 01:25:34.165   256  1769 I FslCameraHAL: closeDev:0: Closing camera device
01-01 01:25:34.166   256  1769 I FslCameraHAL: closeDev
01-01 01:25:34.166   256   367 I FslCameraHAL: onDeviceStopLocked
01-01 01:25:34.172   256  1769 I CameraLatencyHistogram: Stream 0 dequeueBuffer latency histogram (414) samples:
01-01 01:25:34.172   256  1769 I CameraLatencyHistogram:         5     10     15     20     25     30     35     40     45    inf (max ms)
01-01 01:25:34.172   256  1769 I CameraLatencyHistogram:      84.78   1.93   0.00   0.00   0.00   0.00   0.00   0.00   0.00   13.29 (%)
01-01 01:25:34.175   256  1769 I CameraLatencyHistogram: Stream 1 dequeueBuffer latency histogram (3) samples:
01-01 01:25:34.175   256  1769 I CameraLatencyHistogram:         5     10     15     20     25     30     35     40     45    inf (max ms)
01-01 01:25:34.175   256  1769 I CameraLatencyHistogram:      33.33   0.00   66.67   0.00   0.00   0.00   0.00   0.00   0.00   0.00 (%)
01-01 01:25:34.176   256  1769 I Camera3-Device: disconnect: X
01-01 01:25:34.176   256  1769 I Camera3-Device: disconnect: E
01-01 01:25:34.180   256  1769 I CameraService: disconnect: Disconnected client for camera 0 for PID 2577
01-01 01:25:34.883  2577  2612 D FaceRecognitionActivity: beginRecognition() called with: file = [/storage/emulated/0/Android/data/com.epam.goldeneye/files/pic.jpg] Thread[AsyncTask #1,5,main]
01-01 01:25:35.160  2577  2612 D dlib    : jniNativeClassInit success
01-01 01:25:35.189  2577  2612 I native  : I/jni_face_det.cpp:145 jniInit
01-01 01:25:35.189  2577  2612 I native  : I/detector.h:81 Model Path: /sdcard/person.svm
01-01 01:25:35.191  2577  2612 I native  : I/detector.h:85 Not exist /sdcard/person.svm
01-01 01:25:35.191  2577  2612 I native  : I/detector.h:149 Init mFaceDetector
01-01 01:25:35.269   412   437 I ActivityManager: Displayed com.epam.goldeneye/.facerecognition.FaceRecognitionActivity: +1s72ms
01-01 01:25:35.464  2577  2582 I zygote  : Do partial code cache collection, code=60KB, data=62KB
01-01 01:25:35.465  2577  2582 I zygote  : After code cache collection, code=60KB, data=62KB
01-01 01:25:35.465  2577  2582 I zygote  : Increasing code cache capacity to 256KB
01-01 01:25:36.820   255   386 W audio_hw_primary: do_out_standby... -1340005056
01-01 01:25:37.378   412   573 E TaskPersister: File error accessing recents directory (directory doesn't exist?).
01-01 01:25:37.394  2577  2612 F libc    : Fatal signal 6 (SIGABRT), code -6 in tid 2612 (AsyncTask #1), pid 2577 (.epam.goldeneye)
01-01 01:25:37.533  2616  2616 I crash_dump32: obtaining output fd from tombstoned, type: kDebuggerdTombstone
01-01 01:25:37.535   279   279 I /system/bin/tombstoned: received crash request for pid 2577
01-01 01:25:37.537  2616  2616 I crash_dump32: performing dump of process 2577 (target tid = 2612)
01-01 01:25:37.539  2616  2616 F DEBUG   : *** *** *** *** *** *** *** *** *** *** *** *** *** *** *** ***
01-01 01:25:37.539  2616  2616 F DEBUG   : Build fingerprint: 'Things/iot_imx7d_pico/imx7d_pico:8.1.0/OIM1.180327.047/4795405:userdebug/dev-keys'
01-01 01:25:37.539  2616  2616 F DEBUG   : Revision: '0'
01-01 01:25:37.539  2616  2616 F DEBUG   : ABI: 'arm'
01-01 01:25:37.539  2616  2616 F DEBUG   : pid: 2577, tid: 2612, name: AsyncTask #1  >>> com.epam.goldeneye <<<
01-01 01:25:37.540  2616  2616 F DEBUG   : signal 6 (SIGABRT), code -6 (SI_TKILL), fault addr --------
01-01 01:25:37.540  2616  2616 F DEBUG   :     r0 00000000  r1 00000a34  r2 00000006  r3 00000008
01-01 01:25:37.540  2616  2616 F DEBUG   :     r4 00000a11  r5 00000a34  r6 9c1fe2b4  r7 0000010c
01-01 01:25:37.540  2616  2616 F DEBUG   :     r8 00000000  r9 964356a8  sl fffff730  fp b2dc1588
01-01 01:25:37.540  2616  2616 F DEBUG   :     ip 986291e0  sp 9c1fe2a0  lr b582d9f7  pc b5827428  cpsr 200f0030
01-01 01:25:37.551  2616  2616 F DEBUG   : 
01-01 01:25:37.551  2616  2616 F DEBUG   : backtrace:
01-01 01:25:37.551  2616  2616 F DEBUG   :     #00 pc 0001a428  /system/lib/libc.so (abort+63)
01-01 01:25:37.551  2616  2616 F DEBUG   :     #01 pc 00391b29  /data/app/com.epam.goldeneye-GybsFCOTFsmRcLcyqsLAPQ==/lib/arm/libandroid_dlib.so (__gnu_cxx::__verbose_terminate_handler()+220)
01-01 01:25:37.551  2616  2616 F DEBUG   :     #02 pc 003618d3  /data/app/com.epam.goldeneye-GybsFCOTFsmRcLcyqsLAPQ==/lib/arm/libandroid_dlib.so (__cxxabiv1::__terminate(void (*)())+2)
01-01 01:25:37.551  2616  2616 F DEBUG   :     #03 pc 00361903  /data/app/com.epam.goldeneye-GybsFCOTFsmRcLcyqsLAPQ==/lib/arm/libandroid_dlib.so (_ZSt9terminatev+10)
01-01 01:25:37.551  2616  2616 F DEBUG   :     #04 pc 00361559  /data/app/com.epam.goldeneye-GybsFCOTFsmRcLcyqsLAPQ==/lib/arm/libandroid_dlib.so (__cxa_throw+132)
01-01 01:25:37.552  2616  2616 F DEBUG   :     #05 pc 0007b948  /data/app/com.epam.goldeneye-GybsFCOTFsmRcLcyqsLAPQ==/lib/arm/libandroid_dlib.so (dlib::deserialize(int&, std::istream&)+232)
01-01 01:25:37.552  2616  2616 F DEBUG   :     #06 pc 0007b6ac  /data/app/com.epam.goldeneye-GybsFCOTFsmRcLcyqsLAPQ==/lib/arm/libandroid_dlib.so (dlib::deserialize(dlib::shape_predictor&, std::istream&)+52)
01-01 01:25:37.552  2616  2616 F DEBUG   :     #07 pc 0005f5d0  /data/app/com.epam.goldeneye-GybsFCOTFsmRcLcyqsLAPQ==/lib/arm/libandroid_dlib.so (DLibHOGFaceDetector::DLibHOGFaceDetector(std::string const&)+632)
01-01 01:25:37.552  2616  2616 F DEBUG   :     #08 pc 0005f21c  /data/app/com.epam.goldeneye-GybsFCOTFsmRcLcyqsLAPQ==/lib/arm/libandroid_dlib.so (Java_com_tzutalin_dlib_FaceDet_jniInit+172)
01-01 01:25:37.552  2616  2616 F DEBUG   :     #09 pc 00012701  /data/app/com.epam.goldeneye-GybsFCOTFsmRcLcyqsLAPQ==/oat/arm/base.odex (offset 0x12000)
01-01 01:25:39.616   279   279 E /system/bin/tombstoned: Tombstone written to: /data/tombstones/tombstone_20
01-01 01:25:39.644   412   434 I BootReceiver: Copying /data/tombstones/tombstone_20 to DropBox (SYSTEM_TOMBSTONE)
01-01 01:25:39.660   412  2621 W ActivityManager:   Force finishing activity com.epam.goldeneye/.facerecognition.FaceRecognitionActivity
01-01 01:25:39.827  2622  2622 E crash_reporter: Readlink failed on /proc/2577/exe with 13
01-01 01:25:39.830  2622  2622 I crash_reporter: GetSymlinkTarget failed - Path /proc/2577 DirectoryExists: 0
01-01 01:25:39.830  2622  2622 I crash_reporter: stat /proc/2577/exe failed: -1 13
01-01 01:25:39.833  2622  2622 W crash_reporter: Received crash notification for supplied_AsyncTask[2577] sig 6, user 10037 (sending notification report)
01-01 01:25:39.845  2622  2622 I crash_reporter: Writing minimal crash report.
01-01 01:25:39.848  2622  2622 I crash_reporter: Crash directory /data/misc/crash_reporter/crash not yet full, free space of 502366208 byt is greater than 268435456
01-01 01:25:39.853  2622  2622 W crash_reporter: Crash directory /data/misc/crash_reporter/crash already full with 32 pending reports
01-01 01:25:39.856  2622  2622 E crash_reporter: Directory /data/misc/crash_reporter/crash is out of capacity.
01-01 01:25:39.856  2622  2622 E crash_reporter: Could not get log directory; out of capacity: 1
01-01 01:25:39.856  2622  2622 W crash_reporter: Out of capacity.
01-01 01:25:39.862  2622  2622 W crash_reporter: Unable to generate minimal crash report.
01-01 01:25:39.889   412   422 I zygote  : Background concurrent copying GC freed 6442(724KB) AllocSpace objects, 17(1652KB) LOS objects, 19% free, 5MB/7MB, paused 1.989ms total 243.141ms
01-01 01:25:39.810  2622  2622 W crash_reporter: type=1400 audit(0.0:230): avc: denied { search } for name="2577" dev="proc" ino=44794 scontext=u:r:crash_reporter:s0 tcontext=u:r:untrusted_app:s0:c512,c768 tclass=dir permissive=0
01-01 01:25:39.942   412   485 W InputDispatcher: channel '6ecb39b com.epam.goldeneye/com.epam.goldeneye.facerecognition.FaceRecognitionActivity (server)' ~ Consumer closed input channel or an error occurred.  events=0x9
01-01 01:25:39.942   412   485 E InputDispatcher: channel '6ecb39b com.epam.goldeneye/com.epam.goldeneye.facerecognition.FaceRecognitionActivity (server)' ~ Channel is unrecoverably broken and will be disposed!
01-01 01:25:39.942   412   485 W InputDispatcher: channel '45424f2 com.epam.goldeneye/com.example.android.camera2basic.CameraActivity (server)' ~ Consumer closed input channel or an error occurred.  events=0x9
01-01 01:25:39.942   412   485 E InputDispatcher: channel '45424f2 com.epam.goldeneye/com.example.android.camera2basic.CameraActivity (server)' ~ Channel is unrecoverably broken and will be disposed!
01-01 01:25:39.944   233   233 I Zygote  : Process 2577 exited due to signal (6)
01-01 01:25:39.944   233   233 I Zygote  : Process 2577 dumped core.
01-01 01:25:39.952   412  2053 I WindowManager: WIN DEATH: Window{6ecb39b u0 com.epam.goldeneye/com.epam.goldeneye.facerecognition.FaceRecognitionActivity}
01-01 01:25:39.952   412  2053 W InputDispatcher: Attempted to unregister already unregistered input channel '6ecb39b com.epam.goldeneye/com.epam.goldeneye.facerecognition.FaceRecognitionActivity (server)'
01-01 01:25:39.810  2622  2622 W crash_reporter: type=1400 audit(0.0:231): avc: denied { getattr } for path="/proc/2577" dev="proc" ino=44794 scontext=u:r:crash_reporter:s0 tcontext=u:r:untrusted_app:s0:c512,c768 tclass=dir permissive=0
01-01 01:25:39.993   256  1769 I Camera2ClientBase: Closed Camera 0. Client was: com.epam.goldeneye (PID 2577, UID 10037)
01-01 01:25:39.994   412  2504 I ActivityManager: Process com.epam.goldeneye (pid 2577) has died: fore TOP 
01-01 01:25:39.820  2622  2622 W crash_reporter: type=1400 audit(0.0:232): avc: denied { search } for name="2577" dev="proc" ino=44794 scontext=u:r:crash_reporter:s0 tcontext=u:r:untrusted_app:s0:c512,c768 tclass=dir permissive=0
01-01 01:25:40.022   412  2051 I WindowManager: WIN DEATH: Window{45424f2 u0 com.epam.goldeneye/com.example.android.camera2basic.CameraActivity}
01-01 01:25:40.023   412  2051 W InputDispatcher: Attempted to unregister already unregistered input channel '45424f2 com.epam.goldeneye/com.example.android.camera2basic.CameraActivity (server)'
01-01 01:25:40.037   412   432 W zygote  : kill(-2577, 9) failed: No such process
01-01 01:25:40.037   412   432 I zygote  : Successfully killed process cgroup uid 10037 pid 2577 in 23ms
01-01 01:25:40.068   412  2504 I ActivityManager: Start proc 2625:com.epam.goldeneye/u0a37 for activity com.epam.goldeneye/com.example.android.camera2basic.CameraActivity
01-01 01:25:40.092   412   437 W ActivityManager: setHasOverlayUi called on unknown pid: 2577
01-01 01:25:40.140  2625  2625 W main    : type=1400 audit(0.0:233): avc: denied { create } for name="cgroup.procs" scontext=u:r:zygote:s0 tcontext=u:object_r:cgroup:s0 tclass=file permissive=0
01-01 01:25:40.168  2625  2625 I zygote  : Late-enabling -Xcheck:jni
01-01 01:25:40.992  2625  2625 D Camera2BasicFragment: onActivityCreated: /storage/emulated/0/Android/data/com.epam.goldeneye/files/pic.jpg
01-01 01:25:41.033  2625  2647 D OpenGLRenderer: HWUI GL Pipeline
01-01 01:25:41.130  2625  2625 W RenderThread: type=1400 audit(0.0:234): avc: denied { search } for name="graphics" dev="tmpfs" ino=10928 scontext=u:r:untrusted_app:s0:c512,c768 tcontext=u:object_r:graphics_device:s0 tclass=dir permissive=0
01-01 01:25:41.159  2625  2647 I zygote  : android::hardware::configstore::V1_0::ISurfaceFlingerConfigs::hasWideColorDisplay retrieved: 0
01-01 01:25:41.159  2625  2647 I OpenGLRenderer: Initialized EGL, version 1.4
01-01 01:25:41.159  2625  2647 D OpenGLRenderer: Swap behavior 1
01-01 01:25:41.169  2625  2647 I swiftshader: precache at /vendor/etc/sw-vertex-com.epam.goldeneye.dir
01-01 01:25:41.172  2625  2647 I swiftshader: precache at /vendor/etc/sw-pixel-com.epam.goldeneye.dir
01-01 01:25:41.172  2625  2647 I swiftshader: precache at /vendor/etc/sw-setup-com.epam.goldeneye.dir
01-01 01:25:41.193  2625  2625 I CameraManagerGlobal: Connecting to camera service
01-01 01:25:41.227  2625  2625 E Camera2BasicFragment: Couldn't find any suitable preview size
01-01 01:25:41.246   256  1769 I CameraService: CameraService::connect call (PID -1 "com.epam.goldeneye", camera ID 0) for HAL version default and Camera API version 2
01-01 01:25:41.247   256  1769 I Camera2ClientBase: Camera 0: Opened. Client: com.epam.goldeneye (PID 2625, UID 10037)
01-01 01:25:41.248   256  1769 I CameraDeviceClient: CameraDeviceClient 0: Opened
01-01 01:25:41.257   256  1769 I FslCameraHAL: openDev:0: Opening camera device
01-01 01:25:41.257   256  1769 I FslCameraHAL: openDev
01-01 01:25:41.258   256  1769 I FslCameraHAL: setTemplate:0: Setting already constructed template type CAMERA3_TEMPLATE_PREVIEW(1)
01-01 01:25:41.258   256  1769 I FslCameraHAL: setTemplate:0: Setting already constructed template type CAMERA3_TEMPLATE_STILL_CAPTURE(2)
01-01 01:25:41.258   256  1769 I FslCameraHAL: setTemplate:0: Setting already constructed template type CAMERA3_TEMPLATE_VIDEO_RECORD(3)
01-01 01:25:41.258   256  1769 I FslCameraHAL: setTemplate:0: Setting already constructed template type CAMERA3_TEMPLATE_VIDEO_SNAPSHOT(4)
01-01 01:25:41.259   256  1769 I FslCameraHAL: setTemplate:0: Setting already constructed template type CAMERA3_TEMPLATE_ZERO_SHUTTER_LAG(5)
01-01 01:25:41.259   256  1769 I FslCameraHAL: setTemplate:0: Setting already constructed template type CAMERA3_TEMPLATE_MANUAL(6)
01-01 01:25:41.267   256  1769 I FslCameraHAL: constructDefaultRequestSettings:0: type=1
01-01 01:25:41.273   256  1769 W CameraDeviceClient: createSurfaceFromGbp: Camera 0 with consumer usage flag: 256: Forcing asynchronous mode for stream
01-01 01:25:41.274   256  1769 W CameraDeviceClient: createSurfaceFromGbp: Camera 0: Overriding format 0x1 to IMPLEMENTATION_DEFINED
01-01 01:25:41.279   256  1769 I FslCameraHAL: config 0, type 0, res 1280x720, fmt 0x22, usage 0x100, maxbufs 0, priv 0x0, rotation 0
01-01 01:25:41.279   256  1769 I FslCameraHAL: config 1, type 0, res 1280x720, fmt 0x21, usage 0x3, maxbufs 0, priv 0x0, rotation 0
01-01 01:25:41.279   256  1769 I FslCameraHAL: Stream create preview stream
01-01 01:25:41.279   256  1769 I FslCameraHAL: preview, s->format is 0x1, mFormat 0x1
01-01 01:25:41.279   256  1769 I FslCameraHAL: stream: this 0xaa73a6c0, w:1280, h:720, format:0x1, usage:0x20302, buffers:3
01-01 01:25:41.280   256  1769 I FslCameraHAL: Stream create capture stream
01-01 01:25:41.280   256  1769 I FslCameraHAL: capture, s->format is 0x21, mFormat 0x21
01-01 01:25:41.280   256  1769 I FslCameraHAL: stream: this 0xaa73a500, w:1280, h:720, format:0x21, usage:0x20303, buffers:2
01-01 01:25:41.289   256  1769 D Camera3-Device: Set real time priority for request queue thread (tid 2651)
01-01 01:25:41.326  2625  2640 D vndksupport: Loading /vendor/lib/hw/android.hardware.graphics.mapper@2.0-impl.so from current namespace instead of sphal namespace.
01-01 01:25:41.328  2625  2640 D vndksupport: Loading /vendor/lib/hw/gralloc.imx7d.so from current namespace instead of sphal namespace.
01-01 01:25:41.428  2625  2640 D vndksupport: Loading /vendor/lib/hw/android.hardware.graphics.allocator@2.0-impl.so from current namespace instead of sphal namespace.
01-01 01:25:41.442  2625  2640 D vndksupport: Loading /vendor/lib/hw/gralloc.imx7d.so from current namespace instead of sphal namespace.
01-01 01:25:41.446  2625  2640 I display : IonManager used
01-01 01:25:41.467   256  2651 I FslCameraHAL: configure: w:1280, h:720, format:0x14, fps:15, num:3, isJpeg: 0
01-01 01:25:41.467   256   367 I FslCameraHAL: onDeviceConfigureLocked
01-01 01:25:41.467   256   367 I FslCameraHAL: can't support VIDIOC_S_INPUT
01-01 01:25:41.467   256   367 I FslCameraHAL: onDeviceConfigureLocked
01-01 01:25:41.468   256   367 W FslCameraHAL: onDeviceConfigureLocked, change fps from 15 to 30
01-01 01:25:41.468   256   367 I FslCameraHAL: Width * Height 1280 x 720 format YUYV, fps: 30
01-01 01:25:42.148   256   367 I FslCameraHAL: onDeviceStartLocked
01-01 01:25:42.175   256   367 I FslCameraHAL: onDeviceStartLocked VIDIOC_QBUF phy:0x98700000
01-01 01:25:42.175   256   367 I FslCameraHAL: onDeviceStartLocked VIDIOC_QBUF phy:0x98900000
01-01 01:25:42.175   256   367 I FslCameraHAL: onDeviceStartLocked VIDIOC_QBUF phy:0x98b00000
01-01 01:25:42.199   256   367 I FslCameraHAL: ae precapture trigger
01-01 01:25:42.243   256   367 I FslCameraHAL: onFrameAcquireLocked omit frame
01-01 01:25:42.276   256   367 I FslCameraHAL: onFrameAcquireLocked omit frame
01-01 01:25:42.326   256   367 I FslCameraHAL: ae precapture trigger
01-01 01:25:43.140   412   573 E TaskPersister: File error accessing recents directory (directory doesn't exist?).

