01-01 01:15:18.946   256  2414 I FslCameraHAL: configure: w:1280, h:720, format:0x14, fps:15, num:3, isJpeg: 0
01-01 01:15:18.947   256   367 I FslCameraHAL: ae precapture trigger
01-01 01:15:18.948   255  1645 W StreamHAL: Error from HAL stream in function get_presentation_position: Operation not permitted
01-01 01:15:18.951   255  1645 I chatty  : uid=1041(audioserver) writer identical 6 lines
01-01 01:15:18.951   255  1645 W StreamHAL: Error from HAL stream in function get_presentation_position: Operation not permitted
01-01 01:15:18.955   256  1769 I FslCameraHAL: flushDev:0: Flushing camera device
01-01 01:15:18.955   256  1769 I FslCameraHAL: flushDev
01-01 01:15:18.961   256  1769 I FslCameraHAL: flushDevLocked
01-01 01:15:18.981   255   386 D AudioFlinger: mixer(0xaff036c0) throttle end: throttle time(2)
01-01 01:15:18.989  2392  2409 W CameraCaptureSession: Session 0: abortCaptures - Session is already aborting; doing nothing
01-01 01:15:19.005  2392  2409 W CameraCaptureSession: Session 0: abortCaptures - Session is already aborting; doing nothing
01-01 01:15:19.061   256  2414 I FslCameraHAL: configure: w:1280, h:720, format:0x14, fps:15, num:3, isJpeg: 0
01-01 01:15:19.063   256   367 I FslCameraHAL: handleConfigureLocked, same config, res 1280x720, fmt 0x14, fps 15, 15, jpg 0
01-01 01:15:19.063   256   367 I FslCameraHAL: flushDevLocked
01-01 01:15:19.161   256  2414 I FslCameraHAL: configure: w:1280, h:720, format:0x14, fps:15, num:2, isJpeg: 1
01-01 01:15:19.163   256   367 I FslCameraHAL: ae precapture trigger
01-01 01:15:19.186  2392  2409 W CameraCaptureSession: Session 0: abortCaptures - Session is already aborting; doing nothing
01-01 01:15:19.213   256   367 I FslCameraHAL: handleConfigureLocked, same config, res 1280x720, fmt 0x14, fps 15, 15, jpg 0
01-01 01:15:19.213   256   367 I FslCameraHAL: flushDevLocked
01-01 01:15:19.295   256   367 I FslCameraHAL: ae precapture trigger
01-01 01:15:19.317  2392  2409 W CameraCaptureSession: Session 0: abortCaptures - Session is already aborting; doing nothing
01-01 01:15:19.346   256   367 I FslCameraHAL: handleConfigureLocked, same config, res 1280x720, fmt 0x14, fps 15, 15, jpg 1
01-01 01:15:19.346   256   367 I FslCameraHAL: flushDevLocked
01-01 01:15:19.428   256   367 I FslCameraHAL: ae precapture trigger
01-01 01:15:19.461   256   367 E FslCameraHAL: Invalid GPS coordinate
01-01 01:15:19.461   256   367 E FslCameraHAL: Invalid GPS coordinate
01-01 01:15:19.461   256   367 I FslCameraHAL: processJpegBuffer srcStream->mWidth:1280, srcStream->mHeight:720, v4l2Width:1280, v4l2Height:720
01-01 01:15:19.511  2392  2409 D Camera2BasicFragment: /storage/emulated/0/Android/data/com.epam.goldeneye/files/pic.jpg
01-01 01:15:19.912   256   367 I FslCameraHAL: processJpegBuffer: dstBuf->mSize(2076672)
01-01 01:15:19.925   256  2414 I FslCameraHAL: configure: w:1280, h:720, format:0x14, fps:15, num:2, isJpeg: 1
01-01 01:15:19.925   256   367 I FslCameraHAL: handleConfigureLocked, same config, res 1280x720, fmt 0x14, fps 15, 15, jpg 1
01-01 01:15:19.925   256   367 I FslCameraHAL: flushDevLocked
01-01 01:15:19.932  2392  2409 W AndroidMediaUtils: Image_getJpegSize: No JPEG header detected, defaulting to size=width=2073600
01-01 01:15:19.995   256   367 I FslCameraHAL: ae precapture trigger
01-01 01:15:20.028   256   367 E FslCameraHAL: Invalid GPS coordinate
01-01 01:15:20.028   256   367 E FslCameraHAL: Invalid GPS coordinate
01-01 01:15:20.028   256   367 I FslCameraHAL: processJpegBuffer srcStream->mWidth:1280, srcStream->mHeight:720, v4l2Width:1280, v4l2Height:720
01-01 01:15:20.181  2392  2392 I Choreographer: Skipped 68 frames!  The application may be doing too much work on its main thread.
01-01 01:15:20.218  2392  2409 D Camera2BasicFragment: /storage/emulated/0/Android/data/com.epam.goldeneye/files/pic.jpg
01-01 01:15:20.478  2392  2403 I zygote  : Background concurrent copying GC freed 3471(183KB) AllocSpace objects, 0(0B) LOS objects, 25% free, 3MB/4MB, paused 91.812ms total 479.057ms
01-01 01:15:20.936   256   367 I FslCameraHAL: processJpegBuffer: dstBuf->mSize(2076672)
01-01 01:15:20.940  2392  2409 W AndroidMediaUtils: Image_getJpegSize: No JPEG header detected, defaulting to size=width=2073600
01-01 01:15:20.940   256  2414 I FslCameraHAL: configure: w:1280, h:720, format:0x14, fps:15, num:2, isJpeg: 1
01-01 01:15:20.941   256   367 I FslCameraHAL: handleConfigureLocked, same config, res 1280x720, fmt 0x14, fps 15, 15, jpg 1
01-01 01:15:20.941   256   367 I FslCameraHAL: flushDevLocked
01-01 01:15:21.028   256   367 I FslCameraHAL: ae precapture trigger
01-01 01:15:21.034  2392  2409 D Camera2BasicFragment: /storage/emulated/0/Android/data/com.epam.goldeneye/files/pic.jpg
01-01 01:15:21.061   256   367 E FslCameraHAL: Invalid GPS coordinate
01-01 01:15:21.061   256   367 E FslCameraHAL: Invalid GPS coordinate
01-01 01:15:21.061   256   367 I FslCameraHAL: processJpegBuffer srcStream->mWidth:1280, srcStream->mHeight:720, v4l2Width:1280, v4l2Height:720
01-01 01:15:21.234  2392  2392 I Choreographer: Skipped 54 frames!  The application may be doing too much work on its main thread.
01-01 01:15:21.845   256   367 I FslCameraHAL: processJpegBuffer: dstBuf->mSize(2076672)
01-01 01:15:21.849  2392  2409 W AndroidMediaUtils: Image_getJpegSize: No JPEG header detected, defaulting to size=width=2073600
01-01 01:15:21.855   256  2414 I FslCameraHAL: configure: w:1280, h:720, format:0x14, fps:15, num:2, isJpeg: 1
01-01 01:15:21.858   256   367 I FslCameraHAL: handleConfigureLocked, same config, res 1280x720, fmt 0x14, fps 15, 15, jpg 1
01-01 01:15:21.858   256   367 I FslCameraHAL: flushDevLocked
01-01 01:15:21.928   256   367 I FslCameraHAL: ae precapture trigger
01-01 01:15:21.961   256   367 E FslCameraHAL: Invalid GPS coordinate
01-01 01:15:21.961   256   367 E FslCameraHAL: Invalid GPS coordinate
01-01 01:15:21.961   256   367 I FslCameraHAL: processJpegBuffer srcStream->mWidth:1280, srcStream->mHeight:720, v4l2Width:1280, v4l2Height:720
01-01 01:15:22.136   255   386 W audio_hw_primary: do_out_standby... -1340005056
01-01 01:15:22.200  2392  2403 I zygote  : NativeAlloc concurrent copying GC freed 660(91KB) AllocSpace objects, 2(2MB) LOS objects, 24% free, 3MB/4MB, paused 2.564ms total 979.300ms
01-01 01:15:22.357  2392  2409 D Camera2BasicFragment: /storage/emulated/0/Android/data/com.epam.goldeneye/files/pic.jpg
01-01 01:15:22.461   256   367 I FslCameraHAL: processJpegBuffer: dstBuf->mSize(2076672)
01-01 01:15:22.463  2392  2409 W AndroidMediaUtils: Image_getJpegSize: No JPEG header detected, defaulting to size=width=2073600
01-01 01:15:22.470   256  2414 I FslCameraHAL: configure: w:1280, h:720, format:0x14, fps:15, num:2, isJpeg: 1
01-01 01:15:22.470   256   367 I FslCameraHAL: handleConfigureLocked, same config, res 1280x720, fmt 0x14, fps 15, 15, jpg 1
01-01 01:15:22.470   256   367 I FslCameraHAL: flushDevLocked
01-01 01:15:22.561   256   367 I FslCameraHAL: ae precapture trigger
01-01 01:15:22.595   256   367 E FslCameraHAL: Invalid GPS coordinate
01-01 01:15:22.595   256  2414 I FslCameraHAL: configure: w:1280, h:720, format:0x14, fps:15, num:3, isJpeg: 0
01-01 01:15:22.595   256   367 E FslCameraHAL: Invalid GPS coordinate
01-01 01:15:22.595   256   367 I FslCameraHAL: processJpegBuffer srcStream->mWidth:1280, srcStream->mHeight:720, v4l2Width:1280, v4l2Height:720
01-01 01:15:22.595   256  2414 I FslCameraHAL: configure: w:1280, h:720, format:0x14, fps:15, num:3, isJpeg: 0
01-01 01:15:22.597  2392  2409 D Camera2BasicFragment: /storage/emulated/0/Android/data/com.epam.goldeneye/files/pic.jpg
01-01 01:15:22.618  2392  2403 I zygote  : Background concurrent copying GC freed 262(69KB) AllocSpace objects, 1(2028KB) LOS objects, 24% free, 3MB/4MB, paused 243us total 147.587ms
01-01 01:15:22.775   251   251 D SurfaceFlinger: duplicate layer name: changing Toast to Toast#1
01-01 01:15:23.043   256   367 I FslCameraHAL: processJpegBuffer: dstBuf->mSize(2076672)
01-01 01:15:23.045   256   367 I FslCameraHAL: handleConfigureLocked, same config, res 1280x720, fmt 0x14, fps 15, 15, jpg 0
01-01 01:15:23.045   256   367 I FslCameraHAL: flushDevLocked
01-01 01:15:23.046  2392  2409 W AndroidMediaUtils: Image_getJpegSize: No JPEG header detected, defaulting to size=width=2073600
01-01 01:15:23.128   256   367 I FslCameraHAL: ae precapture trigger
01-01 01:15:23.179   256   367 I FslCameraHAL: handleConfigureLocked, same config, res 1280x720, fmt 0x14, fps 15, 15, jpg 0
01-01 01:15:23.179   256   367 I FslCameraHAL: flushDevLocked
01-01 01:15:23.261   256   367 I FslCameraHAL: ae precapture trigger
01-01 01:15:23.674   256  2414 I FslCameraHAL: configure: w:1280, h:720, format:0x14, fps:15, num:3, isJpeg: 0
01-01 01:15:23.674   256   367 I FslCameraHAL: handleConfigureLocked, same config, res 1280x720, fmt 0x14, fps 15, 15, jpg 0
01-01 01:15:23.674   256   367 I FslCameraHAL: flushDevLocked
01-01 01:15:23.675   256   367 I FslCameraHAL: ae precapture trigger
01-01 01:15:23.745   251   251 D SurfaceFlinger: duplicate layer name: changing Toast to Toast#2
01-01 01:15:23.761   256  2414 I FslCameraHAL: configure: w:1280, h:720, format:0x14, fps:15, num:3, isJpeg: 0
01-01 01:15:23.776   280   280 I update_engine: [0101/011523:INFO:update_manager-inl.h(52)] AndroidThingsPolicy::UpdateCheckAllowed: START
01-01 01:15:23.780   256   367 I FslCameraHAL: handleConfigureLocked, same config, res 1280x720, fmt 0x14, fps 15, 15, jpg 0
01-01 01:15:23.780   256   367 I FslCameraHAL: flushDevLocked
01-01 01:15:23.783   280   280 I update_engine: [0101/011523:INFO:next_update_check_policy_impl.cc(48)] Periodic check interval not satisfied, blocking until 1/1/2009 5:02:47 GMT
01-01 01:15:23.783   280   280 I update_engine: [0101/011523:INFO:policy_utils.h(58)] decision by NextUpdateCheckTimePolicyImpl::UpdateCheckAllowed
01-01 01:15:23.783   280   280 I update_engine: [0101/011523:INFO:update_manager-inl.h(74)] AndroidThingsPolicy::UpdateCheckAllowed: END
01-01 01:15:23.800   251   251 D SurfaceFlinger: duplicate layer name: changing Toast to Toast#3
01-01 01:15:23.861   256  2414 I FslCameraHAL: configure: w:1280, h:720, format:0x14, fps:15, num:3, isJpeg: 0
01-01 01:15:23.861   256   367 I FslCameraHAL: ae precapture trigger
01-01 01:15:23.914   256   367 I FslCameraHAL: handleConfigureLocked, same config, res 1280x720, fmt 0x14, fps 15, 15, jpg 0
01-01 01:15:23.914   256   367 I FslCameraHAL: flushDevLocked
01-01 01:15:23.957   251   251 D SurfaceFlinger: duplicate layer name: changing Toast to Toast#4
01-01 01:15:23.995   256  2414 I FslCameraHAL: configure: w:1280, h:720, format:0x14, fps:15, num:3, isJpeg: 0
01-01 01:15:23.995   256   367 I FslCameraHAL: ae precapture trigger
01-01 01:15:24.045   256   367 I FslCameraHAL: handleConfigureLocked, same config, res 1280x720, fmt 0x14, fps 15, 15, jpg 0
01-01 01:15:24.045   256   367 I FslCameraHAL: flushDevLocked
01-01 01:15:24.128   256   367 I FslCameraHAL: ae precapture trigger
01-01 01:15:24.852   412   412 W WindowManager: removeWindowToken: Attempted to remove non-existing token: android.os.Binder@6325eb9
01-01 01:15:25.528   412  1477 W WindowManager: Failed looking up window callers=com.android.server.wm.WindowManagerService.windowForClientLocked:5797 com.android.server.wm.WindowManagerService.removeWindow:1715 com.android.server.wm.Session.remove:222 
01-01 01:15:26.452   256   367 I chatty  : uid=1047(cameraserver) MessageThread identical 19 lines
01-01 01:15:26.895   256   367 I FslCameraHAL: ae precapture trigger
01-01 01:15:26.910   255  1645 I audio_hw_primary: start_output_stream... -1340005056, device 2
01-01 01:15:26.910   255  1645 I audio_hw_primary: headphone 0 ,headset 0 ,speaker 2, earpiece 0, 
01-01 01:15:26.914   256   367 I FslCameraHAL: ae precapture trigger
01-01 01:15:26.917   255  1645 W audio_hw_primary: card 1, port 0 device 0x2
01-01 01:15:26.917   255  1645 W audio_hw_primary: rate 48000, channel 2 period_size 0xc0
01-01 01:15:26.921   255  1645 W StreamHAL: Error from HAL stream in function get_presentation_position: Operation not permitted
01-01 01:15:26.972   412   426 I ActivityManager: START u0 {cmp=com.epam.goldeneye/.facerecognition.FaceRecognitionActivity (has extras)} from uid 10037
01-01 01:15:26.924   255  1645 I chatty  : uid=1041(audioserver) writer identical 6 lines
01-01 01:15:26.925   255  1645 W StreamHAL: Error from HAL stream in function get_presentation_position: Operation not permitted
01-01 01:15:27.412   256   367 I FslCameraHAL: ae precapture trigger
01-01 01:15:27.463   256  1769 I Camera3-Device: disconnect: E
01-01 01:15:27.463   256  1769 I CameraLatencyHistogram: ProcessCaptureRequest latency histogram (624) samples:
01-01 01:15:27.463   256  1769 I CameraLatencyHistogram:        40     80    120    160    200    240    280    320    360    inf (max ms)
01-01 01:15:27.463   256  1769 I CameraLatencyHistogram:      98.40   0.48   0.96   0.00   0.00   0.00   0.00   0.00   0.00   0.16 (%)
01-01 01:15:27.464   256  1769 I FslCameraHAL: closeDev:0: Closing camera device
01-01 01:15:27.464   256  1769 I FslCameraHAL: closeDev
01-01 01:15:27.465   256   367 I FslCameraHAL: onDeviceStopLocked
01-01 01:15:27.482   256  1769 I CameraLatencyHistogram: Stream 0 dequeueBuffer latency histogram (619) samples:
01-01 01:15:27.482   256  1769 I CameraLatencyHistogram:         5     10     15     20     25     30     35     40     45    inf (max ms)
01-01 01:15:27.482   256  1769 I CameraLatencyHistogram:      69.14   0.65   0.48   0.00   0.00   0.00   0.00   0.00   0.00   29.73 (%)
01-01 01:15:27.485   256  1769 I CameraLatencyHistogram: Stream 1 dequeueBuffer latency histogram (5) samples:
01-01 01:15:27.485   256  1769 I CameraLatencyHistogram:         5     10     15     20     25     30     35     40     45    inf (max ms)
01-01 01:15:27.485   256  1769 I CameraLatencyHistogram:      60.00   20.00   0.00   20.00   0.00   0.00   0.00   0.00   0.00   0.00 (%)
01-01 01:15:27.485   256  1769 I Camera3-Device: disconnect: X
01-01 01:15:27.485   256  1769 I Camera3-Device: disconnect: E
01-01 01:15:27.490   412   430 W ActivityManager: Activity pause timeout for ActivityRecord{4aa8553 u0 com.epam.goldeneye/com.example.android.camera2basic.CameraActivity t92}
01-01 01:15:27.496   256  1769 I CameraService: disconnect: Disconnected client for camera 0 for PID 2392
01-01 01:15:27.910  2392  2426 D FaceRecognitionActivity: beginRecognition() called with: file = [/storage/emulated/0/Android/data/com.epam.goldeneye/files/pic.jpg] Thread[Thread-2,5,main]
01-01 01:15:28.508  2392  2426 D dlib    : jniNativeClassInit success
01-01 01:15:28.535  2392  2426 I native  : I/jni_face_det.cpp:145 jniInit
01-01 01:15:28.548  2392  2426 I native  : I/detector.h:81 Model Path: /sdcard/person.svm
01-01 01:15:28.557  2392  2426 I native  : I/detector.h:85 Not exist /sdcard/person.svm
01-01 01:15:28.557  2392  2426 I native  : I/detector.h:149 Init mFaceDetector
01-01 01:15:28.615   412   437 I ActivityManager: Displayed com.epam.goldeneye/.facerecognition.FaceRecognitionActivity: +1s113ms
01-01 01:15:30.096   255   386 W audio_hw_primary: do_out_standby... -1340005056
01-01 01:15:30.166   412   422 I zygote  : Background concurrent copying GC freed 15623(999KB) AllocSpace objects, 7(332KB) LOS objects, 19% free, 5MB/6MB, paused 291us total 166.135ms
01-01 01:15:30.659   412   573 E TaskPersister: File error accessing recents directory (directory doesn't exist?).
01-01 01:15:30.795  2392  2426 F libc    : Fatal signal 6 (SIGABRT), code -6 in tid 2426 (Thread-2), pid 2392 (.epam.goldeneye)
01-01 01:15:31.029  2430  2430 I crash_dump32: obtaining output fd from tombstoned, type: kDebuggerdTombstone
01-01 01:15:31.030   279   279 I /system/bin/tombstoned: received crash request for pid 2392
01-01 01:15:31.031  2430  2430 I crash_dump32: performing dump of process 2392 (target tid = 2426)
01-01 01:15:31.033  2430  2430 F DEBUG   : *** *** *** *** *** *** *** *** *** *** *** *** *** *** *** ***
01-01 01:15:31.033  2430  2430 F DEBUG   : Build fingerprint: 'Things/iot_imx7d_pico/imx7d_pico:8.1.0/OIM1.180327.047/4795405:userdebug/dev-keys'
01-01 01:15:31.034  2430  2430 F DEBUG   : Revision: '0'
01-01 01:15:31.034  2430  2430 F DEBUG   : ABI: 'arm'
01-01 01:15:31.034  2430  2430 F DEBUG   : pid: 2392, tid: 2426, name: Thread-2  >>> com.epam.goldeneye <<<
01-01 01:15:31.034  2430  2430 F DEBUG   : signal 6 (SIGABRT), code -6 (SI_TKILL), fault addr --------
01-01 01:15:31.034  2430  2430 F DEBUG   :     r0 00000000  r1 0000097a  r2 00000006  r3 00000008
01-01 01:15:31.035  2430  2430 F DEBUG   :     r4 00000958  r5 0000097a  r6 9c1fe674  r7 0000010c
01-01 01:15:31.035  2430  2430 F DEBUG   :     r8 00000000  r9 957296a8  sl fffff730  fp b2dc1588
01-01 01:15:31.035  2430  2430 F DEBUG   :     ip 9c941fa0  sp 9c1fe660  lr b582d9f7  pc b5827428  cpsr 200f0030
01-01 01:15:31.047  2430  2430 F DEBUG   : 
01-01 01:15:31.047  2430  2430 F DEBUG   : backtrace:
01-01 01:15:31.047  2430  2430 F DEBUG   :     #00 pc 0001a428  /system/lib/libc.so (abort+63)
01-01 01:15:31.047  2430  2430 F DEBUG   :     #01 pc 00391b29  /data/app/com.epam.goldeneye-TZydvnqV80UbQ0VqZl5LFw==/lib/arm/libandroid_dlib.so (__gnu_cxx::__verbose_terminate_handler()+220)
01-01 01:15:31.047  2430  2430 F DEBUG   :     #02 pc 003618d3  /data/app/com.epam.goldeneye-TZydvnqV80UbQ0VqZl5LFw==/lib/arm/libandroid_dlib.so (__cxxabiv1::__terminate(void (*)())+2)
01-01 01:15:31.047  2430  2430 F DEBUG   :     #03 pc 00361903  /data/app/com.epam.goldeneye-TZydvnqV80UbQ0VqZl5LFw==/lib/arm/libandroid_dlib.so (_ZSt9terminatev+10)
01-01 01:15:31.047  2430  2430 F DEBUG   :     #04 pc 00361559  /data/app/com.epam.goldeneye-TZydvnqV80UbQ0VqZl5LFw==/lib/arm/libandroid_dlib.so (__cxa_throw+132)
01-01 01:15:31.047  2430  2430 F DEBUG   :     #05 pc 0007b948  /data/app/com.epam.goldeneye-TZydvnqV80UbQ0VqZl5LFw==/lib/arm/libandroid_dlib.so (dlib::deserialize(int&, std::istream&)+232)
01-01 01:15:31.047  2430  2430 F DEBUG   :     #06 pc 0007b6ac  /data/app/com.epam.goldeneye-TZydvnqV80UbQ0VqZl5LFw==/lib/arm/libandroid_dlib.so (dlib::deserialize(dlib::shape_predictor&, std::istream&)+52)
01-01 01:15:31.047  2430  2430 F DEBUG   :     #07 pc 0005f5d0  /data/app/com.epam.goldeneye-TZydvnqV80UbQ0VqZl5LFw==/lib/arm/libandroid_dlib.so (DLibHOGFaceDetector::DLibHOGFaceDetector(std::string const&)+632)
01-01 01:15:31.048  2430  2430 F DEBUG   :     #08 pc 0005f21c  /data/app/com.epam.goldeneye-TZydvnqV80UbQ0VqZl5LFw==/lib/arm/libandroid_dlib.so (Java_com_tzutalin_dlib_FaceDet_jniInit+172)
01-01 01:15:31.048  2430  2430 F DEBUG   :     #09 pc 00012701  /data/app/com.epam.goldeneye-TZydvnqV80UbQ0VqZl5LFw==/oat/arm/base.odex (offset 0x12000)
01-01 01:15:33.070   279   279 E /system/bin/tombstoned: Tombstone written to: /data/tombstones/tombstone_18
01-01 01:15:33.128   412   434 I BootReceiver: Copying /data/tombstones/tombstone_18 to DropBox (SYSTEM_TOMBSTONE)
01-01 01:15:33.145   412  2435 W ActivityManager:   Force finishing activity com.epam.goldeneye/.facerecognition.FaceRecognitionActivity
01-01 01:15:33.253  2436  2436 E crash_reporter: Readlink failed on /proc/2392/exe with 13
01-01 01:15:33.253  2436  2436 I crash_reporter: GetSymlinkTarget failed - Path /proc/2392 DirectoryExists: 0
01-01 01:15:33.253  2436  2436 I crash_reporter: stat /proc/2392/exe failed: -1 13
01-01 01:15:33.253  2436  2436 W crash_reporter: Received crash notification for supplied_Thread-2[2392] sig 6, user 10037 (sending notification report)
01-01 01:15:33.300  2436  2436 I crash_reporter: Writing minimal crash report.
01-01 01:15:33.301  2436  2436 I crash_reporter: Crash directory /data/misc/crash_reporter/crash not yet full, free space of 503177216 bytes is greater than 268435456
01-01 01:15:33.304  2436  2436 W crash_reporter: Crash directory /data/misc/crash_reporter/crash already full with 32 pending reports
01-01 01:15:33.305  2436  2436 E crash_reporter: Directory /data/misc/crash_reporter/crash is out of capacity.
01-01 01:15:33.305  2436  2436 E crash_reporter: Could not get log directory; out of capacity: 1
01-01 01:15:33.305  2436  2436 W crash_reporter: Out of capacity.
01-01 01:15:33.305  2436  2436 W crash_reporter: Unable to generate minimal crash report.
01-01 01:15:33.240  2436  2436 W crash_reporter: type=1400 audit(0.0:220): avc: denied { search } for name="2392" dev="proc" ino=41542 scontext=u:r:crash_reporter:s0 tcontext=u:r:untrusted_app:s0:c512,c768 tclass=dir permissive=0
01-01 01:15:33.353   412   422 I zygote  : Background concurrent copying GC freed 1805(223KB) AllocSpace objects, 10(1320KB) LOS objects, 19% free, 5MB/7MB, paused 599us total 208.887ms
01-01 01:15:33.240  2436  2436 W crash_reporter: type=1400 audit(0.0:221): avc: denied { getattr } for path="/proc/2392" dev="proc" ino=41542 scontext=u:r:crash_reporter:s0 tcontext=u:r:untrusted_app:s0:c512,c768 tclass=dir permissive=0
01-01 01:15:33.240  2436  2436 W crash_reporter: type=1400 audit(0.0:222): avc: denied { search } for name="2392" dev="proc" ino=41542 scontext=u:r:crash_reporter:s0 tcontext=u:r:untrusted_app:s0:c512,c768 tclass=dir permissive=0
01-01 01:15:33.429   412   485 W InputDispatcher: channel 'ee8b6c8 com.epam.goldeneye/com.epam.goldeneye.facerecognition.FaceRecognitionActivity (server)' ~ Consumer closed input channel or an error occurred.  events=0x9
01-01 01:15:33.429   412   485 E InputDispatcher: channel 'ee8b6c8 com.epam.goldeneye/com.epam.goldeneye.facerecognition.FaceRecognitionActivity (server)' ~ Channel is unrecoverably broken and will be disposed!
01-01 01:15:33.430   412   485 W InputDispatcher: channel '4896484 com.epam.goldeneye/com.example.android.camera2basic.CameraActivity (server)' ~ Consumer closed input channel or an error occurred.  events=0x9
01-01 01:15:33.430   412   485 E InputDispatcher: channel '4896484 com.epam.goldeneye/com.example.android.camera2basic.CameraActivity (server)' ~ Channel is unrecoverably broken and will be disposed!
01-01 01:15:33.438   412   462 I ActivityManager: Process com.epam.goldeneye (pid 2392) has died: fore TOP 
01-01 01:15:33.439   256  1769 I Camera2ClientBase: Closed Camera 0. Client was: com.epam.goldeneye (PID 2392, UID 10037)
01-01 01:15:33.440   233   233 I Zygote  : Process 2392 exited due to signal (6)
01-01 01:15:33.440   233   233 I Zygote  : Process 2392 dumped core.
01-01 01:15:33.440   412  2053 I WindowManager: WIN DEATH: Window{ee8b6c8 u0 com.epam.goldeneye/com.epam.goldeneye.facerecognition.FaceRecognitionActivity}
01-01 01:15:33.440   412  2053 W InputDispatcher: Attempted to unregister already unregistered input channel 'ee8b6c8 com.epam.goldeneye/com.epam.goldeneye.facerecognition.FaceRecognitionActivity (server)'
01-01 01:15:33.445   412  2358 I WindowManager: WIN DEATH: Window{4896484 u0 com.epam.goldeneye/com.example.android.camera2basic.CameraActivity}
01-01 01:15:33.445   412  2358 W InputDispatcher: Attempted to unregister already unregistered input channel '4896484 com.epam.goldeneye/com.example.android.camera2basic.CameraActivity (server)'
01-01 01:15:33.465   412   432 W zygote  : kill(-2392, 9) failed: No such process
01-01 01:15:33.465   412   432 I zygote  : Successfully killed process cgroup uid 10037 pid 2392 in 0ms
01-01 01:15:33.522   412   462 W ActivityManager: Slow operation: 68ms so far, now at startProcess: returned from zygote!
01-01 01:15:33.522   412   462 W ActivityManager: Slow operation: 68ms so far, now at startProcess: done updating battery stats
01-01 01:15:33.523   412   462 W ActivityManager: Slow operation: 68ms so far, now at startProcess: building log message
01-01 01:15:33.523   412   462 I ActivityManager: Start proc 2439:com.epam.goldeneye/u0a37 for activity com.epam.goldeneye/com.example.android.camera2basic.CameraActivity
01-01 01:15:33.523   412   462 W ActivityManager: Slow operation: 69ms so far, now at startProcess: starting to update pids map
01-01 01:15:33.523   412   462 W ActivityManager: Slow operation: 69ms so far, now at startProcess: done updating pids map
01-01 01:15:33.523   412   462 W ActivityManager: Slow operation: 69ms so far, now at startProcess: done starting proc!
01-01 01:15:33.554   412   437 W ActivityManager: setHasOverlayUi called on unknown pid: 2392
01-01 01:15:33.570   412   431 W Looper  : Dispatch took 117ms on android.ui, h=Handler (com.android.server.am.ActivityManagerService$UiHandler) {ef09b73} cb=null msg=53
01-01 01:15:33.570  2439  2439 W main    : type=1400 audit(0.0:223): avc: denied { create } for name="cgroup.procs" scontext=u:r:zygote:s0 tcontext=u:object_r:cgroup:s0 tclass=file permissive=0
01-01 01:15:33.606  2439  2439 I zygote  : Late-enabling -Xcheck:jni
01-01 01:15:34.502  2439  2439 D Camera2BasicFragment: onActivityCreated: /storage/emulated/0/Android/data/com.epam.goldeneye/files/pic.jpg
01-01 01:15:34.542  2439  2462 D OpenGLRenderer: HWUI GL Pipeline
01-01 01:15:34.630  2439  2439 W RenderThread: type=1400 audit(0.0:224): avc: denied { search } for name="graphics" dev="tmpfs" ino=10928 scontext=u:r:untrusted_app:s0:c512,c768 tcontext=u:object_r:graphics_device:s0 tclass=dir permissive=0
01-01 01:15:34.681  2439  2462 I zygote  : android::hardware::configstore::V1_0::ISurfaceFlingerConfigs::hasWideColorDisplay retrieved: 0
01-01 01:15:34.681  2439  2462 I OpenGLRenderer: Initialized EGL, version 1.4
01-01 01:15:34.682  2439  2462 D OpenGLRenderer: Swap behavior 1
01-01 01:15:34.692  2439  2462 I swiftshader: precache at /vendor/etc/sw-vertex-com.epam.goldeneye.dir
01-01 01:15:34.694  2439  2462 I swiftshader: precache at /vendor/etc/sw-pixel-com.epam.goldeneye.dir
01-01 01:15:34.694  2439  2462 I swiftshader: precache at /vendor/etc/sw-setup-com.epam.goldeneye.dir
01-01 01:15:34.724  2439  2439 I CameraManagerGlobal: Connecting to camera service
01-01 01:15:34.761  2439  2439 E Camera2BasicFragment: Couldn't find any suitable preview size
01-01 01:15:34.783   256  1769 I CameraService: CameraService::connect call (PID -1 "com.epam.goldeneye", camera ID 0) for HAL version default and Camera API version 2
01-01 01:15:34.787   256  1769 I Camera2ClientBase: Camera 0: Opened. Client: com.epam.goldeneye (PID 2439, UID 10037)
01-01 01:15:34.787   256  1769 I CameraDeviceClient: CameraDeviceClient 0: Opened
01-01 01:15:34.801   256  1769 I FslCameraHAL: openDev:0: Opening camera device
01-01 01:15:34.801   256  1769 I FslCameraHAL: openDev
01-01 01:15:34.802   256  1769 I FslCameraHAL: setTemplate:0: Setting already constructed template type CAMERA3_TEMPLATE_PREVIEW(1)
01-01 01:15:34.802   256  1769 I FslCameraHAL: setTemplate:0: Setting already constructed template type CAMERA3_TEMPLATE_STILL_CAPTURE(2)
01-01 01:15:34.802   256  1769 I FslCameraHAL: setTemplate:0: Setting already constructed template type CAMERA3_TEMPLATE_VIDEO_RECORD(3)
01-01 01:15:34.802   256  1769 I FslCameraHAL: setTemplate:0: Setting already constructed template type CAMERA3_TEMPLATE_VIDEO_SNAPSHOT(4)
01-01 01:15:34.803   256  1769 I FslCameraHAL: setTemplate:0: Setting already constructed template type CAMERA3_TEMPLATE_ZERO_SHUTTER_LAG(5)
01-01 01:15:34.803   256  1769 I FslCameraHAL: setTemplate:0: Setting already constructed template type CAMERA3_TEMPLATE_MANUAL(6)
01-01 01:15:34.819   256  1769 I FslCameraHAL: constructDefaultRequestSettings:0: type=1
01-01 01:15:34.853   256  1769 W CameraDeviceClient: createSurfaceFromGbp: Camera 0 with consumer usage flag: 256: Forcing asynchronous mode for stream
01-01 01:15:34.854   256  1769 W CameraDeviceClient: createSurfaceFromGbp: Camera 0: Overriding format 0x1 to IMPLEMENTATION_DEFINED
01-01 01:15:34.859   256  1769 I FslCameraHAL: config 0, type 0, res 1280x720, fmt 0x22, usage 0x100, maxbufs 0, priv 0x0, rotation 0
01-01 01:15:34.860   256  1769 I FslCameraHAL: config 1, type 0, res 1280x720, fmt 0x21, usage 0x3, maxbufs 0, priv 0x0, rotation 0
01-01 01:15:34.860   256  1769 I FslCameraHAL: Stream create preview stream
01-01 01:15:34.860   256  1769 I FslCameraHAL: preview, s->format is 0x1, mFormat 0x1
01-01 01:15:34.860   256  1769 I FslCameraHAL: stream: this 0xaa73a960, w:1280, h:720, format:0x1, usage:0x20302, buffers:3
01-01 01:15:34.860   256  1769 I FslCameraHAL: Stream create capture stream
01-01 01:15:34.860   256  1769 I FslCameraHAL: capture, s->format is 0x21, mFormat 0x21
01-01 01:15:34.860   256  1769 I FslCameraHAL: stream: this 0xaa73a7a0, w:1280, h:720, format:0x21, usage:0x20303, buffers:2
01-01 01:15:34.869   256  1769 D Camera3-Device: Set real time priority for request queue thread (tid 2466)
01-01 01:15:34.893  2439  2458 D vndksupport: Loading /vendor/lib/hw/android.hardware.graphics.mapper@2.0-impl.so from current namespace instead of sphal namespace.
01-01 01:15:34.898  2439  2458 D vndksupport: Loading /vendor/lib/hw/gralloc.imx7d.so from current namespace instead of sphal namespace.
01-01 01:15:34.960  2439  2458 D vndksupport: Loading /vendor/lib/hw/android.hardware.graphics.allocator@2.0-impl.so from current namespace instead of sphal namespace.
01-01 01:15:34.962  2439  2458 D vndksupport: Loading /vendor/lib/hw/gralloc.imx7d.so from current namespace instead of sphal namespace.
01-01 01:15:34.991  2439  2458 I display : IonManager used
01-01 01:15:35.026   256  2466 I FslCameraHAL: configure: w:1280, h:720, format:0x14, fps:15, num:3, isJpeg: 0
01-01 01:15:35.027   256   367 I FslCameraHAL: onDeviceConfigureLocked
01-01 01:15:35.027   256   367 I FslCameraHAL: can't support VIDIOC_S_INPUT
01-01 01:15:35.027   256   367 I FslCameraHAL: onDeviceConfigureLocked
01-01 01:15:35.027   256   367 W FslCameraHAL: onDeviceConfigureLocked, change fps from 15 to 30
01-01 01:15:35.027   256   367 I FslCameraHAL: Width * Height 1280 x 720 format YUYV, fps: 30
01-01 01:15:35.718   256   367 I FslCameraHAL: onDeviceStartLocked
01-01 01:15:35.732   256   367 I FslCameraHAL: onDeviceStartLocked VIDIOC_QBUF phy:0x98200000
01-01 01:15:35.733   256   367 I FslCameraHAL: onDeviceStartLocked VIDIOC_QBUF phy:0x98f00000
01-01 01:15:35.733   256   367 I FslCameraHAL: onDeviceStartLocked VIDIOC_QBUF phy:0x99100000
01-01 01:15:35.769   256   367 I FslCameraHAL: ae precapture trigger
01-01 01:15:35.815   256   367 I FslCameraHAL: onFrameAcquireLocked omit frame
01-01 01:15:35.848   256   367 I FslCameraHAL: onFrameAcquireLocked omit frame
01-01 01:15:35.899   256   367 I FslCameraHAL: ae precapture trigger
01-01 01:15:36.558   412   573 E TaskPersister: File error accessing recents directory (directory doesn't exist?).
01-01 01:15:40.299   256   367 I chatty  : uid=1047(cameraserver) MessageThread identical 132 lines
01-01 01:15:40.340   256   367 I FslCameraHAL: ae precapture trigger
01-01 01:15:40.345  2439  2462 D vndksupport: Loading /vendor/lib/hw/gralloc.imx7d.so from current namespace instead of sphal namespace.
01-01 01:15:40.370   256   367 I FslCameraHAL: ae precapture trigger
01-01 01:15:40.372   412   437 I ActivityManager: Displayed com.epam.goldeneye/com.example.android.camera2basic.CameraActivity: +6s912ms
01-01 01:15:40.385  2439  2439 I Choreographer: Skipped 304 frames!  The application may be doing too much work on its main thread.
01-01 01:15:40.427  2439  2462 D vndksupport: Loading /vendor/lib/hw/gralloc.imx7d.so from current namespace instead of sphal namespace.
01-01 01:15:40.427   256   367 I FslCameraHAL: ae precapture trigger
01-01 01:16:10.094   256   367 I chatty  : uid=1047(cameraserver) MessageThread identical 175 lines
01-01 01:16:10.499   256   367 I FslCameraHAL: ae precapture trigger
01-01 01:16:10.525  2439  2447 I zygote  : Do partial code cache collection, code=20KB, data=23KB
01-01 01:16:10.526  2439  2447 I zygote  : After code cache collection, code=20KB, data=23KB
01-01 01:16:10.526  2439  2447 I zygote  : Increasing code cache capacity to 128KB
01-01 01:16:10.527   256   367 I FslCameraHAL: ae precapture trigger
01-01 01:16:44.765   256   367 I chatty  : uid=1047(cameraserver) MessageThread identical 164 lines
01-01 01:16:44.784   256   367 I FslCameraHAL: ae precapture trigger
01-01 01:16:45.029  2439  2447 I zygote  : Do partial code cache collection, code=62KB, data=48KB
01-01 01:16:45.030  2439  2447 I zygote  : After code cache collection, code=62KB, data=48KB
01-01 01:16:45.030  2439  2447 I zygote  : Increasing code cache capacity to 256KB
01-01 01:16:45.179   256   367 I FslCameraHAL: ae precapture trigger
01-01 01:16:45.208   256   367 I FslCameraHAL: ae precapture trigger
01-01 01:16:45.275   248   248 I WifiHAL : Got channel list with 11 channels
01-01 01:16:45.277   248   248 I WifiHAL : Got channel list with 10 channels
01-01 01:16:45.278   248   248 I WifiHAL : Got channel list with 15 channels
01-01 01:16:45.368  2439  2453 I zygote  : Background concurrent copying GC freed 10809(388KB) AllocSpace objects, 0(0B) LOS objects, 28% free, 1255KB/1767KB, paused 188us total 120.807ms
01-01 01:16:45.672   256   367 I FslCameraHAL: ae precapture trigger
01-01 01:16:48.987   256   367 I chatty  : uid=1047(cameraserver) MessageThread identical 16 lines
01-01 01:16:49.006   256   367 I FslCameraHAL: ae precapture trigger
01-01 01:16:49.115   412  1144 D WificondControl: Scan result ready event
01-01 01:16:49.169   412   495 W WifiConfigManager: Looking up network with invalid networkId -1
01-01 01:16:49.430   256   367 I FslCameraHAL: ae precapture trigger
01-01 01:18:10.781   256   367 I chatty  : uid=1047(cameraserver) MessageThread identical 396 lines
01-01 01:18:10.801   256   367 I FslCameraHAL: ae precapture trigger
01-01 01:18:11.037  2439  2453 I zygote  : Background concurrent copying GC freed 12821(423KB) AllocSpace objects, 0(0B) LOS objects, 29% free, 1241KB/1753KB, paused 130us total 231.025ms
01-01 01:18:11.234   256   367 I FslCameraHAL: ae precapture trigger
01-01 01:19:22.539   256   367 I chatty  : uid=1047(cameraserver) MessageThread identical 347 lines
01-01 01:19:22.558   256   367 I FslCameraHAL: ae precapture trigger
01-01 01:19:22.844  2439  2453 I zygote  : Background concurrent copying GC freed 11639(409KB) AllocSpace objects, 0(0B) LOS objects, 29% free, 1224KB/1736KB, paused 131us total 283.751ms
01-01 01:19:22.959   256   367 I FslCameraHAL: ae precapture trigger
01-01 01:20:23.871   256   367 I chatty  : uid=1047(cameraserver) MessageThread identical 297 lines
01-01 01:20:23.889   256   367 I FslCameraHAL: ae precapture trigger
01-01 01:20:23.895   280   280 I update_engine: [0101/012023:INFO:update_manager-inl.h(52)] AndroidThingsPolicy::UpdateCheckAllowed: START
01-01 01:20:23.898   280   280 I update_engine: [0101/012023:INFO:next_update_check_policy_impl.cc(48)] Periodic check interval not satisfied, blocking until 1/1/2009 5:02:47 GMT
01-01 01:20:23.898   280   280 I update_engine: [0101/012023:INFO:policy_utils.h(58)] decision by NextUpdateCheckTimePolicyImpl::UpdateCheckAllowed
01-01 01:20:23.898   280   280 I update_engine: [0101/012023:INFO:update_manager-inl.h(74)] AndroidThingsPolicy::UpdateCheckAllowed: END
01-01 01:20:24.283   256   367 I FslCameraHAL: ae precapture trigger
01-01 01:20:44.737   256   367 I chatty  : uid=1047(cameraserver) MessageThread identical 100 lines
01-01 01:20:44.757   256   367 I FslCameraHAL: ae precapture trigger
01-01 01:20:45.139   248   248 I WifiHAL : Got channel list with 11 channels
01-01 01:20:45.144   248   248 I WifiHAL : Got channel list with 10 channels
01-01 01:20:45.146   248   248 I WifiHAL : Got channel list with 15 channels
01-01 01:20:45.174   256   367 I FslCameraHAL: ae precapture trigger
01-01 01:20:48.863   256   367 I chatty  : uid=1047(cameraserver) MessageThread identical 18 lines
01-01 01:20:48.881   256   367 I FslCameraHAL: ae precapture trigger
01-01 01:20:48.968   412  1144 D WificondControl: Scan result ready event
01-01 01:20:49.001   412   495 W WifiConfigManager: Looking up network with invalid networkId -1
01-01 01:20:49.290   256   367 I FslCameraHAL: ae precapture trigger
01-01 01:21:54.565   256   367 I chatty  : uid=1047(cameraserver) MessageThread identical 320 lines
01-01 01:21:54.590   256   367 I FslCameraHAL: ae precapture trigger
01-01 01:21:54.777  2439  2453 I zygote  : Background concurrent copying GC freed 13024(435KB) AllocSpace objects, 0(0B) LOS objects, 28% free, 1253KB/1765KB, paused 146us total 209.046ms
01-01 01:21:55.002   256   367 I FslCameraHAL: ae precapture trigger
01-01 01:23:10.955   256   367 I chatty  : uid=1047(cameraserver) MessageThread identical 372 lines
01-01 01:23:10.974   256   367 I FslCameraHAL: ae precapture trigger
01-01 01:23:11.259  2439  2453 I zygote  : Background concurrent copying GC freed 12192(420KB) AllocSpace objects, 0(0B) LOS objects, 28% free, 1273KB/1785KB, paused 147us total 301.990ms
01-01 01:23:11.372   256   367 I FslCameraHAL: ae precapture trigger
01-01 01:23:24.863   256   367 I chatty  : uid=1047(cameraserver) MessageThread identical 66 lines
01-01 01:23:24.882   256   367 I FslCameraHAL: ae precapture trigger
01-01 01:23:25.150   248   248 I WifiHAL : Got channel list with 11 channels
01-01 01:23:25.154   248   248 I WifiHAL : Got channel list with 10 channels
01-01 01:23:25.156   248   248 I WifiHAL : Got channel list with 15 channels
01-01 01:23:25.299   256   367 I FslCameraHAL: ae precapture trigger
01-01 01:23:28.983   256   367 I chatty  : uid=1047(cameraserver) MessageThread identical 18 lines
01-01 01:23:29.002   256   367 I FslCameraHAL: ae precapture trigger
01-01 01:23:29.077   412   462 D WificondControl: Scan result ready event
01-01 01:23:29.111   412   495 W WifiConfigManager: Looking up network with invalid networkId -1
01-01 01:23:29.441   256   367 I FslCameraHAL: ae precapture trigger
01-01 01:23:29.865   256   367 I chatty  : uid=1047(cameraserver) MessageThread identical 2 lines
01-01 01:23:29.889   256   367 I FslCameraHAL: ae precapture trigger
01-01 01:23:30.047   412   422 I zygote  : Background concurrent copying GC freed 32357(1501KB) AllocSpace objects, 7(508KB) LOS objects, 19% free, 5MB/6MB, paused 353us total 964.252ms
01-01 01:23:30.289   256   367 I FslCameraHAL: ae precapture trigger
01-01 01:24:11.544   256   367 I chatty  : uid=1047(cameraserver) MessageThread identical 203 lines
01-01 01:24:11.564   256   367 I FslCameraHAL: ae precapture trigger
01-01 01:24:11.687   255  1645 I audio_hw_primary: start_output_stream... -1340005056, device 2
01-01 01:24:11.687   255  1645 I audio_hw_primary: headphone 0 ,headset 0 ,speaker 2, earpiece 0, 
01-01 01:24:11.693   255  1645 W audio_hw_primary: card 1, port 0 device 0x2
01-01 01:24:11.693   255  1645 W audio_hw_primary: rate 48000, channel 2 period_size 0xc0
01-01 01:24:11.695   255  1645 W StreamHAL: Error from HAL stream in function get_presentation_position: Operation not permitted
01-01 01:24:11.729   412   462 I ActivityManager: START u0 {cmp=com.epam.goldeneye/.facerecognition.FaceRecognitionActivity (has extras)} from uid 10037
01-01 01:24:11.730   412   462 W ActivityManager: startActivity called from finishing ActivityRecord{4aa8553 u0 com.epam.goldeneye/com.example.android.camera2basic.CameraActivity t92 f}; forcing Intent.FLAG_ACTIVITY_NEW_TASK for: Intent { cmp=com.epam.goldeneye/.facerecognition.FaceRecognitionActivity (has extras) }
01-01 01:24:12.130   412   430 W ActivityManager: Activity pause timeout for ActivityRecord{4aa8553 u0 com.epam.goldeneye/com.example.android.camera2basic.CameraActivity t92 f}
01-01 01:24:11.700   255  1645 I chatty  : uid=1041(audioserver) writer identical 6 lines
01-01 01:24:11.701   255  1645 W StreamHAL: Error from HAL stream in function get_presentation_position: Operation not permitted
01-01 01:24:13.056   256   367 I FslCameraHAL: ae precapture trigger
01-01 01:24:13.097   256   367 I chatty  : uid=1047(cameraserver) MessageThread identical 2 lines
01-01 01:24:13.121   256   367 I FslCameraHAL: ae precapture trigger
01-01 01:24:13.161   256  1769 I Camera3-Device: disconnect: E
01-01 01:24:13.162   256  1769 I CameraLatencyHistogram: ProcessCaptureRequest latency histogram (2664) samples:
01-01 01:24:13.162   256  1769 I CameraLatencyHistogram:        40     80    120    160    200    240    280    320    360    inf (max ms)
01-01 01:24:13.163   256  1769 I CameraLatencyHistogram:      99.96   0.00   0.00   0.00   0.00   0.00   0.00   0.00   0.00   0.04 (%)
01-01 01:24:13.163   256  1769 I FslCameraHAL: closeDev:0: Closing camera device
01-01 01:24:13.163   256  1769 I FslCameraHAL: closeDev
01-01 01:24:13.164   256   367 I FslCameraHAL: onDeviceStopLocked
01-01 01:24:13.166   256  1769 I CameraLatencyHistogram: Stream 0 dequeueBuffer latency histogram (2664) samples:
01-01 01:24:13.166   256  1769 I CameraLatencyHistogram:         5     10     15     20     25     30     35     40     45    inf (max ms)
01-01 01:24:13.166   256  1769 I CameraLatencyHistogram:      52.36   1.05   0.04   0.00   0.08   0.00   0.00   0.00   0.00   46.47 (%)
01-01 01:24:13.167   256  1769 I Camera3-Device: disconnect: X
01-01 01:24:13.168   256  1769 I Camera3-Device: disconnect: E
01-01 01:24:13.182   256  1769 I CameraService: disconnect: Disconnected client for camera 0 for PID 2439
01-01 01:24:13.267   256  1769 I Camera2ClientBase: Closed Camera 0. Client was: com.epam.goldeneye (PID 2439, UID 10037)
01-01 01:24:13.416  2439  2492 D FaceRecognitionActivity: beginRecognition() called with: file = [/storage/emulated/0/Android/data/com.epam.goldeneye/files/pic.jpg] Thread[Thread-2,5,main]
01-01 01:24:13.468  2439  2492 D dlib    : jniNativeClassInit success
01-01 01:24:13.472  2439  2492 I native  : I/jni_face_det.cpp:145 jniInit
01-01 01:24:13.473  2439  2492 I native  : I/detector.h:81 Model Path: /sdcard/person.svm
01-01 01:24:13.474  2439  2492 I native  : I/detector.h:85 Not exist /sdcard/person.svm
01-01 01:24:13.474  2439  2492 I native  : I/detector.h:149 Init mFaceDetector
01-01 01:24:13.565  2439  2447 I zygote  : Do full code cache collection, code=125KB, data=89KB
01-01 01:24:13.567  2439  2447 I zygote  : After code cache collection, code=121KB, data=79KB
01-01 01:24:13.761   412   437 I ActivityManager: Displayed com.epam.goldeneye/.facerecognition.FaceRecognitionActivity: +1s602ms
01-01 01:24:14.872   255   386 W audio_hw_primary: do_out_standby... -1340005056
01-01 01:24:15.762  2439  2492 F libc    : Fatal signal 6 (SIGABRT), code -6 in tid 2492 (Thread-2), pid 2439 (.epam.goldeneye)
01-01 01:24:15.881  2495  2495 I crash_dump32: obtaining output fd from tombstoned, type: kDebuggerdTombstone
01-01 01:24:15.882   279   279 I /system/bin/tombstoned: received crash request for pid 2439
01-01 01:24:15.884  2495  2495 I crash_dump32: performing dump of process 2439 (target tid = 2492)
01-01 01:24:15.885  2495  2495 F DEBUG   : *** *** *** *** *** *** *** *** *** *** *** *** *** *** *** ***
01-01 01:24:15.886  2495  2495 F DEBUG   : Build fingerprint: 'Things/iot_imx7d_pico/imx7d_pico:8.1.0/OIM1.180327.047/4795405:userdebug/dev-keys'
01-01 01:24:15.886  2495  2495 F DEBUG   : Revision: '0'
01-01 01:24:15.886  2495  2495 F DEBUG   : ABI: 'arm'
01-01 01:24:15.887  2495  2495 F DEBUG   : pid: 2439, tid: 2492, name: Thread-2  >>> com.epam.goldeneye <<<
01-01 01:24:15.887  2495  2495 F DEBUG   : signal 6 (SIGABRT), code -6 (SI_TKILL), fault addr --------
01-01 01:24:15.887  2495  2495 F DEBUG   :     r0 00000000  r1 000009bc  r2 00000006  r3 00000008
01-01 01:24:15.887  2495  2495 F DEBUG   :     r4 00000987  r5 000009bc  r6 9c1fe674  r7 0000010c
01-01 01:24:15.888  2495  2495 F DEBUG   :     r8 00000000  r9 965b16a8  sl fffff730  fp b2d937c8
01-01 01:24:15.888  2495  2495 F DEBUG   :     ip a92e9e40  sp 9c1fe660  lr b582d9f7  pc b5827428  cpsr 200f0030
01-01 01:24:15.897  2495  2495 F DEBUG   : 
01-01 01:24:15.897  2495  2495 F DEBUG   : backtrace:
01-01 01:24:15.897  2495  2495 F DEBUG   :     #00 pc 0001a428  /system/lib/libc.so (abort+63)
01-01 01:24:15.897  2495  2495 F DEBUG   :     #01 pc 00391b29  /data/app/com.epam.goldeneye-TZydvnqV80UbQ0VqZl5LFw==/lib/arm/libandroid_dlib.so (__gnu_cxx::__verbose_terminate_handler()+220)
01-01 01:24:15.897  2495  2495 F DEBUG   :     #02 pc 003618d3  /data/app/com.epam.goldeneye-TZydvnqV80UbQ0VqZl5LFw==/lib/arm/libandroid_dlib.so (__cxxabiv1::__terminate(void (*)())+2)
01-01 01:24:15.897  2495  2495 F DEBUG   :     #03 pc 00361903  /data/app/com.epam.goldeneye-TZydvnqV80UbQ0VqZl5LFw==/lib/arm/libandroid_dlib.so (_ZSt9terminatev+10)
01-01 01:24:15.897  2495  2495 F DEBUG   :     #04 pc 00361559  /data/app/com.epam.goldeneye-TZydvnqV80UbQ0VqZl5LFw==/lib/arm/libandroid_dlib.so (__cxa_throw+132)
01-01 01:24:15.898  2495  2495 F DEBUG   :     #05 pc 0007b948  /data/app/com.epam.goldeneye-TZydvnqV80UbQ0VqZl5LFw==/lib/arm/libandroid_dlib.so (dlib::deserialize(int&, std::istream&)+232)
01-01 01:24:15.898  2495  2495 F DEBUG   :     #06 pc 0007b6ac  /data/app/com.epam.goldeneye-TZydvnqV80UbQ0VqZl5LFw==/lib/arm/libandroid_dlib.so (dlib::deserialize(dlib::shape_predictor&, std::istream&)+52)
01-01 01:24:15.898  2495  2495 F DEBUG   :     #07 pc 0005f5d0  /data/app/com.epam.goldeneye-TZydvnqV80UbQ0VqZl5LFw==/lib/arm/libandroid_dlib.so (DLibHOGFaceDetector::DLibHOGFaceDetector(std::string const&)+632)
01-01 01:24:15.899  2495  2495 F DEBUG   :     #08 pc 0005f21c  /data/app/com.epam.goldeneye-TZydvnqV80UbQ0VqZl5LFw==/lib/arm/libandroid_dlib.so (Java_com_tzutalin_dlib_FaceDet_jniInit+172)
01-01 01:24:15.899  2495  2495 F DEBUG   :     #09 pc 00012701  /data/app/com.epam.goldeneye-TZydvnqV80UbQ0VqZl5LFw==/oat/arm/base.odex (offset 0x12000)
01-01 01:24:15.899   412   573 E TaskPersister: File error accessing recents directory (directory doesn't exist?).
01-01 01:24:17.600   279   279 E /system/bin/tombstoned: Tombstone written to: /data/tombstones/tombstone_19
01-01 01:24:17.612   412   434 I BootReceiver: Copying /data/tombstones/tombstone_19 to DropBox (SYSTEM_TOMBSTONE)
01-01 01:24:17.630   412  2500 W ActivityManager:   Force finishing activity com.epam.goldeneye/.facerecognition.FaceRecognitionActivity
01-01 01:24:17.758  2501  2501 E crash_reporter: Readlink failed on /proc/2439/exe with 13
01-01 01:24:17.759  2501  2501 I crash_reporter: GetSymlinkTarget failed - Path /proc/2439 DirectoryExists: 0
01-01 01:24:17.759  2501  2501 I crash_reporter: stat /proc/2439/exe failed: -1 13
01-01 01:24:17.759  2501  2501 W crash_reporter: Received crash notification for supplied_Thread-2[2439] sig 6, user 10037 (sending notification report)
01-01 01:24:17.783   412   412 W TelecomManager: Telecom Service not found.
01-01 01:24:17.807  2501  2501 I crash_reporter: Writing minimal crash report.
01-01 01:24:17.750  2501  2501 W crash_reporter: type=1400 audit(0.0:225): avc: denied { search } for name="2439" dev="proc" ino=41829 scontext=u:r:crash_reporter:s0 tcontext=u:r:untrusted_app:s0:c512,c768 tclass=dir permissive=0
01-01 01:24:17.813  2501  2501 I crash_reporter: Crash directory /data/misc/crash_reporter/crash not yet full, free space of 502767616 bytes is greater than 268435456
01-01 01:24:17.813  2501  2501 W crash_reporter: Crash directory /data/misc/crash_reporter/crash already full with 32 pending reports
01-01 01:24:17.814  2501  2501 E crash_reporter: Directory /data/misc/crash_reporter/crash is out of capacity.
01-01 01:24:17.814  2501  2501 E crash_reporter: Could not get log directory; out of capacity: 1
01-01 01:24:17.814  2501  2501 W crash_reporter: Out of capacity.
01-01 01:24:17.814  2501  2501 W crash_reporter: Unable to generate minimal crash report.
01-01 01:24:17.750  2501  2501 W crash_reporter: type=1400 audit(0.0:226): avc: denied { getattr } for path="/proc/2439" dev="proc" ino=41829 scontext=u:r:crash_reporter:s0 tcontext=u:r:untrusted_app:s0:c512,c768 tclass=dir permissive=0
01-01 01:24:17.750  2501  2501 W crash_reporter: type=1400 audit(0.0:227): avc: denied { search } for name="2439" dev="proc" ino=41829 scontext=u:r:crash_reporter:s0 tcontext=u:r:untrusted_app:s0:c512,c768 tclass=dir permissive=0
01-01 01:24:17.938   412   485 W InputDispatcher: channel 'cc240c com.epam.goldeneye/com.epam.goldeneye.facerecognition.FaceRecognitionActivity (server)' ~ Consumer closed input channel or an error occurred.  events=0x9
01-01 01:24:17.938   412   485 E InputDispatcher: channel 'cc240c com.epam.goldeneye/com.epam.goldeneye.facerecognition.FaceRecognitionActivity (server)' ~ Channel is unrecoverably broken and will be disposed!
01-01 01:24:17.941   233   233 I Zygote  : Process 2439 exited due to signal (6)
01-01 01:24:17.941   233   233 I Zygote  : Process 2439 dumped core.
01-01 01:24:17.946   412  2051 I WindowManager: WIN DEATH: Window{cc240c u0 com.epam.goldeneye/com.epam.goldeneye.facerecognition.FaceRecognitionActivity}
01-01 01:24:17.946   412  2051 W InputDispatcher: Attempted to unregister already unregistered input channel 'cc240c com.epam.goldeneye/com.epam.goldeneye.facerecognition.FaceRecognitionActivity (server)'
01-01 01:24:17.986   412   848 I ActivityManager: Process com.epam.goldeneye (pid 2439) has died: vis  +99TOP 
01-01 01:24:17.998   412   432 W zygote  : kill(-2439, 9) failed: No such process
01-01 01:24:17.998   412   432 I zygote  : Successfully killed process cgroup uid 10037 pid 2439 in 0ms
01-01 01:24:18.044   412   422 I zygote  : Background concurrent copying GC freed 5739(538KB) AllocSpace objects, 12(1424KB) LOS objects, 19% free, 6MB/7MB, paused 602us total 416.651ms
01-01 01:24:18.085   412   437 W ActivityManager: setHasOverlayUi called on unknown pid: 2439
01-01 01:24:18.092   412  2504 W zygote  : Long monitor contention with owner Binder:412_6 (848) at void com.android.server.am.ActivityManagerService$AppDeathRecipient.binderDied()(ActivityManagerService.java:1625) waiters=2 in android.content.ComponentName com.android.server.am.ActivityManagerService.startService(android.app.IApplicationThread, android.content.Intent, java.lang.String, boolean, java.lang.String, int) for 104ms
01-01 01:24:18.179   824  2509 W AndroidThingsLauncher: Could not find accessibility settings
