01-01 00:09:15.539   412   571 W WindowManager: Permission Denial: dismissKeyguard from pid=1783, uid=2000 requires android.permission.CONTROL_KEYGUARD
01-01 00:09:31.389   412   442 I PackageParser: Parse times for '/data/app/vmdl2028330864.tmp': parse=232ms, update_cache=0 ms
01-01 00:09:35.212   412   430 I ActivityManager: Force stopping com.epam.goldeneye appid=10037 user=-1: installPackageLI
01-01 00:09:35.380   412   442 I PackageManager: Package com.epam.goldeneye codePath changed from /data/app/com.epam.goldeneye-THUXwPb2gMlhR-xPBuLB3Q== to /data/app/com.epam.goldeneye-yXsLrOBaYiRM42V4HwP89w==; Retaining data and using new
01-01 00:09:35.385   412   442 W PackageManager: Code path for com.epam.goldeneye changing from /data/app/com.epam.goldeneye-THUXwPb2gMlhR-xPBuLB3Q== to /data/app/com.epam.goldeneye-yXsLrOBaYiRM42V4HwP89w==
01-01 00:09:35.385   412   442 W PackageManager: Resource path for com.epam.goldeneye changing from /data/app/com.epam.goldeneye-THUXwPb2gMlhR-xPBuLB3Q== to /data/app/com.epam.goldeneye-yXsLrOBaYiRM42V4HwP89w==
01-01 00:09:35.612   412   442 D PackageManager: Ephemeral installer not found with new action; try old one
01-01 00:09:35.612   412   442 D PackageManager: Clear ephemeral installer activity
01-01 00:09:35.782   412   442 I ActivityManager: Force stopping com.epam.goldeneye appid=10037 user=0: pkg removed
01-01 00:09:36.664   412   429 W VoiceInteractionManagerService: no available voice recognition services found for user 0
01-01 00:09:38.074   412  1770 I ActivityManager: START u0 {act=android.intent.action.MAIN cat=[android.intent.category.LAUNCHER] flg=0x10000000 cmp=com.epam.goldeneye/com.example.android.camera2basic.CameraActivity} from uid 2000
01-01 00:09:38.462   412  1477 W ActivityManager: Slow operation: 164ms so far, now at startProcess: returned from zygote!
01-01 00:09:38.462   412  1477 W ActivityManager: Slow operation: 164ms so far, now at startProcess: done updating battery stats
01-01 00:09:38.462   412  1477 W ActivityManager: Slow operation: 164ms so far, now at startProcess: building log message
01-01 00:09:38.462   412  1477 I ActivityManager: Start proc 1851:com.epam.goldeneye/u0a37 for activity com.epam.goldeneye/com.example.android.camera2basic.CameraActivity
01-01 00:09:38.463   412  1477 W ActivityManager: Slow operation: 164ms so far, now at startProcess: starting to update pids map
01-01 00:09:38.463   412  1477 W ActivityManager: Slow operation: 164ms so far, now at startProcess: done updating pids map
01-01 00:09:38.463   412  1477 W ActivityManager: Slow operation: 164ms so far, now at startProcess: done starting proc!
01-01 00:09:38.956   412  1477 W ActivityManager: Slow operation: 52ms so far, now at attachApplicationLocked: after mServices.attachApplicationLocked
01-01 00:09:42.593   412   573 E TaskPersister: File error accessing recents directory (directory doesn't exist?).
01-01 00:09:48.184   412   430 W ActivityManager: Launch timeout has expired, giving up wake lock!
01-01 00:09:49.313   412   431 W Looper  : Dispatch took 342ms on android.ui, h=Handler (com.android.server.am.ActivityManagerService$UiHandler) {ef09b73} cb=null msg=53
01-01 00:09:52.068   412   430 I ActivityManager: Waited long enough for: ServiceRecord{b0775d u0 com.google.android.gms/.icing.service.IndexWorkerService}
01-01 00:12:36.159   412   412 W WindowManager: removeWindowToken: Attempted to remove non-existing token: android.os.Binder@782e59e
01-01 00:12:36.915   412  1477 W WindowManager: Failed looking up window callers=com.android.server.wm.WindowManagerService.windowForClientLocked:5797 com.android.server.wm.WindowManagerService.removeWindow:1715 com.android.server.wm.Session.remove:222 
01-01 00:15:14.961   412   430 W ActivityManager: Activity pause timeout for ActivityRecord{46cdcce u0 com.epam.goldeneye/com.example.android.camera2basic.CameraActivity t87 f}
01-01 00:15:15.029   412  1770 I ActivityManager: Process com.android.onetimeinitializer (pid 1045) has died: cch+4CEM 
01-01 00:15:15.140   412   571 I ActivityManager: Process com.google.android.things.customcheckin (pid 998) has died: cch+4CEM 
01-01 00:15:15.295   412   571 I ActivityManager: Process com.android.managedprovisioning (pid 1023) has died: cch+6CEM 
01-01 00:15:15.564   412   431 W Looper  : Dispatch took 508ms on android.ui, h=Handler (com.android.server.am.ActivityManagerService$UiHandler) {ef09b73} cb=null msg=53
01-01 00:15:19.737   412   573 E TaskPersister: File error accessing recents directory (directory doesn't exist?).
01-01 00:15:20.880   412   442 I PackageParser: Parse times for '/data/app/vmdl1837772913.tmp': parse=209ms, update_cache=0 ms
01-01 00:15:25.159   412   430 I ActivityManager: Force stopping com.epam.goldeneye appid=10037 user=-1: installPackageLI
01-01 00:15:25.161   412   430 I ActivityManager: Killing 1851:com.epam.goldeneye/u0a37 (adj 900): stop com.epam.goldeneye
01-01 00:15:25.272   412   437 W ActivityManager: setHasOverlayUi called on unknown pid: 1851
01-01 00:15:25.296   412   442 I PackageManager: Package com.epam.goldeneye codePath changed from /data/app/com.epam.goldeneye-yXsLrOBaYiRM42V4HwP89w== to /data/app/com.epam.goldeneye-U4kmGHqp5KP6rS5c93TJ8w==; Retaining data and using new
01-01 00:15:25.299   412   442 W PackageManager: Code path for com.epam.goldeneye changing from /data/app/com.epam.goldeneye-yXsLrOBaYiRM42V4HwP89w== to /data/app/com.epam.goldeneye-U4kmGHqp5KP6rS5c93TJ8w==
01-01 00:15:25.299   412   442 W PackageManager: Resource path for com.epam.goldeneye changing from /data/app/com.epam.goldeneye-yXsLrOBaYiRM42V4HwP89w== to /data/app/com.epam.goldeneye-U4kmGHqp5KP6rS5c93TJ8w==
01-01 00:15:25.533   412   442 D PackageManager: Ephemeral installer not found with new action; try old one
01-01 00:15:25.533   412   442 D PackageManager: Clear ephemeral installer activity
01-01 00:15:25.731   412   442 I ActivityManager: Force stopping com.epam.goldeneye appid=10037 user=0: pkg removed
01-01 00:15:26.681   412   429 W VoiceInteractionManagerService: no available voice recognition services found for user 0
01-01 00:15:26.956   412  1477 I ActivityManager: START u0 {act=android.intent.action.MAIN cat=[android.intent.category.LAUNCHER] flg=0x10000000 cmp=com.epam.goldeneye/com.example.android.camera2basic.CameraActivity} from uid 2000
01-01 00:15:27.246   412  1770 W ActivityManager: Slow operation: 180ms so far, now at startProcess: returned from zygote!
01-01 00:15:27.246   412  1770 W ActivityManager: Slow operation: 180ms so far, now at startProcess: done updating battery stats
01-01 00:15:27.247   412  1770 W ActivityManager: Slow operation: 180ms so far, now at startProcess: building log message
01-01 00:15:27.247   412  1770 I ActivityManager: Start proc 1953:com.epam.goldeneye/u0a37 for activity com.epam.goldeneye/com.example.android.camera2basic.CameraActivity
01-01 00:15:27.247   412  1770 W ActivityManager: Slow operation: 180ms so far, now at startProcess: starting to update pids map
01-01 00:15:27.247   412  1770 W ActivityManager: Slow operation: 180ms so far, now at startProcess: done updating pids map
01-01 00:15:27.247   412  1770 W ActivityManager: Slow operation: 182ms so far, now at startProcess: done starting proc!
01-01 00:15:27.966   412   571 W ActivityManager: Slow operation: 75ms so far, now at attachApplicationLocked: after mServices.attachApplicationLocked
01-01 00:15:31.594   412   573 E TaskPersister: File error accessing recents directory (directory doesn't exist?).
01-01 00:15:37.011   412   430 W ActivityManager: Launch timeout has expired, giving up wake lock!
01-01 00:15:38.124   412   431 W Looper  : Dispatch took 203ms on android.ui, h=Handler (com.android.server.am.ActivityManagerService$UiHandler) {ef09b73} cb=null msg=53
01-01 00:15:41.957   412   430 I ActivityManager: Waited long enough for: ServiceRecord{26a2f3d u0 com.google.android.gms/.icing.service.IndexWorkerService}
01-01 00:16:49.748  1953  1976 E AndroidRuntime: FATAL EXCEPTION: CameraBackground
01-01 00:16:49.748  1953  1976 E AndroidRuntime: Process: com.epam.goldeneye, PID: 1953
01-01 00:16:49.748  1953  1976 E AndroidRuntime: android.view.ViewRootImpl$CalledFromWrongThreadException: Only the original thread that created a view hierarchy can touch its views.
01-01 00:16:49.748  1953  1976 E AndroidRuntime: 	at android.view.ViewRootImpl.checkThread(ViewRootImpl.java:7313)
01-01 00:16:49.748  1953  1976 E AndroidRuntime: 	at android.view.ViewRootImpl.requestLayout(ViewRootImpl.java:1161)
01-01 00:16:49.748  1953  1976 E AndroidRuntime: 	at android.view.View.requestLayout(View.java:21995)
01-01 00:16:49.748  1953  1976 E AndroidRuntime: 	at android.view.View.requestLayout(View.java:21995)
01-01 00:16:49.748  1953  1976 E AndroidRuntime: 	at android.view.View.requestLayout(View.java:21995)
01-01 00:16:49.748  1953  1976 E AndroidRuntime: 	at android.view.View.requestLayout(View.java:21995)
01-01 00:16:49.748  1953  1976 E AndroidRuntime: 	at android.view.View.requestLayout(View.java:21995)
01-01 00:16:49.748  1953  1976 E AndroidRuntime: 	at android.view.View.requestLayout(View.java:21995)
01-01 00:16:49.748  1953  1976 E AndroidRuntime: 	at android.view.View.requestLayout(View.java:21995)
01-01 00:16:49.748  1953  1976 E AndroidRuntime: 	at android.view.View.requestLayout(View.java:21995)
01-01 00:16:49.748  1953  1976 E AndroidRuntime: 	at android.widget.ImageView.setImageURI(ImageView.java:534)
01-01 00:16:49.748  1953  1976 E AndroidRuntime: 	at android.support.v7.widget.AppCompatImageView.setImageURI(AppCompatImageView.java:115)
01-01 00:16:49.748  1953  1976 E AndroidRuntime: 	at com.example.android.camera2basic.Camera2BasicFragment$7.onCaptureCompleted(Camera2BasicFragment.java:844)
01-01 00:16:49.748  1953  1976 E AndroidRuntime: 	at java.lang.reflect.Method.invoke(Native Method)
01-01 00:16:49.748  1953  1976 E AndroidRuntime: 	at android.hardware.camera2.dispatch.InvokeDispatcher.dispatch(InvokeDispatcher.java:39)
01-01 00:16:49.748  1953  1976 E AndroidRuntime: 	at android.hardware.camera2.dispatch.HandlerDispatcher$1.run(HandlerDispatcher.java:65)
01-01 00:16:49.748  1953  1976 E AndroidRuntime: 	at android.os.Handler.handleCallback(Handler.java:790)
01-01 00:16:49.748  1953  1976 E AndroidRuntime: 	at android.os.Handler.dispatchMessage(Handler.java:99)
01-01 00:16:49.748  1953  1976 E AndroidRuntime: 	at android.os.Looper.loop(Looper.java:164)
01-01 00:16:49.748  1953  1976 E AndroidRuntime: 	at android.os.HandlerThread.run(HandlerThread.java:65)
01-01 00:16:51.387   412  1924 W ActivityManager:   Force finishing activity com.epam.goldeneye/com.example.android.camera2basic.CameraActivity
01-01 00:16:51.542   412  1344 I WindowManager: WIN DEATH: Window{d265378 u0 com.epam.goldeneye/com.example.android.camera2basic.CameraActivity}
01-01 00:16:51.545   412   570 I ActivityManager: Process com.epam.goldeneye (pid 1953) has died: vis  +99TOP 
01-01 00:16:51.649   412   437 W ActivityManager: setHasOverlayUi called on unknown pid: 1953
01-01 00:16:52.782   412   412 W NotificationService: Object died trying to hide notification android.app.ITransientNotification$Stub$Proxy@2315db9 in package com.epam.goldeneye
01-01 00:16:52.782   412   412 W WindowManager: removeWindowToken: Attempted to remove non-existing token: android.os.Binder@5896e87
01-01 00:16:54.616   412   573 E TaskPersister: File error accessing recents directory (directory doesn't exist?).
01-01 00:18:22.023   412   571 W WindowManager: Permission Denial: dismissKeyguard from pid=2000, uid=2000 requires android.permission.CONTROL_KEYGUARD
01-01 00:18:37.867   412   442 I PackageParser: Parse times for '/data/app/vmdl1382540639.tmp': parse=236ms, update_cache=0 ms
01-01 00:18:42.062   412   430 I ActivityManager: Force stopping com.epam.goldeneye appid=10037 user=-1: installPackageLI
01-01 00:18:42.159   412   442 I PackageManager: Package com.epam.goldeneye codePath changed from /data/app/com.epam.goldeneye-U4kmGHqp5KP6rS5c93TJ8w== to /data/app/com.epam.goldeneye-JGCUHfgJ2BxVwO6fiEs1_g==; Retaining data and using new
01-01 00:18:42.161   412   442 W PackageManager: Code path for com.epam.goldeneye changing from /data/app/com.epam.goldeneye-U4kmGHqp5KP6rS5c93TJ8w== to /data/app/com.epam.goldeneye-JGCUHfgJ2BxVwO6fiEs1_g==
01-01 00:18:42.161   412   442 W PackageManager: Resource path for com.epam.goldeneye changing from /data/app/com.epam.goldeneye-U4kmGHqp5KP6rS5c93TJ8w== to /data/app/com.epam.goldeneye-JGCUHfgJ2BxVwO6fiEs1_g==
01-01 00:18:42.382   412   442 D PackageManager: Ephemeral installer not found with new action; try old one
01-01 00:18:42.382   412   442 D PackageManager: Clear ephemeral installer activity
01-01 00:18:42.567   412   442 I ActivityManager: Force stopping com.epam.goldeneye appid=10037 user=0: pkg removed
01-01 00:18:43.754   412   429 W VoiceInteractionManagerService: no available voice recognition services found for user 0
01-01 00:18:44.544   412   462 I ActivityManager: START u0 {act=android.intent.action.MAIN cat=[android.intent.category.LAUNCHER] flg=0x10000000 cmp=com.epam.goldeneye/com.example.android.camera2basic.CameraActivity} from uid 2000
01-01 00:18:44.781   412   462 W ActivityManager: Slow operation: 60ms so far, now at startProcess: returned from zygote!
01-01 00:18:44.782   412   462 W ActivityManager: Slow operation: 60ms so far, now at startProcess: done updating battery stats
01-01 00:18:44.782   412   462 W ActivityManager: Slow operation: 60ms so far, now at startProcess: building log message
01-01 00:18:44.782   412   462 I ActivityManager: Start proc 2062:com.epam.goldeneye/u0a37 for activity com.epam.goldeneye/com.example.android.camera2basic.CameraActivity
01-01 00:18:44.782   412   462 W ActivityManager: Slow operation: 61ms so far, now at startProcess: starting to update pids map
01-01 00:18:44.782   412   462 W ActivityManager: Slow operation: 61ms so far, now at startProcess: done updating pids map
01-01 00:18:44.782   412   462 W ActivityManager: Slow operation: 61ms so far, now at startProcess: done starting proc!
01-01 00:18:45.406   412   848 W ActivityManager: Slow operation: 62ms so far, now at attachApplicationLocked: after mServices.attachApplicationLocked
01-01 00:18:48.946   412   573 E TaskPersister: File error accessing recents directory (directory doesn't exist?).
01-01 00:18:54.633   412   430 W ActivityManager: Launch timeout has expired, giving up wake lock!
01-01 00:18:55.558   412   431 W Looper  : Dispatch took 227ms on android.ui, h=Handler (com.android.server.am.ActivityManagerService$UiHandler) {ef09b73} cb=null msg=53
01-01 00:19:06.051   412   412 W WindowManager: removeWindowToken: Attempted to remove non-existing token: android.os.Binder@9c300de
01-01 00:19:06.126   412   848 W WindowManager: Failed looking up window callers=com.android.server.wm.WindowManagerService.windowForClientLocked:5797 com.android.server.wm.WindowManagerService.finishDrawingWindow:2340 com.android.server.wm.Session.finishDrawing:275 
01-01 00:19:06.161   412   570 W WindowManager: Failed looking up window callers=com.android.server.wm.WindowManagerService.windowForClientLocked:5797 com.android.server.wm.WindowManagerService.finishDrawingWindow:2340 com.android.server.wm.Session.finishDrawing:275 
01-01 00:19:06.670   412   848 W WindowManager: Failed looking up window callers=com.android.server.wm.WindowManagerService.windowForClientLocked:5797 com.android.server.wm.WindowManagerService.removeWindow:1715 com.android.server.wm.Session.remove:222 
01-01 00:20:03.395   412   429 I UsageStatsService: User[0] Flushing usage stats to disk
01-01 00:29:40.047   412   433 E BatteryExternalStatsWorker: no controller energy info supplied for telephony
01-01 00:29:40.076   412   433 E KernelUidCpuFreqTimeReader: Failed to read /proc/uid_time_in_state: java.io.FileNotFoundException: /proc/uid_time_in_state (No such file or directory)
01-01 00:29:40.096   412   433 E KernelCpuSpeedReader: Failed to read cpu-freq: /sys/devices/system/cpu/cpu0/cpufreq/stats/time_in_state (No such file or directory)
01-01 00:30:22.346   412   848 I ActivityManager: Killing 894:android.process.media/u0a8 (adj 904): empty for 1805s
01-01 00:30:22.347   412   848 I ActivityManager: Killing 1074:com.android.packageinstaller/u0a14 (adj 904): empty for 1806s
01-01 00:30:22.347   412   848 I ActivityManager: Killing 790:com.android.deskclock/u0a26 (adj 906): empty for 1807s
01-01 00:31:00.003   412   412 I ActivityManager: Killing 1184:com.google.android.things.checkin/1000 (adj 906): empty for 1841s
01-01 00:59:39.924   412   433 E BatteryExternalStatsWorker: no controller energy info supplied for telephony
01-01 00:59:39.928   412   433 E KernelUidCpuFreqTimeReader: Failed to read /proc/uid_time_in_state: java.io.FileNotFoundException: /proc/uid_time_in_state (No such file or directory)
01-01 00:59:39.929   412   433 E KernelCpuSpeedReader: Failed to read cpu-freq: /sys/devices/system/cpu/cpu0/cpufreq/stats/time_in_state (No such file or directory)
01-01 01:10:08.513   412   431 W Looper  : Dispatch took 116ms on android.ui, h=Handler (com.android.server.am.ActivityManagerService$UiHandler) {ef09b73} cb=null msg=53
01-01 01:10:11.519   412   442 I PackageParser: Parse times for '/data/app/vmdl1770185959.tmp': parse=1349ms, update_cache=0 ms
01-01 01:10:14.775   412   430 W ActivityManager: Activity pause timeout for ActivityRecord{edd662a u0 com.epam.goldeneye/com.example.android.camera2basic.CameraActivity t89 f}
01-01 01:10:14.923   412   431 W Looper  : Dispatch took 119ms on android.ui, h=Handler (com.android.server.am.ActivityManagerService$UiHandler) {ef09b73} cb=null msg=31
01-01 01:10:15.027   412   431 W Looper  : Dispatch took 105ms on android.ui, h=Handler (com.android.server.am.ActivityManagerService$UiHandler) {ef09b73} cb=null msg=53
01-01 01:10:19.188   412   573 E TaskPersister: File error accessing recents directory (directory doesn't exist?).
01-01 01:10:19.603   412   430 I ActivityManager: Force stopping com.epam.goldeneye appid=10037 user=-1: installPackageLI
01-01 01:10:19.607   412   430 I ActivityManager: Killing 2062:com.epam.goldeneye/u0a37 (adj 900): stop com.epam.goldeneye
01-01 01:10:19.680   412   437 W ActivityManager: setHasOverlayUi called on unknown pid: 2062
01-01 01:10:19.756   412   442 I PackageManager: Package com.epam.goldeneye codePath changed from /data/app/com.epam.goldeneye-JGCUHfgJ2BxVwO6fiEs1_g== to /data/app/com.epam.goldeneye-H0oUIP0rQwfLS6AqM9GmwA==; Retaining data and using new
01-01 01:10:19.758   412   442 W PackageManager: Code path for com.epam.goldeneye changing from /data/app/com.epam.goldeneye-JGCUHfgJ2BxVwO6fiEs1_g== to /data/app/com.epam.goldeneye-H0oUIP0rQwfLS6AqM9GmwA==
01-01 01:10:19.759   412   442 W PackageManager: Resource path for com.epam.goldeneye changing from /data/app/com.epam.goldeneye-JGCUHfgJ2BxVwO6fiEs1_g== to /data/app/com.epam.goldeneye-H0oUIP0rQwfLS6AqM9GmwA==
01-01 01:10:19.945   412   442 D PackageManager: Ephemeral installer not found with new action; try old one
01-01 01:10:19.946   412   442 D PackageManager: Clear ephemeral installer activity
01-01 01:10:20.122   412   442 I ActivityManager: Force stopping com.epam.goldeneye appid=10037 user=0: pkg removed
01-01 01:10:20.458   412   431 W Looper  : Dispatch took 275ms on android.ui, h=Handler (com.android.server.am.ActivityManagerService$UiHandler) {ef09b73} cb=null msg=53
01-01 01:10:21.479   412   429 W VoiceInteractionManagerService: no available voice recognition services found for user 0
01-01 01:10:21.594   412   426 I ActivityManager: START u0 {act=android.intent.action.MAIN cat=[android.intent.category.LAUNCHER] flg=0x10000000 cmp=com.epam.goldeneye/com.example.android.camera2basic.CameraActivity} from uid 2000
01-01 01:10:21.886   412  1477 W ActivityManager: Slow operation: 215ms so far, now at startProcess: returned from zygote!
01-01 01:10:21.886   412  1477 W ActivityManager: Slow operation: 216ms so far, now at startProcess: done updating battery stats
01-01 01:10:21.886   412  1477 W ActivityManager: Slow operation: 216ms so far, now at startProcess: building log message
01-01 01:10:21.886   412  1477 I ActivityManager: Start proc 2230:com.epam.goldeneye/u0a37 for activity com.epam.goldeneye/com.example.android.camera2basic.CameraActivity
01-01 01:10:21.886   412  1477 W ActivityManager: Slow operation: 216ms so far, now at startProcess: starting to update pids map
01-01 01:10:21.886   412  1477 W ActivityManager: Slow operation: 216ms so far, now at startProcess: done updating pids map
01-01 01:10:21.887   412  1477 W ActivityManager: Slow operation: 216ms so far, now at startProcess: done starting proc!
01-01 01:10:26.076   412   573 E TaskPersister: File error accessing recents directory (directory doesn't exist?).
01-01 01:10:31.652   412   430 W ActivityManager: Launch timeout has expired, giving up wake lock!
01-01 01:10:36.016   412   430 I ActivityManager: Waited long enough for: ServiceRecord{18f8935 u0 com.google.android.gms/.icing.service.IndexWorkerService}
01-01 01:11:01.890   412   412 W WindowManager: removeWindowToken: Attempted to remove non-existing token: android.os.Binder@adee83a
01-01 01:11:02.112   412   426 W WindowManager: Failed looking up window callers=com.android.server.wm.WindowManagerService.windowForClientLocked:5797 com.android.server.wm.WindowManagerService.relayoutWindow:1931 com.android.server.wm.Session.relayout:239 
01-01 01:11:02.131   412   426 I chatty  : uid=1000(system) Binder:412_1 identical 1 line
01-01 01:11:02.700   412   426 W WindowManager: Failed looking up window callers=com.android.server.wm.WindowManagerService.windowForClientLocked:5797 com.android.server.wm.WindowManagerService.relayoutWindow:1931 com.android.server.wm.Session.relayout:239 
01-01 01:11:02.876   412   426 W WindowManager: Failed looking up window callers=com.android.server.wm.WindowManagerService.windowForClientLocked:5797 com.android.server.wm.WindowManagerService.removeWindow:1715 com.android.server.wm.Session.remove:222 
01-01 01:11:04.535   412   426 I ActivityManager: START u0 {cmp=com.epam.goldeneye/.facerecognition.FaceRecognitionActivity (has extras)} from uid 10037
01-01 01:11:08.082  2230  2266 F libc    : Fatal signal 6 (SIGABRT), code -6 in tid 2266 (Thread-2), pid 2230 (.epam.goldeneye)
01-01 01:11:08.146   412   573 E TaskPersister: File error accessing recents directory (directory doesn't exist?).
01-01 01:11:08.260  2270  2270 F DEBUG   : *** *** *** *** *** *** *** *** *** *** *** *** *** *** *** ***
01-01 01:11:08.260  2270  2270 F DEBUG   : Build fingerprint: 'Things/iot_imx7d_pico/imx7d_pico:8.1.0/OIM1.180327.047/4795405:userdebug/dev-keys'
01-01 01:11:08.260  2270  2270 F DEBUG   : Revision: '0'
01-01 01:11:08.260  2270  2270 F DEBUG   : ABI: 'arm'
01-01 01:11:08.260  2270  2270 F DEBUG   : pid: 2230, tid: 2266, name: Thread-2  >>> com.epam.goldeneye <<<
01-01 01:11:08.260  2270  2270 F DEBUG   : signal 6 (SIGABRT), code -6 (SI_TKILL), fault addr --------
01-01 01:11:08.260  2270  2270 F DEBUG   :     r0 00000000  r1 000008da  r2 00000006  r3 00000008
01-01 01:11:08.261  2270  2270 F DEBUG   :     r4 000008b6  r5 000008da  r6 9c1fe674  r7 0000010c
01-01 01:11:08.261  2270  2270 F DEBUG   :     r8 00000000  r9 961ad6a8  sl fffff730  fp b2d93b88
01-01 01:11:08.261  2270  2270 F DEBUG   :     ip 9c96cf20  sp 9c1fe660  lr b582d9f7  pc b5827428  cpsr 200f0030
01-01 01:11:08.271  2270  2270 F DEBUG   : 
01-01 01:11:08.271  2270  2270 F DEBUG   : backtrace:
01-01 01:11:08.271  2270  2270 F DEBUG   :     #00 pc 0001a428  /system/lib/libc.so (abort+63)
01-01 01:11:08.271  2270  2270 F DEBUG   :     #01 pc 00391b29  /data/app/com.epam.goldeneye-H0oUIP0rQwfLS6AqM9GmwA==/lib/arm/libandroid_dlib.so (__gnu_cxx::__verbose_terminate_handler()+220)
01-01 01:11:08.271  2270  2270 F DEBUG   :     #02 pc 003618d3  /data/app/com.epam.goldeneye-H0oUIP0rQwfLS6AqM9GmwA==/lib/arm/libandroid_dlib.so (__cxxabiv1::__terminate(void (*)())+2)
01-01 01:11:08.271  2270  2270 F DEBUG   :     #03 pc 00361903  /data/app/com.epam.goldeneye-H0oUIP0rQwfLS6AqM9GmwA==/lib/arm/libandroid_dlib.so (_ZSt9terminatev+10)
01-01 01:11:08.271  2270  2270 F DEBUG   :     #04 pc 00361559  /data/app/com.epam.goldeneye-H0oUIP0rQwfLS6AqM9GmwA==/lib/arm/libandroid_dlib.so (__cxa_throw+132)
01-01 01:11:08.271  2270  2270 F DEBUG   :     #05 pc 0007b948  /data/app/com.epam.goldeneye-H0oUIP0rQwfLS6AqM9GmwA==/lib/arm/libandroid_dlib.so (dlib::deserialize(int&, std::istream&)+232)
01-01 01:11:08.271  2270  2270 F DEBUG   :     #06 pc 0007b6ac  /data/app/com.epam.goldeneye-H0oUIP0rQwfLS6AqM9GmwA==/lib/arm/libandroid_dlib.so (dlib::deserialize(dlib::shape_predictor&, std::istream&)+52)
01-01 01:11:08.272  2270  2270 F DEBUG   :     #07 pc 0005f5d0  /data/app/com.epam.goldeneye-H0oUIP0rQwfLS6AqM9GmwA==/lib/arm/libandroid_dlib.so (DLibHOGFaceDetector::DLibHOGFaceDetector(std::string const&)+632)
01-01 01:11:08.272  2270  2270 F DEBUG   :     #08 pc 0005f21c  /data/app/com.epam.goldeneye-H0oUIP0rQwfLS6AqM9GmwA==/lib/arm/libandroid_dlib.so (Java_com_tzutalin_dlib_FaceDet_jniInit+172)
01-01 01:11:08.272  2270  2270 F DEBUG   :     #09 pc 00012701  /data/app/com.epam.goldeneye-H0oUIP0rQwfLS6AqM9GmwA==/oat/arm/base.odex (offset 0x12000)
01-01 01:11:10.343   412   434 I BootReceiver: Copying /data/tombstones/tombstone_16 to DropBox (SYSTEM_TOMBSTONE)
01-01 01:11:10.418   412  2275 W ActivityManager:   Force finishing activity com.epam.goldeneye/.facerecognition.FaceRecognitionActivity
01-01 01:11:10.836   412  1344 I ActivityManager: Process com.epam.goldeneye (pid 2230) has died: fore TOP 
01-01 01:11:10.838   412   570 I WindowManager: WIN DEATH: Window{4b4b6db u0 com.epam.goldeneye/com.epam.goldeneye.facerecognition.FaceRecognitionActivity}
01-01 01:11:10.851   412  1477 I WindowManager: WIN DEATH: Window{25d5e85 u0 com.epam.goldeneye/com.example.android.camera2basic.CameraActivity}
01-01 01:11:10.915   412  1344 I ActivityManager: Start proc 2284:com.epam.goldeneye/u0a37 for activity com.epam.goldeneye/com.example.android.camera2basic.CameraActivity
01-01 01:11:10.939   412   437 W ActivityManager: setHasOverlayUi called on unknown pid: 2230
01-01 01:11:10.974   412   431 W Looper  : Dispatch took 124ms on android.ui, h=Handler (com.android.server.am.ActivityManagerService$UiHandler) {ef09b73} cb=null msg=53
01-01 01:11:13.992   412   573 E TaskPersister: File error accessing recents directory (directory doesn't exist?).
01-01 01:13:32.666   412   430 W ActivityManager: Activity pause timeout for ActivityRecord{d6ef7e9 u0 com.epam.goldeneye/com.example.android.camera2basic.CameraActivity t90 f}
01-01 01:13:32.949   412   431 W Looper  : Dispatch took 162ms on android.ui, h=Handler (com.android.server.am.ActivityManagerService$UiHandler) {ef09b73} cb=null msg=31
01-01 01:13:32.950   412  1344 I ActivityManager: START u0 {cmp=com.epam.goldeneye/.facerecognition.FaceRecognitionActivity (has extras)} from uid 10037
01-01 01:13:33.051   412  1344 W ActivityManager: startActivity called from finishing ActivityRecord{d6ef7e9 u0 com.epam.goldeneye/com.example.android.camera2basic.CameraActivity t90 f}; forcing Intent.FLAG_ACTIVITY_NEW_TASK for: Intent { cmp=com.epam.goldeneye/.facerecognition.FaceRecognitionActivity (has extras) }
01-01 01:13:33.234   412   431 W Looper  : Dispatch took 285ms on android.ui, h=Handler (com.android.server.am.ActivityManagerService$UiHandler) {ef09b73} cb=null msg=53
01-01 01:13:33.628   412   430 W ActivityManager: Activity pause timeout for ActivityRecord{40e1b3c u0 com.android.iotlauncher.ota/com.android.iotlauncher.DefaultIoTLauncher t84}
01-01 01:13:37.591   412   431 W Looper  : Dispatch took 124ms on android.ui, h=Handler (com.android.server.am.ActivityManagerService$UiHandler) {ef09b73} cb=null msg=53
01-01 01:13:38.913   412   573 E TaskPersister: File error accessing recents directory (directory doesn't exist?).
01-01 01:13:40.338  2284  2347 F libc    : Fatal signal 6 (SIGABRT), code -6 in tid 2347 (Thread-2), pid 2284 (.epam.goldeneye)
01-01 01:13:40.830  2350  2350 F DEBUG   : *** *** *** *** *** *** *** *** *** *** *** *** *** *** *** ***
01-01 01:13:40.830  2350  2350 F DEBUG   : Build fingerprint: 'Things/iot_imx7d_pico/imx7d_pico:8.1.0/OIM1.180327.047/4795405:userdebug/dev-keys'
01-01 01:13:40.831  2350  2350 F DEBUG   : Revision: '0'
01-01 01:13:40.831  2350  2350 F DEBUG   : ABI: 'arm'
01-01 01:13:40.831  2350  2350 F DEBUG   : pid: 2284, tid: 2347, name: Thread-2  >>> com.epam.goldeneye <<<
01-01 01:13:40.831  2350  2350 F DEBUG   : signal 6 (SIGABRT), code -6 (SI_TKILL), fault addr --------
01-01 01:13:40.832  2350  2350 F DEBUG   :     r0 00000000  r1 0000092b  r2 00000006  r3 00000008
01-01 01:13:40.832  2350  2350 F DEBUG   :     r4 000008ec  r5 0000092b  r6 9c1fe674  r7 0000010c
01-01 01:13:40.832  2350  2350 F DEBUG   :     r8 00000000  r9 97e336a8  sl fffff730  fp b2d93b88
01-01 01:13:40.832  2350  2350 F DEBUG   :     ip abbf9ea0  sp 9c1fe660  lr b582d9f7  pc b5827428  cpsr 200f0030
01-01 01:13:40.857  2350  2350 F DEBUG   : 
01-01 01:13:40.857  2350  2350 F DEBUG   : backtrace:
01-01 01:13:40.857  2350  2350 F DEBUG   :     #00 pc 0001a428  /system/lib/libc.so (abort+63)
01-01 01:13:40.857  2350  2350 F DEBUG   :     #01 pc 00391b29  /data/app/com.epam.goldeneye-H0oUIP0rQwfLS6AqM9GmwA==/lib/arm/libandroid_dlib.so (__gnu_cxx::__verbose_terminate_handler()+220)
01-01 01:13:40.857  2350  2350 F DEBUG   :     #02 pc 003618d3  /data/app/com.epam.goldeneye-H0oUIP0rQwfLS6AqM9GmwA==/lib/arm/libandroid_dlib.so (__cxxabiv1::__terminate(void (*)())+2)
01-01 01:13:40.857  2350  2350 F DEBUG   :     #03 pc 00361903  /data/app/com.epam.goldeneye-H0oUIP0rQwfLS6AqM9GmwA==/lib/arm/libandroid_dlib.so (_ZSt9terminatev+10)
01-01 01:13:40.857  2350  2350 F DEBUG   :     #04 pc 00361559  /data/app/com.epam.goldeneye-H0oUIP0rQwfLS6AqM9GmwA==/lib/arm/libandroid_dlib.so (__cxa_throw+132)
01-01 01:13:40.857  2350  2350 F DEBUG   :     #05 pc 0007b948  /data/app/com.epam.goldeneye-H0oUIP0rQwfLS6AqM9GmwA==/lib/arm/libandroid_dlib.so (dlib::deserialize(int&, std::istream&)+232)
01-01 01:13:40.857  2350  2350 F DEBUG   :     #06 pc 0007b6ac  /data/app/com.epam.goldeneye-H0oUIP0rQwfLS6AqM9GmwA==/lib/arm/libandroid_dlib.so (dlib::deserialize(dlib::shape_predictor&, std::istream&)+52)
01-01 01:13:40.858  2350  2350 F DEBUG   :     #07 pc 0005f5d0  /data/app/com.epam.goldeneye-H0oUIP0rQwfLS6AqM9GmwA==/lib/arm/libandroid_dlib.so (DLibHOGFaceDetector::DLibHOGFaceDetector(std::string const&)+632)
01-01 01:13:40.858  2350  2350 F DEBUG   :     #08 pc 0005f21c  /data/app/com.epam.goldeneye-H0oUIP0rQwfLS6AqM9GmwA==/lib/arm/libandroid_dlib.so (Java_com_tzutalin_dlib_FaceDet_jniInit+172)
01-01 01:13:40.858  2350  2350 F DEBUG   :     #09 pc 00012701  /data/app/com.epam.goldeneye-H0oUIP0rQwfLS6AqM9GmwA==/oat/arm/base.odex (offset 0x12000)
01-01 01:13:44.368   412   434 I BootReceiver: Copying /data/tombstones/tombstone_17 to DropBox (SYSTEM_TOMBSTONE)
01-01 01:13:44.538   412  1477 I WindowManager: WIN DEATH: Window{d8fbcd4 u0 com.epam.goldeneye/com.epam.goldeneye.facerecognition.FaceRecognitionActivity}
01-01 01:13:44.713   412  2355 W ActivityManager:   Force finishing activity com.epam.goldeneye/.facerecognition.FaceRecognitionActivity
01-01 01:13:44.869   412  2355 W ActivityManager: Exception thrown during pause
01-01 01:13:44.869   412  2355 W ActivityManager: android.os.DeadObjectException
01-01 01:13:44.869   412  2355 W ActivityManager: 	at android.os.BinderProxy.transactNative(Native Method)
01-01 01:13:44.869   412  2355 W ActivityManager: 	at android.os.BinderProxy.transact(Binder.java:764)
01-01 01:13:44.869   412  2355 W ActivityManager: 	at android.app.IApplicationThread$Stub$Proxy.schedulePauseActivity(IApplicationThread.java:1079)
01-01 01:13:44.869   412  2355 W ActivityManager: 	at com.android.server.am.ActivityStack.startPausingLocked(ActivityStack.java:1347)
01-01 01:13:44.869   412  2355 W ActivityManager: 	at com.android.server.am.ActivityStack.finishActivityLocked(ActivityStack.java:3779)
01-01 01:13:44.869   412  2355 W ActivityManager: 	at com.android.server.am.ActivityStack.finishActivityLocked(ActivityStack.java:3721)
01-01 01:13:44.869   412  2355 W ActivityManager: 	at com.android.server.am.ActivityStack.finishTopRunningActivityLocked(ActivityStack.java:3602)
01-01 01:13:44.869   412  2355 W ActivityManager: 	at com.android.server.am.ActivityStackSupervisor.finishTopRunningActivityLocked(ActivityStackSupervisor.java:2124)
01-01 01:13:44.869   412  2355 W ActivityManager: 	at com.android.server.am.AppErrors.handleAppCrashLocked(AppErrors.java:668)
01-01 01:13:44.869   412  2355 W ActivityManager: 	at com.android.server.am.AppErrors.makeAppCrashingLocked(AppErrors.java:500)
01-01 01:13:44.869   412  2355 W ActivityManager: 	at com.android.server.am.AppErrors.crashApplicationInner(AppErrors.java:376)
01-01 01:13:44.869   412  2355 W ActivityManager: 	at com.android.server.am.AppErrors.crashApplication(AppErrors.java:321)
01-01 01:13:44.869   412  2355 W ActivityManager: 	at com.android.server.am.ActivityManagerService.handleApplicationCrashInner(ActivityManagerService.java:14375)
01-01 01:13:44.869   412  2355 W ActivityManager: 	at com.android.server.am.NativeCrashListener$NativeCrashReporter.run(NativeCrashListener.java:85)
01-01 01:13:44.972   412  2053 I ActivityManager: Process com.epam.goldeneye (pid 2284) has died: vis  +99TOP 
01-01 01:13:44.995   412   431 W Looper  : Dispatch took 103ms on android.ui, h=Handler (com.android.server.am.ActivityManagerService$UiHandler) {ef09b73} cb=null msg=31
01-01 01:13:45.065   412   437 W ActivityManager: setHasOverlayUi called on unknown pid: 2284
01-01 01:13:45.124   412   431 W Looper  : Dispatch took 129ms on android.ui, h=Handler (com.android.server.am.ActivityManagerService$UiHandler) {ef09b73} cb=null msg=53
01-01 01:13:48.045   412   573 E TaskPersister: File error accessing recents directory (directory doesn't exist?).
01-01 01:13:50.364   412   430 I ActivityManager: Force stopping com.epam.goldeneye appid=10037 user=-1: installPackageLI
01-01 01:13:50.445   412   442 I PackageManager: Package com.epam.goldeneye codePath changed from /data/app/com.epam.goldeneye-H0oUIP0rQwfLS6AqM9GmwA== to /data/app/com.epam.goldeneye-TZydvnqV80UbQ0VqZl5LFw==; Retaining data and using new
01-01 01:13:50.446   412   442 W PackageManager: Code path for com.epam.goldeneye changing from /data/app/com.epam.goldeneye-H0oUIP0rQwfLS6AqM9GmwA== to /data/app/com.epam.goldeneye-TZydvnqV80UbQ0VqZl5LFw==
01-01 01:13:50.446   412   442 W PackageManager: Resource path for com.epam.goldeneye changing from /data/app/com.epam.goldeneye-H0oUIP0rQwfLS6AqM9GmwA== to /data/app/com.epam.goldeneye-TZydvnqV80UbQ0VqZl5LFw==
01-01 01:13:50.748   412   442 D PackageManager: Ephemeral installer not found with new action; try old one
01-01 01:13:50.749   412   442 D PackageManager: Clear ephemeral installer activity
01-01 01:13:50.933   412   442 I ActivityManager: Force stopping com.epam.goldeneye appid=10037 user=0: pkg removed
01-01 01:13:52.358   412   429 W VoiceInteractionManagerService: no available voice recognition services found for user 0
01-01 01:13:52.829   412   570 I ActivityManager: START u0 {act=android.intent.action.MAIN cat=[android.intent.category.LAUNCHER] flg=0x10000000 cmp=com.epam.goldeneye/com.example.android.camera2basic.CameraActivity} from uid 2000
01-01 01:13:52.920   412   426 I ActivityManager: Start proc 2392:com.epam.goldeneye/u0a37 for activity com.epam.goldeneye/com.example.android.camera2basic.CameraActivity
--------- beginning of main
01-01 01:13:54.289  2392  2410 D OpenGLRenderer: HWUI GL Pipeline
01-01 01:13:54.480  2392  2392 W RenderThread: type=1400 audit(0.0:219): avc: denied { search } for name="graphics" dev="tmpfs" ino=10928 scontext=u:r:untrusted_app:s0:c512,c768 tcontext=u:object_r:graphics_device:s0 tclass=dir permissive=0
01-01 01:13:54.592  2392  2410 I zygote  : android::hardware::configstore::V1_0::ISurfaceFlingerConfigs::hasWideColorDisplay retrieved: 0
01-01 01:13:54.592  2392  2410 I OpenGLRenderer: Initialized EGL, version 1.4
01-01 01:13:54.592  2392  2410 D OpenGLRenderer: Swap behavior 1
01-01 01:13:54.641  2392  2410 I swiftshader: precache at /vendor/etc/sw-vertex-com.epam.goldeneye.dir
01-01 01:13:54.643  2392  2410 I swiftshader: precache at /vendor/etc/sw-pixel-com.epam.goldeneye.dir
01-01 01:13:54.644  2392  2410 I swiftshader: precache at /vendor/etc/sw-setup-com.epam.goldeneye.dir
01-01 01:13:54.763  2392  2392 I CameraManagerGlobal: Connecting to camera service
01-01 01:13:54.827  2392  2392 E Camera2BasicFragment: Couldn't find any suitable preview size
01-01 01:13:54.840   256  1769 I CameraService: CameraService::connect call (PID -1 "com.epam.goldeneye", camera ID 0) for HAL version default and Camera API version 2
01-01 01:13:54.847   256  1769 I Camera2ClientBase: Camera 0: Opened. Client: com.epam.goldeneye (PID 2392, UID 10037)
01-01 01:13:54.858   256  1769 I CameraDeviceClient: CameraDeviceClient 0: Opened
01-01 01:13:54.902   256  1769 I FslCameraHAL: openDev:0: Opening camera device
01-01 01:13:54.902   256  1769 I FslCameraHAL: openDev
01-01 01:13:54.912   256  1769 I FslCameraHAL: setTemplate:0: Setting already constructed template type CAMERA3_TEMPLATE_PREVIEW(1)
01-01 01:13:54.913   256  1769 I FslCameraHAL: setTemplate:0: Setting already constructed template type CAMERA3_TEMPLATE_STILL_CAPTURE(2)
01-01 01:13:54.913   256  1769 I FslCameraHAL: setTemplate:0: Setting already constructed template type CAMERA3_TEMPLATE_VIDEO_RECORD(3)
01-01 01:13:54.913   256  1769 I FslCameraHAL: setTemplate:0: Setting already constructed template type CAMERA3_TEMPLATE_VIDEO_SNAPSHOT(4)
01-01 01:13:54.914   256  1769 I FslCameraHAL: setTemplate:0: Setting already constructed template type CAMERA3_TEMPLATE_ZERO_SHUTTER_LAG(5)
01-01 01:13:54.914   256  1769 I FslCameraHAL: setTemplate:0: Setting already constructed template type CAMERA3_TEMPLATE_MANUAL(6)
01-01 01:13:54.924   256  1769 I FslCameraHAL: constructDefaultRequestSettings:0: type=1
01-01 01:13:54.947   256  1769 W CameraDeviceClient: createSurfaceFromGbp: Camera 0 with consumer usage flag: 256: Forcing asynchronous mode for stream
01-01 01:13:54.953   256  1769 W CameraDeviceClient: createSurfaceFromGbp: Camera 0: Overriding format 0x1 to IMPLEMENTATION_DEFINED
01-01 01:13:54.970   256  1769 I FslCameraHAL: config 0, type 0, res 1280x720, fmt 0x22, usage 0x100, maxbufs 0, priv 0x0, rotation 0
01-01 01:13:54.970   256  1769 I FslCameraHAL: config 1, type 0, res 1280x720, fmt 0x21, usage 0x3, maxbufs 0, priv 0x0, rotation 0
01-01 01:13:54.971   256  1769 I FslCameraHAL: Stream create preview stream
01-01 01:13:54.971   256  1769 I FslCameraHAL: preview, s->format is 0x1, mFormat 0x1
01-01 01:13:54.971   256  1769 I FslCameraHAL: stream: this 0xaa73a0a0, w:1280, h:720, format:0x1, usage:0x20302, buffers:3
01-01 01:13:54.971   256  1769 I FslCameraHAL: Stream create capture stream
01-01 01:13:54.971   256  1769 I FslCameraHAL: capture, s->format is 0x21, mFormat 0x21
01-01 01:13:54.971   256  1769 I FslCameraHAL: stream: this 0xaa739c40, w:1280, h:720, format:0x21, usage:0x20303, buffers:2
01-01 01:13:54.976   256  1769 D Camera3-Device: Set real time priority for request queue thread (tid 2414)
01-01 01:13:55.027  2392  2406 D vndksupport: Loading /vendor/lib/hw/android.hardware.graphics.mapper@2.0-impl.so from current namespace instead of sphal namespace.
01-01 01:13:55.030  2392  2406 D vndksupport: Loading /vendor/lib/hw/gralloc.imx7d.so from current namespace instead of sphal namespace.
01-01 01:13:55.433  2392  2406 D vndksupport: Loading /vendor/lib/hw/android.hardware.graphics.allocator@2.0-impl.so from current namespace instead of sphal namespace.
01-01 01:13:55.437  2392  2406 D vndksupport: Loading /vendor/lib/hw/gralloc.imx7d.so from current namespace instead of sphal namespace.
01-01 01:13:55.441  2392  2406 I display : IonManager used
01-01 01:13:55.546   256  2414 I FslCameraHAL: configure: w:1280, h:720, format:0x14, fps:15, num:3, isJpeg: 0
01-01 01:13:55.546   256   367 I FslCameraHAL: onDeviceConfigureLocked
01-01 01:13:55.546   256   367 I FslCameraHAL: can't support VIDIOC_S_INPUT
01-01 01:13:55.546   256   367 I FslCameraHAL: onDeviceConfigureLocked
01-01 01:13:55.547   256   367 W FslCameraHAL: onDeviceConfigureLocked, change fps from 15 to 30
01-01 01:13:55.547   256   367 I FslCameraHAL: Width * Height 1280 x 720 format YUYV, fps: 30
01-01 01:13:56.228   256   367 I FslCameraHAL: onDeviceStartLocked
01-01 01:13:56.296   256   367 I FslCameraHAL: onDeviceStartLocked VIDIOC_QBUF phy:0x98100000
01-01 01:13:56.296   256   367 I FslCameraHAL: onDeviceStartLocked VIDIOC_QBUF phy:0x98900000
01-01 01:13:56.296   256   367 I FslCameraHAL: onDeviceStartLocked VIDIOC_QBUF phy:0x98f00000
01-01 01:13:56.329   256   367 I FslCameraHAL: ae precapture trigger
01-01 01:13:56.390   256   367 I FslCameraHAL: onFrameAcquireLocked omit frame
01-01 01:13:56.423   256   367 I FslCameraHAL: onFrameAcquireLocked omit frame
01-01 01:13:56.475   256   367 I FslCameraHAL: ae precapture trigger
01-01 01:13:56.941   256   367 I chatty  : uid=1047(cameraserver) MessageThread identical 10 lines
01-01 01:13:56.975   256   367 I FslCameraHAL: ae precapture trigger
01-01 01:13:56.987  1145  1156 W zygote  : Suspending all threads took: 17.880ms
01-01 01:13:57.007   256   367 I FslCameraHAL: ae precapture trigger
01-01 01:13:57.487   412   573 E TaskPersister: File error accessing recents directory (directory doesn't exist?).
01-01 01:13:58.841   256   367 I chatty  : uid=1047(cameraserver) MessageThread identical 55 lines
01-01 01:13:58.875   256   367 I FslCameraHAL: ae precapture trigger
01-01 01:13:58.899  1145  1572 I Icing   : Usage reports ok 1, Failed Usage reports 0, indexed 0, rejected 0, imm upload false
01-01 01:13:58.908   256   367 I FslCameraHAL: ae precapture trigger
01-01 01:13:59.541   256   367 I chatty  : uid=1047(cameraserver) MessageThread identical 19 lines
01-01 01:13:59.574   256   367 I FslCameraHAL: ae precapture trigger
01-01 01:13:59.598  1145  1293 I Icing   : IndexChimeraService.getServiceInterface callingPackage=com.google.android.gms componentName=AppsCorpus serviceId=36
01-01 01:13:59.606  1145  1304 I Icing   : IndexChimeraService.getServiceInterface callingPackage=com.google.android.gms componentName=AppsCorpus serviceId=32
01-01 01:13:59.608   256   367 I FslCameraHAL: ae precapture trigger
01-01 01:14:00.609   256   367 I chatty  : uid=1047(cameraserver) MessageThread identical 30 lines
01-01 01:14:00.649   256   367 I FslCameraHAL: ae precapture trigger
01-01 01:14:00.670  2392  2403 I zygote  : Background concurrent copying GC freed 4339(304KB) AllocSpace objects, 0(0B) LOS objects, 29% free, 1218KB/1730KB, paused 1.453ms total 215.494ms
01-01 01:14:00.676   256   367 I FslCameraHAL: ae precapture trigger
01-01 01:14:01.276   256   367 I chatty  : uid=1047(cameraserver) MessageThread identical 18 lines
01-01 01:14:01.308   256   367 I FslCameraHAL: ae precapture trigger
01-01 01:14:01.318  1145  1610 I Icing   : Usage reports ok 0, Failed Usage reports 0, indexed 0, rejected 0, imm upload false
01-01 01:14:01.341   256   367 I FslCameraHAL: ae precapture trigger
01-01 01:14:01.641   256   367 I chatty  : uid=1047(cameraserver) MessageThread identical 9 lines
01-01 01:14:01.674   256   367 I FslCameraHAL: ae precapture trigger
01-01 01:14:01.703  2392  2410 D vndksupport: Loading /vendor/lib/hw/gralloc.imx7d.so from current namespace instead of sphal namespace.
01-01 01:14:01.710   256   367 I FslCameraHAL: ae precapture trigger
01-01 01:14:01.974   256   367 I chatty  : uid=1047(cameraserver) MessageThread identical 8 lines
01-01 01:14:02.008   256   367 I FslCameraHAL: ae precapture trigger
01-01 01:14:02.039   412   437 I ActivityManager: Displayed com.epam.goldeneye/com.example.android.camera2basic.CameraActivity: +9s88ms
01-01 01:14:02.040   256   367 I FslCameraHAL: ae precapture trigger
01-01 01:14:02.142   256   367 I chatty  : uid=1047(cameraserver) MessageThread identical 3 lines
01-01 01:14:02.176   256   367 I FslCameraHAL: ae precapture trigger
01-01 01:14:02.185  2392  2392 I Choreographer: Skipped 406 frames!  The application may be doing too much work on its main thread.
01-01 01:14:02.211   256   367 I FslCameraHAL: ae precapture trigger
01-01 01:14:02.275   256   367 I chatty  : uid=1047(cameraserver) MessageThread identical 2 lines
01-01 01:14:02.308   256   367 I FslCameraHAL: ae precapture trigger
01-01 01:14:02.331  2392  2410 D vndksupport: Loading /vendor/lib/hw/gralloc.imx7d.so from current namespace instead of sphal namespace.
01-01 01:14:02.453   256   367 I FslCameraHAL: ae precapture trigger
01-01 01:14:02.859   412   430 W ActivityManager: Launch timeout has expired, giving up wake lock!
01-01 01:14:03.541   256   367 I chatty  : uid=1047(cameraserver) MessageThread identical 33 lines
01-01 01:14:03.574   256   367 I FslCameraHAL: ae precapture trigger
01-01 01:14:03.601   412   430 W TelecomManager: Telecom Service not found.
01-01 01:14:03.608   256   367 I FslCameraHAL: ae precapture trigger
01-01 01:14:03.769   412   431 W Looper  : Dispatch took 287ms on android.ui, h=Handler (com.android.server.am.ActivityManagerService$UiHandler) {ef09b73} cb=null msg=53
01-01 01:14:03.841   256   367 I chatty  : uid=1047(cameraserver) MessageThread identical 7 lines
01-01 01:14:03.875   256   367 I FslCameraHAL: ae precapture trigger
01-01 01:14:03.896  1145  1610 I Icing   : Usage reports ok 0, Failed Usage reports 0, indexed 0, rejected 0, imm upload false
01-01 01:14:03.912   256   367 I FslCameraHAL: ae precapture trigger
01-01 01:14:05.044   256   367 I chatty  : uid=1047(cameraserver) MessageThread identical 7 lines
01-01 01:14:05.092   256   367 I FslCameraHAL: ae precapture trigger
01-01 01:14:05.239   248   248 I WifiHAL : Got channel list with 11 channels
01-01 01:14:05.255   248   248 I WifiHAL : Got channel list with 10 channels
01-01 01:14:05.257   248   248 I WifiHAL : Got channel list with 15 channels
01-01 01:14:05.564   256   367 I FslCameraHAL: ae precapture trigger
01-01 01:14:06.349   412   430 I ActivityManager: Waited long enough for: ServiceRecord{8f853c4 u0 com.google.android.gms/.icing.service.IndexWorkerService}
01-01 01:14:06.080   256   367 I chatty  : uid=1047(cameraserver) MessageThread identical 2 lines
01-01 01:14:06.119   256   367 I FslCameraHAL: ae precapture trigger
01-01 01:14:06.516  1145  1610 I Icing   : Indexing 7096ACE3438CEFB49CCEA23123CB104B944CD74D from com.google.android.gms
01-01 01:14:06.591   256   367 I FslCameraHAL: ae precapture trigger
01-01 01:14:08.970   256   367 I chatty  : uid=1047(cameraserver) MessageThread identical 10 lines
01-01 01:14:08.991   256   367 I FslCameraHAL: ae precapture trigger
01-01 01:14:09.338   412   426 D WificondControl: Scan result ready event
01-01 01:14:09.425   412   495 W WifiConfigManager: Looking up network with invalid networkId -1
01-01 01:14:09.485   256   367 I FslCameraHAL: ae precapture trigger
01-01 01:14:09.979   256   367 I chatty  : uid=1047(cameraserver) MessageThread identical 2 lines
01-01 01:14:10.003   256   367 I FslCameraHAL: ae precapture trigger
01-01 01:14:10.528  1145  1156 W zygote  : Suspending all threads took: 19.757ms
01-01 01:14:10.939   256   367 I FslCameraHAL: ae precapture trigger
01-01 01:14:11.431   256   367 I chatty  : uid=1047(cameraserver) MessageThread identical 3 lines
01-01 01:14:11.459   256   367 I FslCameraHAL: ae precapture trigger
01-01 01:14:11.516  1145  1610 I Icing   : Indexing done 7096ACE3438CEFB49CCEA23123CB104B944CD74D
01-01 01:14:11.892   256   367 I FslCameraHAL: ae precapture trigger
01-01 01:14:33.579   256   367 I chatty  : uid=1047(cameraserver) MessageThread identical 117 lines
01-01 01:14:33.974   256   367 I FslCameraHAL: ae precapture trigger
01-01 01:14:33.973  2392  2397 I zygote  : Do partial code cache collection, code=23KB, data=26KB
01-01 01:14:33.988  2392  2397 I zygote  : After code cache collection, code=23KB, data=26KB
01-01 01:14:33.988  2392  2397 I zygote  : Increasing code cache capacity to 128KB
01-01 01:14:33.993   256   367 I FslCameraHAL: ae precapture trigger
01-01 01:15:04.233   256   367 I chatty  : uid=1047(cameraserver) MessageThread identical 143 lines
01-01 01:15:04.253   256   367 I FslCameraHAL: ae precapture trigger
01-01 01:15:04.651  2392  2403 I zygote  : Background concurrent copying GC freed 11828(416KB) AllocSpace objects, 0(0B) LOS objects, 29% free, 1211KB/1723KB, paused 177us total 403.125ms
01-01 01:15:04.676   256   367 I FslCameraHAL: ae precapture trigger
01-01 01:15:05.105   256   367 I chatty  : uid=1047(cameraserver) MessageThread identical 2 lines
01-01 01:15:05.125   256   367 I FslCameraHAL: ae precapture trigger
01-01 01:15:05.146  2392  2397 I zygote  : Do partial code cache collection, code=62KB, data=49KB
01-01 01:15:05.334  2392  2397 I zygote  : After code cache collection, code=62KB, data=49KB
01-01 01:15:05.334  2392  2397 I zygote  : Increasing code cache capacity to 256KB
01-01 01:15:05.513   256   367 I FslCameraHAL: ae precapture trigger
01-01 01:15:18.837   256   367 I chatty  : uid=1047(cameraserver) MessageThread identical 66 lines
01-01 01:15:18.856   256   367 I FslCameraHAL: ae precapture trigger
01-01 01:15:18.861   256  1769 I FslCameraHAL: constructDefaultRequestSettings:0: type=2
01-01 01:15:18.912   255  1645 I audio_hw_primary: start_output_stream... -1340005056, device 2
01-01 01:15:18.912   255  1645 I audio_hw_primary: headphone 0 ,headset 0 ,speaker 2, earpiece 0, 
01-01 01:15:18.915   256   367 I FslCameraHAL: ae precapture trigger
01-01 01:15:18.925   255  1645 W audio_hw_primary: card 1, port 0 device 0x2
01-01 01:15:18.925   255  1645 W audio_hw_primary: rate 48000, channel 2 period_size 0xc0
